Component: ARM Compiler 5.06 update 6 (build 750) Tool: armlink [4d35ed]

==============================================================================

Section Cross References

    system_stm32f10x.o(i.SetSysClock) refers to system_stm32f10x.o(i.SetSysClockTo72) for SetSysClockTo72
    system_stm32f10x.o(i.SystemCoreClockUpdate) refers to system_stm32f10x.o(.data) for SystemCoreClock
    system_stm32f10x.o(i.SystemInit) refers to system_stm32f10x.o(i.SetSysClock) for SetSysClock
    main.o(i.main) refers to delay.o(i.delay_init) for delay_init
    main.o(i.main) refers to bsp_usart.o(i.USART_Config) for USART_Config
    main.o(i.main) refers to bsp_spi_flash.o(i.SPI_FLASH_Init) for SPI_FLASH_Init
    main.o(i.main) refers to delay.o(i.delay_ms) for delay_ms
    main.o(i.main) refers to bsp_spi_flash.o(i.SPI_Flash_WAKEUP) for SPI_Flash_WAKEUP
    main.o(i.main) refers to dma.o(i.MYDMA_Config) for MYDMA_Config
    main.o(i.main) refers to dma.o(i.MYDMA_Config2) for MYDMA_Config2
    main.o(i.main) refers to w25qxx.o(i.W25Qxx_ReadID) for W25Qxx_ReadID
    main.o(i.main) refers to printf5.o(i.__0printf$5) for __2printf
    main.o(i.main) refers to w25qxx.o(i.W25Qxx_SectorErase) for W25Qxx_SectorErase
    main.o(i.main) refers to w25qxx.o(i.W25Qxx_SectorWrite) for W25Qxx_SectorWrite
    main.o(i.main) refers to w25qxx.o(i.W25Qxx_Sector_ReadData) for W25Qxx_Sector_ReadData
    main.o(i.main) refers to bsp_spi_flash.o(i.SPI_FLASH_SectorErase) for SPI_FLASH_SectorErase
    main.o(i.main) refers to bsp_spi_flash.o(i.SPI_FLASH_BufferWrite) for SPI_FLASH_BufferWrite
    main.o(i.main) refers to bsp_spi_flash.o(i.SPI_FLASH_BufferRead) for SPI_FLASH_BufferRead
    main.o(i.main) refers to ff.o(i.f_mount) for f_mount
    main.o(i.main) refers to ff.o(i.f_mkfs) for f_mkfs
    main.o(i.main) refers to ff.o(i.f_open) for f_open
    main.o(i.main) refers to ff.o(i.f_write) for f_write
    main.o(i.main) refers to ff.o(i.f_close) for f_close
    main.o(i.main) refers to ff.o(i.f_read) for f_read
    main.o(i.main) refers to main.o(.bss) for by
    main.o(i.main) refers to w25qxx.o(.data) for W25Qxx_handler
    main.o(i.main) refers to main.o(.data) for a
    startup_stm32f10x_hd.o(RESET) refers to startup_stm32f10x_hd.o(STACK) for __initial_sp
    startup_stm32f10x_hd.o(RESET) refers to startup_stm32f10x_hd.o(.text) for Reset_Handler
    startup_stm32f10x_hd.o(RESET) refers to stm32f10x_it.o(i.NMI_Handler) for NMI_Handler
    startup_stm32f10x_hd.o(RESET) refers to stm32f10x_it.o(i.HardFault_Handler) for HardFault_Handler
    startup_stm32f10x_hd.o(RESET) refers to stm32f10x_it.o(i.MemManage_Handler) for MemManage_Handler
    startup_stm32f10x_hd.o(RESET) refers to stm32f10x_it.o(i.BusFault_Handler) for BusFault_Handler
    startup_stm32f10x_hd.o(RESET) refers to stm32f10x_it.o(i.UsageFault_Handler) for UsageFault_Handler
    startup_stm32f10x_hd.o(RESET) refers to stm32f10x_it.o(i.SVC_Handler) for SVC_Handler
    startup_stm32f10x_hd.o(RESET) refers to stm32f10x_it.o(i.DebugMon_Handler) for DebugMon_Handler
    startup_stm32f10x_hd.o(RESET) refers to stm32f10x_it.o(i.PendSV_Handler) for PendSV_Handler
    startup_stm32f10x_hd.o(RESET) refers to stm32f10x_it.o(i.SysTick_Handler) for SysTick_Handler
    startup_stm32f10x_hd.o(.text) refers to system_stm32f10x.o(i.SystemInit) for SystemInit
    startup_stm32f10x_hd.o(.text) refers to entry.o(.ARM.Collect$$$$00000000) for __main
    stm32f10x_adc.o(i.ADC_DeInit) refers to stm32f10x_rcc.o(i.RCC_APB2PeriphResetCmd) for RCC_APB2PeriphResetCmd
    stm32f10x_bkp.o(i.BKP_DeInit) refers to stm32f10x_rcc.o(i.RCC_BackupResetCmd) for RCC_BackupResetCmd
    stm32f10x_can.o(i.CAN_DeInit) refers to stm32f10x_rcc.o(i.RCC_APB1PeriphResetCmd) for RCC_APB1PeriphResetCmd
    stm32f10x_can.o(i.CAN_GetITStatus) refers to stm32f10x_can.o(i.CheckITStatus) for CheckITStatus
    stm32f10x_cec.o(i.CEC_DeInit) refers to stm32f10x_rcc.o(i.RCC_APB1PeriphResetCmd) for RCC_APB1PeriphResetCmd
    stm32f10x_dac.o(i.DAC_DeInit) refers to stm32f10x_rcc.o(i.RCC_APB1PeriphResetCmd) for RCC_APB1PeriphResetCmd
    stm32f10x_flash.o(i.FLASH_EnableWriteProtection) refers to stm32f10x_flash.o(i.FLASH_WaitForLastOperation) for FLASH_WaitForLastOperation
    stm32f10x_flash.o(i.FLASH_EraseAllBank1Pages) refers to stm32f10x_flash.o(i.FLASH_WaitForLastBank1Operation) for FLASH_WaitForLastBank1Operation
    stm32f10x_flash.o(i.FLASH_EraseAllPages) refers to stm32f10x_flash.o(i.FLASH_WaitForLastOperation) for FLASH_WaitForLastOperation
    stm32f10x_flash.o(i.FLASH_EraseOptionBytes) refers to stm32f10x_flash.o(i.FLASH_GetReadOutProtectionStatus) for FLASH_GetReadOutProtectionStatus
    stm32f10x_flash.o(i.FLASH_EraseOptionBytes) refers to stm32f10x_flash.o(i.FLASH_WaitForLastOperation) for FLASH_WaitForLastOperation
    stm32f10x_flash.o(i.FLASH_ErasePage) refers to stm32f10x_flash.o(i.FLASH_WaitForLastOperation) for FLASH_WaitForLastOperation
[...]
    Removing stm32f10x_dma.o(i.DMA_ITConfig), (18 bytes).
    Removing stm32f10x_dma.o(i.DMA_SetCurrDataCounter), (4 bytes).
    Removing stm32f10x_dma.o(i.DMA_StructInit), (26 bytes).
    Removing stm32f10x_exti.o(i.EXTI_ClearFlag), (12 bytes).
    Removing stm32f10x_exti.o(i.EXTI_ClearITPendingBit), (12 bytes).
    Removing stm32f10x_exti.o(i.EXTI_DeInit), (36 bytes).
    Removing stm32f10x_exti.o(i.EXTI_GenerateSWInterrupt), (16 bytes).
    Removing stm32f10x_exti.o(i.EXTI_GetFlagStatus), (24 bytes).
    Removing stm32f10x_exti.o(i.EXTI_GetITStatus), (40 bytes).
    Removing stm32f10x_exti.o(i.EXTI_Init), (148 bytes).
    Removing stm32f10x_exti.o(i.EXTI_StructInit), (16 bytes).
    Removing stm32f10x_flash.o(i.FLASH_ClearFlag), (12 bytes).
    Removing stm32f10x_flash.o(i.FLASH_EnableWriteProtection), (196 bytes).
    Removing stm32f10x_flash.o(i.FLASH_EraseAllBank1Pages), (72 bytes).
    Removing stm32f10x_flash.o(i.FLASH_EraseAllPages), (72 bytes).
    Removing stm32f10x_flash.o(i.FLASH_EraseOptionBytes), (168 bytes).
    Removing stm32f10x_flash.o(i.FLASH_ErasePage), (76 bytes).
    Removing stm32f10x_flash.o(i.FLASH_GetBank1Status), (52 bytes).
    Removing stm32f10x_flash.o(i.FLASH_GetFlagStatus), (48 bytes).
    Removing stm32f10x_flash.o(i.FLASH_GetPrefetchBufferStatus), (24 bytes).
    Removing stm32f10x_flash.o(i.FLASH_GetReadOutProtectionStatus), (24 bytes).
    Removing stm32f10x_flash.o(i.FLASH_GetStatus), (52 bytes).
    Removing stm32f10x_flash.o(i.FLASH_GetUserOptionByte), (12 bytes).
    Removing stm32f10x_flash.o(i.FLASH_GetWriteProtectionOptionByte), (12 bytes).
    Removing stm32f10x_flash.o(i.FLASH_HalfCycleAccessCmd), (28 bytes).
    Removing stm32f10x_flash.o(i.FLASH_ITConfig), (32 bytes).
    Removing stm32f10x_flash.o(i.FLASH_Lock), (20 bytes).
    Removing stm32f10x_flash.o(i.FLASH_LockBank1), (20 bytes).
    Removing stm32f10x_flash.o(i.FLASH_PrefetchBufferCmd), (28 bytes).
    Removing stm32f10x_flash.o(i.FLASH_ProgramHalfWord), (64 bytes).
    Removing stm32f10x_flash.o(i.FLASH_ProgramOptionByteData), (84 bytes).
    Removing stm32f10x_flash.o(i.FLASH_ProgramWord), (108 bytes).
    Removing stm32f10x_flash.o(i.FLASH_ReadOutProtection), (172 bytes).
    Removing stm32f10x_flash.o(i.FLASH_SetLatency), (24 bytes).
    Removing stm32f10x_flash.o(i.FLASH_Unlock), (24 bytes).
    Removing stm32f10x_flash.o(i.FLASH_UnlockBank1), (24 bytes).
    Removing stm32f10x_flash.o(i.FLASH_UserOptionByteConfig), (104 bytes).
    Removing stm32f10x_flash.o(i.FLASH_WaitForLastBank1Operation), (38 bytes).
    Removing stm32f10x_flash.o(i.FLASH_WaitForLastOperation), (38 bytes).
    Removing stm32f10x_fsmc.o(i.FSMC_ClearFlag), (64 bytes).
    Removing stm32f10x_fsmc.o(i.FSMC_ClearITPendingBit), (72 bytes).
    Removing stm32f10x_fsmc.o(i.FSMC_GetECC), (28 bytes).
    Removing stm32f10x_fsmc.o(i.FSMC_GetFlagStatus), (56 bytes).
    Removing stm32f10x_fsmc.o(i.FSMC_GetITStatus), (68 bytes).
    Removing stm32f10x_fsmc.o(i.FSMC_ITConfig), (128 bytes).
    Removing stm32f10x_fsmc.o(i.FSMC_NANDCmd), (92 bytes).
    Removing stm32f10x_fsmc.o(i.FSMC_NANDDeInit), (68 bytes).
    Removing stm32f10x_fsmc.o(i.FSMC_NANDECCCmd), (92 bytes).
    Removing stm32f10x_fsmc.o(i.FSMC_NANDInit), (136 bytes).
    Removing stm32f10x_fsmc.o(i.FSMC_NANDStructInit), (54 bytes).
    Removing stm32f10x_fsmc.o(i.FSMC_NORSRAMCmd), (52 bytes).
    Removing stm32f10x_fsmc.o(i.FSMC_NORSRAMDeInit), (54 bytes).
    Removing stm32f10x_fsmc.o(i.FSMC_NORSRAMInit), (230 bytes).
    Removing stm32f10x_fsmc.o(i.FSMC_NORSRAMStructInit), (114 bytes).
    Removing stm32f10x_fsmc.o(i.FSMC_PCCARDCmd), (48 bytes).
    Removing stm32f10x_fsmc.o(i.FSMC_PCCARDDeInit), (40 bytes).
    Removing stm32f10x_fsmc.o(i.FSMC_PCCARDInit), (132 bytes).
    Removing stm32f10x_fsmc.o(i.FSMC_PCCARDStructInit), (60 bytes).
    Removing stm32f10x_gpio.o(i.GPIO_AFIODeInit), (20 bytes).
    Removing stm32f10x_gpio.o(i.GPIO_DeInit), (200 bytes).
    Removing stm32f10x_gpio.o(i.GPIO_ETH_MediaInterfaceConfig), (12 bytes).
    Removing stm32f10x_gpio.o(i.GPIO_EXTILineConfig), (64 bytes).
    Removing stm32f10x_gpio.o(i.GPIO_EventOutputCmd), (12 bytes).
    Removing stm32f10x_gpio.o(i.GPIO_EventOutputConfig), (32 bytes).
    Removing stm32f10x_gpio.o(i.GPIO_PinLockConfig), (18 bytes).
    Removing stm32f10x_gpio.o(i.GPIO_PinRemapConfig), (144 bytes).
    Removing stm32f10x_gpio.o(i.GPIO_ReadInputData), (8 bytes).
    Removing stm32f10x_gpio.o(i.GPIO_ReadInputDataBit), (18 bytes).
    Removing stm32f10x_gpio.o(i.GPIO_ReadOutputData), (8 bytes).
    Removing stm32f10x_gpio.o(i.GPIO_ReadOutputDataBit), (18 bytes).
    Removing stm32f10x_gpio.o(i.GPIO_StructInit), (16 bytes).
    Removing stm32f10x_gpio.o(i.GPIO_Write), (4 bytes).
    Removing stm32f10x_gpio.o(i.GPIO_WriteBit), (10 bytes).
    Removing stm32f10x_i2c.o(i.I2C_ARPCmd), (24 bytes).
    Removing stm32f10x_i2c.o(i.I2C_AcknowledgeConfig), (24 bytes).
    Removing stm32f10x_i2c.o(i.I2C_CalculatePEC), (24 bytes).
    Removing stm32f10x_i2c.o(i.I2C_CheckEvent), (42 bytes).
    Removing stm32f10x_i2c.o(i.I2C_ClearFlag), (12 bytes).
    Removing stm32f10x_i2c.o(i.I2C_ClearITPendingBit), (12 bytes).
    Removing stm32f10x_i2c.o(i.I2C_Cmd), (24 bytes).
    Removing stm32f10x_i2c.o(i.I2C_DMACmd), (24 bytes).
    Removing stm32f10x_i2c.o(i.I2C_DMALastTransferCmd), (24 bytes).
    Removing stm32f10x_i2c.o(i.I2C_DeInit), (56 bytes).
    Removing stm32f10x_i2c.o(i.I2C_DualAddressCmd), (24 bytes).
    Removing stm32f10x_i2c.o(i.I2C_FastModeDutyCycleConfig), (28 bytes).
    Removing stm32f10x_i2c.o(i.I2C_GeneralCallCmd), (24 bytes).
    Removing stm32f10x_i2c.o(i.I2C_GenerateSTART), (24 bytes).
    Removing stm32f10x_i2c.o(i.I2C_GenerateSTOP), (24 bytes).
    Removing stm32f10x_i2c.o(i.I2C_GetFlagStatus), (58 bytes).
    Removing stm32f10x_i2c.o(i.I2C_GetITStatus), (38 bytes).
    Removing stm32f10x_i2c.o(i.I2C_GetLastEvent), (26 bytes).
    Removing stm32f10x_i2c.o(i.I2C_GetPEC), (8 bytes).
    Removing stm32f10x_i2c.o(i.I2C_ITConfig), (18 bytes).
    Removing stm32f10x_i2c.o(i.I2C_Init), (236 bytes).
    Removing stm32f10x_i2c.o(i.I2C_NACKPositionConfig), (28 bytes).
    Removing stm32f10x_i2c.o(i.I2C_OwnAddress2Config), (22 bytes).
    Removing stm32f10x_i2c.o(i.I2C_PECPositionConfig), (28 bytes).
    Removing stm32f10x_i2c.o(i.I2C_ReadRegister), (22 bytes).
    Removing stm32f10x_i2c.o(i.I2C_ReceiveData), (8 bytes).
    Removing stm32f10x_i2c.o(i.I2C_SMBusAlertConfig), (28 bytes).
    Removing stm32f10x_i2c.o(i.I2C_Send7bitAddress), (18 bytes).
    Removing stm32f10x_i2c.o(i.I2C_SendData), (4 bytes).
    Removing stm32f10x_i2c.o(i.I2C_SoftwareResetCmd), (22 bytes).
    Removing stm32f10x_i2c.o(i.I2C_StretchClockCmd), (24 bytes).
    Removing stm32f10x_i2c.o(i.I2C_StructInit), (30 bytes).
    Removing stm32f10x_i2c.o(i.I2C_TransmitPEC), (24 bytes).
    Removing stm32f10x_iwdg.o(i.IWDG_Enable), (16 bytes).
    Removing stm32f10x_iwdg.o(i.IWDG_GetFlagStatus), (24 bytes).
    Removing stm32f10x_iwdg.o(i.IWDG_ReloadCounter), (16 bytes).
    Removing stm32f10x_iwdg.o(i.IWDG_SetPrescaler), (12 bytes).
    Removing stm32f10x_iwdg.o(i.IWDG_SetReload), (12 bytes).
    Removing stm32f10x_iwdg.o(i.IWDG_WriteAccessCmd), (12 bytes).
    Removing stm32f10x_pwr.o(i.PWR_BackupAccessCmd), (12 bytes).
    Removing stm32f10x_pwr.o(i.PWR_ClearFlag), (20 bytes).
    Removing stm32f10x_pwr.o(i.PWR_DeInit), (22 bytes).
    Removing stm32f10x_pwr.o(i.PWR_EnterSTANDBYMode), (52 bytes).
    Removing stm32f10x_pwr.o(i.PWR_EnterSTOPMode), (64 bytes).
    Removing stm32f10x_pwr.o(i.PWR_GetFlagStatus), (24 bytes).
    Removing stm32f10x_pwr.o(i.PWR_PVDCmd), (12 bytes).
    Removing stm32f10x_pwr.o(i.PWR_PVDLevelConfig), (24 bytes).
    Removing stm32f10x_pwr.o(i.PWR_WakeUpPinCmd), (12 bytes).
    Removing stm32f10x_rcc.o(i.RCC_ADCCLKConfig), (24 bytes).
    Removing stm32f10x_rcc.o(i.RCC_APB1PeriphClockCmd), (32 bytes).
    Removing stm32f10x_rcc.o(i.RCC_APB1PeriphResetCmd), (32 bytes).
    Removing stm32f10x_rcc.o(i.RCC_APB2PeriphResetCmd), (32 bytes).
    Removing stm32f10x_rcc.o(i.RCC_AdjustHSICalibrationValue), (24 bytes).
    Removing stm32f10x_rcc.o(i.RCC_BackupResetCmd), (12 bytes).
    Removing stm32f10x_rcc.o(i.RCC_ClearFlag), (20 bytes).
    Removing stm32f10x_rcc.o(i.RCC_ClearITPendingBit), (12 bytes).
    Removing stm32f10x_rcc.o(i.RCC_ClockSecuritySystemCmd), (12 bytes).
    Removing stm32f10x_rcc.o(i.RCC_DeInit), (76 bytes).
    Removing stm32f10x_rcc.o(i.RCC_GetFlagStatus), (60 bytes).
    Removing stm32f10x_rcc.o(i.RCC_GetITStatus), (24 bytes).
    Removing stm32f10x_rcc.o(i.RCC_GetSYSCLKSource), (16 bytes).
    Removing stm32f10x_rcc.o(i.RCC_HCLKConfig), (24 bytes).
    Removing stm32f10x_rcc.o(i.RCC_HSEConfig), (76 bytes).
    Removing stm32f10x_rcc.o(i.RCC_HSICmd), (12 bytes).
    Removing stm32f10x_rcc.o(i.RCC_ITConfig), (32 bytes).
    Removing stm32f10x_rcc.o(i.RCC_LSEConfig), (52 bytes).
    Removing stm32f10x_rcc.o(i.RCC_LSICmd), (12 bytes).
    Removing stm32f10x_rcc.o(i.RCC_MCOConfig), (12 bytes).
    Removing stm32f10x_rcc.o(i.RCC_PCLK1Config), (24 bytes).
    Removing stm32f10x_rcc.o(i.RCC_PCLK2Config), (24 bytes).
    Removing stm32f10x_rcc.o(i.RCC_PLLCmd), (12 bytes).
    Removing stm32f10x_rcc.o(i.RCC_PLLConfig), (28 bytes).
    Removing stm32f10x_rcc.o(i.RCC_RTCCLKCmd), (12 bytes).
    Removing stm32f10x_rcc.o(i.RCC_RTCCLKConfig), (16 bytes).
    Removing stm32f10x_rcc.o(i.RCC_SYSCLKConfig), (24 bytes).
    Removing stm32f10x_rcc.o(i.RCC_USBCLKConfig), (12 bytes).
    Removing stm32f10x_rcc.o(i.RCC_WaitForHSEStartUp), (56 bytes).
    Removing stm32f10x_rtc.o(i.RTC_ClearFlag), (16 bytes).
    Removing stm32f10x_rtc.o(i.RTC_ClearITPendingBit), (16 bytes).
    Removing stm32f10x_rtc.o(i.RTC_EnterConfigMode), (20 bytes).
    Removing stm32f10x_rtc.o(i.RTC_ExitConfigMode), (20 bytes).
    Removing stm32f10x_rtc.o(i.RTC_GetCounter), (20 bytes).
    Removing stm32f10x_rtc.o(i.RTC_GetDivider), (24 bytes).
    Removing stm32f10x_rtc.o(i.RTC_GetFlagStatus), (24 bytes).
    Removing stm32f10x_rtc.o(i.RTC_GetITStatus), (36 bytes).
    Removing stm32f10x_rtc.o(i.RTC_ITConfig), (32 bytes).
    Removing stm32f10x_rtc.o(i.RTC_SetAlarm), (28 bytes).
    Removing stm32f10x_rtc.o(i.RTC_SetCounter), (28 bytes).
    Removing stm32f10x_rtc.o(i.RTC_SetPrescaler), (32 bytes).
    Removing stm32f10x_rtc.o(i.RTC_WaitForLastTask), (20 bytes).
    Removing stm32f10x_rtc.o(i.RTC_WaitForSynchro), (36 bytes).
    Removing stm32f10x_sdio.o(i.SDIO_CEATAITCmd), (16 bytes).
    Removing stm32f10x_sdio.o(i.SDIO_ClearFlag), (12 bytes).
    Removing stm32f10x_sdio.o(i.SDIO_ClearITPendingBit), (12 bytes).
    Removing stm32f10x_sdio.o(i.SDIO_ClockCmd), (12 bytes).
    Removing stm32f10x_sdio.o(i.SDIO_CmdStructInit), (14 bytes).
    Removing stm32f10x_sdio.o(i.SDIO_CommandCompletionCmd), (12 bytes).
    Removing stm32f10x_sdio.o(i.SDIO_DMACmd), (12 bytes).
    Removing stm32f10x_sdio.o(i.SDIO_DataConfig), (48 bytes).
    Removing stm32f10x_sdio.o(i.SDIO_DataStructInit), (20 bytes).
    Removing stm32f10x_sdio.o(i.SDIO_DeInit), (36 bytes).
    Removing stm32f10x_sdio.o(i.SDIO_GetCommandResponse), (12 bytes).
    Removing stm32f10x_sdio.o(i.SDIO_GetDataCounter), (12 bytes).
    Removing stm32f10x_sdio.o(i.SDIO_GetFIFOCount), (12 bytes).
    Removing stm32f10x_sdio.o(i.SDIO_GetFlagStatus), (24 bytes).
    Removing stm32f10x_sdio.o(i.SDIO_GetITStatus), (24 bytes).
    Removing stm32f10x_sdio.o(i.SDIO_GetPowerState), (16 bytes).
    Removing stm32f10x_sdio.o(i.SDIO_GetResponse), (24 bytes).
    Removing stm32f10x_sdio.o(i.SDIO_ITConfig), (32 bytes).
    Removing stm32f10x_sdio.o(i.SDIO_Init), (48 bytes).
    Removing stm32f10x_sdio.o(i.SDIO_ReadData), (12 bytes).
    Removing stm32f10x_sdio.o(i.SDIO_SendCEATACmd), (12 bytes).
    Removing stm32f10x_sdio.o(i.SDIO_SendCommand), (44 bytes).
    Removing stm32f10x_sdio.o(i.SDIO_SendSDIOSuspendCmd), (12 bytes).
    Removing stm32f10x_sdio.o(i.SDIO_SetPowerState), (28 bytes).
    Removing stm32f10x_sdio.o(i.SDIO_SetSDIOOperation), (12 bytes).
    Removing stm32f10x_sdio.o(i.SDIO_SetSDIOReadWaitMode), (12 bytes).
    Removing stm32f10x_sdio.o(i.SDIO_StartSDIOReadWait), (12 bytes).
    Removing stm32f10x_sdio.o(i.SDIO_StopSDIOReadWait), (12 bytes).
    Removing stm32f10x_sdio.o(i.SDIO_StructInit), (16 bytes).
    Removing stm32f10x_sdio.o(i.SDIO_WriteData), (12 bytes).
    Removing stm32f10x_spi.o(i.I2S_Cmd), (24 bytes).
    Removing stm32f10x_spi.o(i.I2S_Init), (232 bytes).
    Removing stm32f10x_spi.o(i.I2S_StructInit), (20 bytes).
    Removing stm32f10x_spi.o(i.SPI_BiDirectionalLineConfig), (28 bytes).
    Removing stm32f10x_spi.o(i.SPI_CalculateCRC), (24 bytes).
    Removing stm32f10x_spi.o(i.SPI_DataSizeConfig), (18 bytes).
    Removing stm32f10x_spi.o(i.SPI_GetCRC), (16 bytes).
    Removing stm32f10x_spi.o(i.SPI_GetCRCPolynomial), (6 bytes).
    Removing stm32f10x_spi.o(i.SPI_I2S_ClearFlag), (6 bytes).
    Removing stm32f10x_spi.o(i.SPI_I2S_ClearITPendingBit), (20 bytes).
    Removing stm32f10x_spi.o(i.SPI_I2S_DeInit), (88 bytes).
    Removing stm32f10x_spi.o(i.SPI_I2S_GetITStatus), (52 bytes).
    Removing stm32f10x_spi.o(i.SPI_I2S_ITConfig), (32 bytes).
    Removing stm32f10x_spi.o(i.SPI_NSSInternalSoftwareConfig), (30 bytes).
    Removing stm32f10x_spi.o(i.SPI_SSOutputCmd), (24 bytes).
    Removing stm32f10x_spi.o(i.SPI_StructInit), (24 bytes).
    Removing stm32f10x_spi.o(i.SPI_TransmitCRC), (10 bytes).
    Removing stm32f10x_tim.o(i.TI1_Config), (128 bytes).
    Removing stm32f10x_tim.o(i.TI2_Config), (152 bytes).
    Removing stm32f10x_tim.o(i.TI3_Config), (144 bytes).
    Removing stm32f10x_tim.o(i.TI4_Config), (152 bytes).
    Removing stm32f10x_tim.o(i.TIM_ARRPreloadConfig), (24 bytes).
    Removing stm32f10x_tim.o(i.TIM_BDTRConfig), (32 bytes).
    Removing stm32f10x_tim.o(i.TIM_BDTRStructInit), (18 bytes).
    Removing stm32f10x_tim.o(i.TIM_CCPreloadControl), (24 bytes).
    Removing stm32f10x_tim.o(i.TIM_CCxCmd), (30 bytes).
    Removing stm32f10x_tim.o(i.TIM_CCxNCmd), (30 bytes).
    Removing stm32f10x_tim.o(i.TIM_ClearFlag), (6 bytes).
    Removing stm32f10x_tim.o(i.TIM_ClearITPendingBit), (6 bytes).
    Removing stm32f10x_tim.o(i.TIM_ClearOC1Ref), (18 bytes).
    Removing stm32f10x_tim.o(i.TIM_ClearOC2Ref), (24 bytes).
    Removing stm32f10x_tim.o(i.TIM_ClearOC3Ref), (18 bytes).
    Removing stm32f10x_tim.o(i.TIM_ClearOC4Ref), (24 bytes).
    Removing stm32f10x_tim.o(i.TIM_Cmd), (24 bytes).
    Removing stm32f10x_tim.o(i.TIM_CounterModeConfig), (18 bytes).
    Removing stm32f10x_tim.o(i.TIM_CtrlPWMOutputs), (30 bytes).
    Removing stm32f10x_tim.o(i.TIM_DMACmd), (18 bytes).
    Removing stm32f10x_tim.o(i.TIM_DMAConfig), (10 bytes).
    Removing stm32f10x_tim.o(i.TIM_DeInit), (488 bytes).
    Removing stm32f10x_tim.o(i.TIM_ETRClockMode1Config), (54 bytes).
    Removing stm32f10x_tim.o(i.TIM_ETRClockMode2Config), (32 bytes).
    Removing stm32f10x_tim.o(i.TIM_ETRConfig), (28 bytes).
    Removing stm32f10x_tim.o(i.TIM_EncoderInterfaceConfig), (66 bytes).
    Removing stm32f10x_tim.o(i.TIM_ForcedOC1Config), (18 bytes).
    Removing stm32f10x_tim.o(i.TIM_ForcedOC2Config), (26 bytes).
    Removing stm32f10x_tim.o(i.TIM_ForcedOC3Config), (18 bytes).
    Removing stm32f10x_tim.o(i.TIM_ForcedOC4Config), (26 bytes).
    Removing stm32f10x_tim.o(i.TIM_GenerateEvent), (4 bytes).
    Removing stm32f10x_tim.o(i.TIM_GetCapture1), (6 bytes).
    Removing stm32f10x_tim.o(i.TIM_GetCapture2), (6 bytes).
    Removing stm32f10x_tim.o(i.TIM_GetCapture3), (6 bytes).
    Removing stm32f10x_tim.o(i.TIM_GetCapture4), (8 bytes).
    Removing stm32f10x_tim.o(i.TIM_GetCounter), (6 bytes).
    Removing stm32f10x_tim.o(i.TIM_GetFlagStatus), (18 bytes).
    Removing stm32f10x_tim.o(i.TIM_GetITStatus), (34 bytes).
    Removing stm32f10x_tim.o(i.TIM_GetPrescaler), (6 bytes).
    Removing stm32f10x_tim.o(i.TIM_ICInit), (172 bytes).
    Removing stm32f10x_tim.o(i.TIM_ICStructInit), (18 bytes).
    Removing stm32f10x_tim.o(i.TIM_ITConfig), (18 bytes).
    Removing stm32f10x_tim.o(i.TIM_ITRxExternalClockConfig), (24 bytes).
    Removing stm32f10x_tim.o(i.TIM_InternalClockConfig), (12 bytes).
    Removing stm32f10x_tim.o(i.TIM_OC1FastConfig), (18 bytes).
    Removing stm32f10x_tim.o(i.TIM_OC1Init), (152 bytes).
    Removing stm32f10x_tim.o(i.TIM_OC1NPolarityConfig), (18 bytes).
    Removing stm32f10x_tim.o(i.TIM_OC1PolarityConfig), (18 bytes).
    Removing stm32f10x_tim.o(i.TIM_OC1PreloadConfig), (18 bytes).
    Removing stm32f10x_tim.o(i.TIM_OC2FastConfig), (26 bytes).
    Removing stm32f10x_tim.o(i.TIM_OC2Init), (164 bytes).
    Removing stm32f10x_tim.o(i.TIM_OC2NPolarityConfig), (26 bytes).
    Removing stm32f10x_tim.o(i.TIM_OC2PolarityConfig), (26 bytes).
    Removing stm32f10x_tim.o(i.TIM_OC2PreloadConfig), (26 bytes).
    Removing stm32f10x_tim.o(i.TIM_OC3FastConfig), (18 bytes).
    Removing stm32f10x_tim.o(i.TIM_OC3Init), (160 bytes).
    Removing stm32f10x_tim.o(i.TIM_OC3NPolarityConfig), (26 bytes).
    Removing stm32f10x_tim.o(i.TIM_OC3PolarityConfig), (26 bytes).
    Removing stm32f10x_tim.o(i.TIM_OC3PreloadConfig), (18 bytes).
    Removing stm32f10x_tim.o(i.TIM_OC4FastConfig), (26 bytes).
    Removing stm32f10x_tim.o(i.TIM_OC4Init), (124 bytes).
    Removing stm32f10x_tim.o(i.TIM_OC4PolarityConfig), (26 bytes).
    Removing stm32f10x_tim.o(i.TIM_OC4PreloadConfig), (26 bytes).
    Removing stm32f10x_tim.o(i.TIM_OCStructInit), (20 bytes).
    Removing stm32f10x_tim.o(i.TIM_PWMIConfig), (124 bytes).
    Removing stm32f10x_tim.o(i.TIM_PrescalerConfig), (6 bytes).
    Removing stm32f10x_tim.o(i.TIM_SelectCCDMA), (24 bytes).
    Removing stm32f10x_tim.o(i.TIM_SelectCOM), (24 bytes).
    Removing stm32f10x_tim.o(i.TIM_SelectHallSensor), (24 bytes).
    Removing stm32f10x_tim.o(i.TIM_SelectInputTrigger), (18 bytes).
    Removing stm32f10x_tim.o(i.TIM_SelectMasterSlaveMode), (18 bytes).
    Removing stm32f10x_tim.o(i.TIM_SelectOCxM), (82 bytes).
    Removing stm32f10x_tim.o(i.TIM_SelectOnePulseMode), (18 bytes).
    Removing stm32f10x_tim.o(i.TIM_SelectOutputTrigger), (18 bytes).
    Removing stm32f10x_tim.o(i.TIM_SelectSlaveMode), (18 bytes).
    Removing stm32f10x_tim.o(i.TIM_SetAutoreload), (4 bytes).
    Removing stm32f10x_tim.o(i.TIM_SetClockDivision), (18 bytes).
    Removing stm32f10x_tim.o(i.TIM_SetCompare1), (4 bytes).
    Removing stm32f10x_tim.o(i.TIM_SetCompare2), (4 bytes).
    Removing stm32f10x_tim.o(i.TIM_SetCompare3), (4 bytes).
    Removing stm32f10x_tim.o(i.TIM_SetCompare4), (6 bytes).
    Removing stm32f10x_tim.o(i.TIM_SetCounter), (4 bytes).
    Removing stm32f10x_tim.o(i.TIM_SetIC1Prescaler), (18 bytes).
    Removing stm32f10x_tim.o(i.TIM_SetIC2Prescaler), (26 bytes).
    Removing stm32f10x_tim.o(i.TIM_SetIC3Prescaler), (18 bytes).
    Removing stm32f10x_tim.o(i.TIM_SetIC4Prescaler), (26 bytes).
    Removing stm32f10x_tim.o(i.TIM_TIxExternalClockConfig), (62 bytes).
    Removing stm32f10x_tim.o(i.TIM_TimeBaseInit), (164 bytes).
    Removing stm32f10x_tim.o(i.TIM_TimeBaseStructInit), (18 bytes).
    Removing stm32f10x_tim.o(i.TIM_UpdateDisableConfig), (24 bytes).
    Removing stm32f10x_tim.o(i.TIM_UpdateRequestConfig), (24 bytes).
    Removing stm32f10x_usart.o(i.USART_ClearFlag), (18 bytes).
    Removing stm32f10x_usart.o(i.USART_ClearITPendingBit), (30 bytes).
    Removing stm32f10x_usart.o(i.USART_ClockInit), (34 bytes).
    Removing stm32f10x_usart.o(i.USART_ClockStructInit), (12 bytes).
    Removing stm32f10x_usart.o(i.USART_DMACmd), (18 bytes).
    Removing stm32f10x_usart.o(i.USART_DeInit), (156 bytes).
    Removing stm32f10x_usart.o(i.USART_GetITStatus), (84 bytes).
    Removing stm32f10x_usart.o(i.USART_HalfDuplexCmd), (24 bytes).
    Removing stm32f10x_usart.o(i.USART_IrDACmd), (24 bytes).
    Removing stm32f10x_usart.o(i.USART_IrDAConfig), (18 bytes).
    Removing stm32f10x_usart.o(i.USART_LINBreakDetectLengthConfig), (18 bytes).
    Removing stm32f10x_usart.o(i.USART_LINCmd), (24 bytes).
    Removing stm32f10x_usart.o(i.USART_OneBitMethodCmd), (24 bytes).
    Removing stm32f10x_usart.o(i.USART_OverSampling8Cmd), (22 bytes).
    Removing stm32f10x_usart.o(i.USART_ReceiveData), (10 bytes).
    Removing stm32f10x_usart.o(i.USART_ReceiverWakeUpCmd), (24 bytes).
    Removing stm32f10x_usart.o(i.USART_SendBreak), (10 bytes).
    Removing stm32f10x_usart.o(i.USART_SetAddress), (18 bytes).
    Removing stm32f10x_usart.o(i.USART_SetGuardTime), (16 bytes).
    Removing stm32f10x_usart.o(i.USART_SetPrescaler), (16 bytes).
    Removing stm32f10x_usart.o(i.USART_SmartCardCmd), (24 bytes).
    Removing stm32f10x_usart.o(i.USART_SmartCardNACKCmd), (24 bytes).
    Removing stm32f10x_usart.o(i.USART_StructInit), (24 bytes).
    Removing stm32f10x_usart.o(i.USART_WakeUpConfig), (18 bytes).
    Removing stm32f10x_wwdg.o(i.WWDG_ClearFlag), (12 bytes).
    Removing stm32f10x_wwdg.o(i.WWDG_DeInit), (22 bytes).
    Removing stm32f10x_wwdg.o(i.WWDG_Enable), (16 bytes).
    Removing stm32f10x_wwdg.o(i.WWDG_EnableIT), (12 bytes).
    Removing stm32f10x_wwdg.o(i.WWDG_GetFlagStatus), (12 bytes).
    Removing stm32f10x_wwdg.o(i.WWDG_SetCounter), (16 bytes).
    Removing stm32f10x_wwdg.o(i.WWDG_SetPrescaler), (24 bytes).
    Removing stm32f10x_wwdg.o(i.WWDG_SetWindowValue), (40 bytes).
    Removing delay.o(i.delay_us), (76 bytes).
    Removing sys.o(i.NVIC_Configuration), (12 bytes).
    Removing bsp_usart.o(i.Usart_SendByte), (30 bytes).
    Removing bsp_usart.o(i.Usart_SendHalfWord), (60 bytes).
    Removing bsp_usart.o(i.Usart_SendString), (42 bytes).
    Removing bsp_usart.o(i.fgetc), (32 bytes).
    Removing bsp_spi_flash.o(i.SPI_FLASH_BulkErase), (40 bytes).
    Removing bsp_spi_flash.o(i.SPI_FLASH_ReadByte), (10 bytes).
    Removing bsp_spi_flash.o(i.SPI_FLASH_ReadDeviceID), (60 bytes).
    Removing bsp_spi_flash.o(i.SPI_FLASH_SendHalfWord), (52 bytes).
    Removing bsp_spi_flash.o(i.SPI_FLASH_StartReadSequence), (48 bytes).
    Removing bsp_spi_flash.o(i.SPI_Flash_PowerDown), (32 bytes).
    Removing bsp_spi_flash.o(.data), (2 bytes).
    Removing bsp_led.o(i.LED_GPIO_Config), (96 bytes).
    Removing bsp_led.o(i.assert_failed), (12 bytes).
    Removing dma.o(i.MYDMA_Config1), (88 bytes).
    Removing dma.o(i.MYDMA_Enable), (40 bytes).
    Removing ff.o(i.dir_read), (114 bytes).
    Removing ff.o(i.dir_remove), (54 bytes).
    Removing ff.o(i.f_chmod), (84 bytes).
    Removing ff.o(i.f_closedir), (22 bytes).
    Removing ff.o(i.f_getfree), (258 bytes).
    Removing ff.o(i.f_getlabel), (190 bytes).
    Removing ff.o(i.f_gets), (86 bytes).
    Removing ff.o(i.f_lseek), (410 bytes).
    Removing ff.o(i.f_mkdir), (352 bytes).
    Removing ff.o(i.f_opendir), (110 bytes).
    Removing ff.o(i.f_printf), (628 bytes).
    Removing ff.o(i.f_putc), (64 bytes).
    Removing ff.o(i.f_puts), (74 bytes).
    Removing ff.o(i.f_readdir), (88 bytes).
    Removing ff.o(i.f_rename), (258 bytes).
    Removing ff.o(i.f_setlabel), (480 bytes).
    Removing ff.o(i.f_stat), (60 bytes).
    Removing ff.o(i.f_truncate), (184 bytes).
    Removing ff.o(i.f_unlink), (170 bytes).
    Removing ff.o(i.f_utime), (86 bytes).
    Removing ff.o(i.get_fileinfo), (112 bytes).
    Removing ff.o(i.putc_bfd), (78 bytes).
    Removing w25qxx.o(i.User_W25Qxx_Init), (16 bytes).
    Removing w25qxx.o(i.W25Qx_Read_Font), (144 bytes).
    Removing w25qxx.o(i.W25Qxx_BlockErase), (68 bytes).
    Removing w25qxx.o(i.W25Qxx_ChipErase), (72 bytes).
    Removing dadd.o(.text), (334 bytes).
    Removing dmul.o(.text), (228 bytes).
    Removing ddiv.o(.text), (222 bytes).
    Removing dfixul.o(.text), (48 bytes).
    Removing cdrcmple.o(.text), (48 bytes).
    Removing depilogue.o(.text), (186 bytes).

500 unused section(s) (total 24288 bytes) removed from the image.

==============================================================================

Image Symbol Table

    Local Symbols

    Symbol Name                              Value     Ov Type        Size  Object(Section)

    ../clib/microlib/division.c              0x00000000   Number         0  uldiv.o ABSOLUTE
    ../clib/microlib/division.c              0x00000000   Number         0  uidiv.o ABSOLUTE
    ../clib/microlib/init/entry.s            0x00000000   Number         0  entry11b.o ABSOLUTE
    ../clib/microlib/init/entry.s            0x00000000   Number         0  entry7b.o ABSOLUTE
    ../clib/microlib/init/entry.s            0x00000000   Number         0  entry8a.o ABSOLUTE
    ../clib/microlib/init/entry.s            0x00000000   Number         0  entry8b.o ABSOLUTE
    ../clib/microlib/init/entry.s            0x00000000   Number         0  entry2.o ABSOLUTE
    ../clib/microlib/init/entry.s            0x00000000   Number         0  entry5.o ABSOLUTE
    ../clib/microlib/init/entry.s            0x00000000   Number         0  entry9a.o ABSOLUTE
    ../clib/microlib/init/entry.s            0x00000000   Number         0  entry7a.o ABSOLUTE
    ../clib/microlib/init/entry.s            0x00000000   Number         0  entry.o ABSOLUTE
    ../clib/microlib/init/entry.s            0x00000000   Number         0  entry9b.o ABSOLUTE
    ../clib/microlib/init/entry.s            0x00000000   Number         0  entry10a.o ABSOLUTE
    ../clib/microlib/init/entry.s            0x00000000   Number         0  entry11a.o ABSOLUTE
    ../clib/microlib/init/entry.s            0x00000000   Number         0  entry10b.o ABSOLUTE
    ../clib/microlib/longlong.c              0x00000000   Number         0  llsshr.o ABSOLUTE
    ../clib/microlib/longlong.c              0x00000000   Number         0  llshl.o ABSOLUTE
    ../clib/microlib/longlong.c              0x00000000   Number         0  llushr.o ABSOLUTE
    ../clib/microlib/printf/printf.c         0x00000000   Number         0  printf2.o ABSOLUTE
    ../clib/microlib/printf/printf.c         0x00000000   Number         0  printf3.o ABSOLUTE
    ../clib/microlib/printf/printf.c         0x00000000   Number         0  printf8.o ABSOLUTE
    ../clib/microlib/printf/printf.c         0x00000000   Number         0  printf5.o ABSOLUTE
    ../clib/microlib/printf/printf.c         0x00000000   Number         0  printf6.o ABSOLUTE
    ../clib/microlib/printf/printf.c         0x00000000   Number         0  printfb.o ABSOLUTE
    ../clib/microlib/printf/printf.c         0x00000000   Number         0  printfa.o ABSOLUTE
    ../clib/microlib/printf/printf.c         0x00000000   Number         0  printf4.o ABSOLUTE
    ../clib/microlib/printf/printf.c         0x00000000   Number         0  printf1.o ABSOLUTE
    ../clib/microlib/printf/printf.c         0x00000000   Number         0  printf0.o ABSOLUTE
    ../clib/microlib/printf/printf.c         0x00000000   Number         0  printf7.o ABSOLUTE
    ../clib/microlib/printf/stubs.s          0x00000000   Number         0  stubs.o ABSOLUTE
    ../clib/microlib/stdio/streams.c         0x00000000   Number         0  stdout.o ABSOLUTE
    ../clib/microlib/stubs.s                 0x00000000   Number         0  iusefp.o ABSOLUTE
    ../fplib/microlib/fpadd.c                0x00000000   Number         0  dadd.o ABSOLUTE
    ../fplib/microlib/fpdiv.c                0x00000000   Number         0  ddiv.o ABSOLUTE
    ../fplib/microlib/fpepilogue.c           0x00000000   Number         0  depilogue.o ABSOLUTE
    ../fplib/microlib/fpfix.c                0x00000000   Number         0  dfixul.o ABSOLUTE
    ../fplib/microlib/fpmul.c                0x00000000   Number         0  dmul.o ABSOLUTE
    ..\CORE\core_cm3.c                       0x00000000   Number         0  core_cm3.o ABSOLUTE
    ..\CORE\startup_stm32f10x_hd.s           0x00000000   Number         0  startup_stm32f10x_hd.o ABSOLUTE
    ..\HARDWARE\User\dma.c                   0x00000000   Number         0  dma.o ABSOLUTE
    ..\HARDWARE\User\ff10\diskio.c           0x00000000   Number         0  diskio.o ABSOLUTE
    ..\HARDWARE\User\ff10\ff.c               0x00000000   Number         0  ff.o ABSOLUTE
    ..\HARDWARE\User\led\bsp_led.c           0x00000000   Number         0  bsp_led.o ABSOLUTE
    ..\HARDWARE\User\spi_flash\W25Qxx.c      0x00000000   Number         0  w25qxx.o ABSOLUTE
    ..\HARDWARE\User\spi_flash\bsp_spi_flash.c 0x00000000   Number         0  bsp_spi_flash.o ABSOLUTE
    ..\HARDWARE\User\usart\bsp_usart.c       0x00000000   Number         0  bsp_usart.o ABSOLUTE
    ..\STM32F10x_FWLib\src\misc.c            0x00000000   Number         0  misc.o ABSOLUTE
    ..\STM32F10x_FWLib\src\stm32f10x_adc.c   0x00000000   Number         0  stm32f10x_adc.o ABSOLUTE
    ..\STM32F10x_FWLib\src\stm32f10x_bkp.c   0x00000000   Number         0  stm32f10x_bkp.o ABSOLUTE
    ..\STM32F10x_FWLib\src\stm32f10x_can.c   0x00000000   Number         0  stm32f10x_can.o ABSOLUTE
    ..\STM32F10x_FWLib\src\stm32f10x_cec.c   0x00000000   Number         0  stm32f10x_cec.o ABSOLUTE
    ..\STM32F10x_FWLib\src\stm32f10x_crc.c   0x00000000   Number         0  stm32f10x_crc.o ABSOLUTE
    ..\STM32F10x_FWLib\src\stm32f10x_dac.c   0x00000000   Number         0  stm32f10x_dac.o ABSOLUTE
    ..\STM32F10x_FWLib\src\stm32f10x_dbgmcu.c 0x00000000   Number         0  stm32f10x_dbgmcu.o ABSOLUTE
    ..\STM32F10x_FWLib\src\stm32f10x_dma.c   0x00000000   Number         0  stm32f10x_dma.o ABSOLUTE
    ..\STM32F10x_FWLib\src\stm32f10x_exti.c  0x00000000   Number         0  stm32f10x_exti.o ABSOLUTE
    ..\STM32F10x_FWLib\src\stm32f10x_flash.c 0x00000000   Number         0  stm32f10x_flash.o ABSOLUTE
    ..\STM32F10x_FWLib\src\stm32f10x_fsmc.c  0x00000000   Number         0  stm32f10x_fsmc.o ABSOLUTE
    ..\STM32F10x_FWLib\src\stm32f10x_gpio.c  0x00000000   Number         0  stm32f10x_gpio.o ABSOLUTE
    ..\STM32F10x_FWLib\src\stm32f10x_i2c.c   0x00000000   Number         0  stm32f10x_i2c.o ABSOLUTE
    ..\STM32F10x_FWLib\src\stm32f10x_iwdg.c  0x00000000   Number         0  stm32f10x_iwdg.o ABSOLUTE
    ..\STM32F10x_FWLib\src\stm32f10x_pwr.c   0x00000000   Number         0  stm32f10x_pwr.o ABSOLUTE
    ..\STM32F10x_FWLib\src\stm32f10x_rcc.c   0x00000000   Number         0  stm32f10x_rcc.o ABSOLUTE
    ..\STM32F10x_FWLib\src\stm32f10x_rtc.c   0x00000000   Number         0  stm32f10x_rtc.o ABSOLUTE
    ..\STM32F10x_FWLib\src\stm32f10x_sdio.c  0x00000000   Number         0  stm32f10x_sdio.o ABSOLUTE
    ..\STM32F10x_FWLib\src\stm32f10x_spi.c   0x00000000   Number         0  stm32f10x_spi.o ABSOLUTE
    ..\STM32F10x_FWLib\src\stm32f10x_tim.c   0x00000000   Number         0  stm32f10x_tim.o ABSOLUTE
    ..\STM32F10x_FWLib\src\stm32f10x_usart.c 0x00000000   Number         0  stm32f10x_usart.o ABSOLUTE
    ..\STM32F10x_FWLib\src\stm32f10x_wwdg.c  0x00000000   Number         0  stm32f10x_wwdg.o ABSOLUTE
    ..\SYSTEM\delay\delay.c                  0x00000000   Number         0  delay.o ABSOLUTE
    ..\SYSTEM\sys\sys.c                      0x00000000   Number         0  sys.o ABSOLUTE
    ..\\CORE\\core_cm3.c                     0x00000000   Number         0  core_cm3.o ABSOLUTE
    cdrcmple.s                               0x00000000   Number         0  cdrcmple.o ABSOLUTE
    dc.s                                     0x00000000   Number         0  dc.o ABSOLUTE
    handlers.s                               0x00000000   Number         0  handlers.o ABSOLUTE
    init.s                                   0x00000000   Number         0  init.o ABSOLUTE
    main.c                                   0x00000000   Number         0  main.o ABSOLUTE
    stm32f10x_it.c                           0x00000000   Number         0  stm32f10x_it.o ABSOLUTE
    system_stm32f10x.c                       0x00000000   Number         0  system_stm32f10x.o ABSOLUTE
    RESET                                    0x08000000   Section      304  startup_stm32f10x_hd.o(RESET)
    .ARM.Collect$$$$00000000                 0x08000130   Section        0  entry.o(.ARM.Collect$$$$00000000)
    .ARM.Collect$$$$00000001                 0x08000130   Section        4  entry2.o(.ARM.Collect$$$$00000001)
    .ARM.Collect$$$$00000004                 0x08000134   Section        4  entry5.o(.ARM.Collect$$$$00000004)
    .ARM.Collect$$$$00000008                 0x08000138   Section        0  entry7b.o(.ARM.Collect$$$$00000008)
    .ARM.Collect$$$$0000000A                 0x08000138   Section        0  entry8b.o(.ARM.Collect$$$$0000000A)
    .ARM.Collect$$$$0000000B                 0x08000138   Section        8  entry9a.o(.ARM.Collect$$$$0000000B)
    .ARM.Collect$$$$0000000D                 0x08000140   Section        0  entry10a.o(.ARM.Collect$$$$0000000D)
    .ARM.Collect$$$$0000000F                 0x08000140   Section        0  entry11a.o(.ARM.Collect$$$$0000000F)
    .ARM.Collect$$$$00002712                 0x08000140   Section        4  entry2.o(.ARM.Collect$$$$00002712)
    __lit__00000000                          0x08000140   Data           4  entry2.o(.ARM.Collect$$$$00002712)
    .text                                    0x08000144   Section       36  startup_stm32f10x_hd.o(.text)
    .text                                    0x08000168   Section        0  uldiv.o(.text)
    .text                                    0x080001cc   Section       36  init.o(.text)
    .text                                    0x080001f0   Section        0  llshl.o(.text)
    .text                                    0x0800020e   Section        0  llushr.o(.text)
    i.BusFault_Handler                       0x0800022e   Section        0  stm32f10x_it.o(i.BusFault_Handler)
    i.DMA_ClearFlag                          0x08000234   Section        0  stm32f10x_dma.o(i.DMA_ClearFlag)
    i.DMA_Cmd                                0x08000250   Section        0  stm32f10x_dma.o(i.DMA_Cmd)
    i.DMA_DeInit                             0x08000268   Section        0  stm32f10x_dma.o(i.DMA_DeInit)
    i.DMA_Init                               0x080003b4   Section        0  stm32f10x_dma.o(i.DMA_Init)
    i.DebugMon_Handler                       0x080003f0   Section        0  stm32f10x_it.o(i.DebugMon_Handler)
    i.GPIO_Init                              0x080003f2   Section        0  stm32f10x_gpio.o(i.GPIO_Init)
    i.GPIO_ResetBits                         0x08000508   Section        0  stm32f10x_gpio.o(i.GPIO_ResetBits)
    i.GPIO_SetBits                           0x0800050c   Section        0  stm32f10x_gpio.o(i.GPIO_SetBits)
    i.HardFault_Handler                      0x08000510   Section        0  stm32f10x_it.o(i.HardFault_Handler)
    i.MYDMA_Config                           0x08000514   Section        0  dma.o(i.MYDMA_Config)
    i.MYDMA_Config2                          0x08000570   Section        0  dma.o(i.MYDMA_Config2)
    i.MemManage_Handler                      0x080005c4   Section        0  stm32f10x_it.o(i.MemManage_Handler)
    i.NMI_Handler                            0x080005c8   Section        0  stm32f10x_it.o(i.NMI_Handler)
    i.NVIC_Configuration                     0x080005ca   Section        0  bsp_usart.o(i.NVIC_Configuration)
    NVIC_Configuration                       0x080005cb   Thumb Code    38  bsp_usart.o(i.NVIC_Configuration)
    i.NVIC_Init                              0x080005f0   Section        0  misc.o(i.NVIC_Init)
    i.NVIC_PriorityGroupConfig               0x08000660   Section        0  misc.o(i.NVIC_PriorityGroupConfig)
    i.PendSV_Handler                         0x08000674   Section        0  stm32f10x_it.o(i.PendSV_Handler)
    i.RCC_AHBPeriphClockCmd                  0x08000678   Section        0  stm32f10x_rcc.o(i.RCC_AHBPeriphClockCmd)
    i.RCC_APB2PeriphClockCmd                 0x08000698   Section        0  stm32f10x_rcc.o(i.RCC_APB2PeriphClockCmd)
    i.RCC_GetClocksFreq                      0x080006b8   Section        0  stm32f10x_rcc.o(i.RCC_GetClocksFreq)
    i.SPI_Cmd                                0x0800078c   Section        0  stm32f10x_spi.o(i.SPI_Cmd)
    i.SPI_FLASH_BufferRead                   0x080007a4   Section        0  bsp_spi_flash.o(i.SPI_FLASH_BufferRead)
    i.SPI_FLASH_BufferWrite                  0x080008d4   Section        0  bsp_spi_flash.o(i.SPI_FLASH_BufferWrite)
    i.SPI_FLASH_BufferWrite1                 0x080009f6   Section        0  w25qxx.o(i.SPI_FLASH_BufferWrite1)
    i.SPI_FLASH_Init                         0x08000b04   Section        0  bsp_spi_flash.o(i.SPI_FLASH_Init)
    i.SPI_FLASH_PageWrite                    0x08000bc4   Section        0  bsp_spi_flash.o(i.SPI_FLASH_PageWrite)
    i.SPI_FLASH_ReadID                       0x08000c9c   Section        0  bsp_spi_flash.o(i.SPI_FLASH_ReadID)
    i.SPI_FLASH_SectorErase                  0x08000cec   Section        0  bsp_spi_flash.o(i.SPI_FLASH_SectorErase)
    i.SPI_FLASH_SendByte                     0x08000d30   Section        0  bsp_spi_flash.o(i.SPI_FLASH_SendByte)
    i.SPI_FLASH_WaitForWriteEnd              0x08000d68   Section        0  bsp_spi_flash.o(i.SPI_FLASH_WaitForWriteEnd)
    i.SPI_FLASH_WriteEnable                  0x08000d9c   Section        0  bsp_spi_flash.o(i.SPI_FLASH_WriteEnable)
    i.SPI_Flash_WAKEUP                       0x08000dbc   Section        0  bsp_spi_flash.o(i.SPI_Flash_WAKEUP)
    i.SPI_I2S_DMACmd                         0x08000ddc   Section        0  stm32f10x_spi.o(i.SPI_I2S_DMACmd)
    i.SPI_I2S_GetFlagStatus                  0x08000dee   Section        0  stm32f10x_spi.o(i.SPI_I2S_GetFlagStatus)
    i.SPI_I2S_ReceiveData                    0x08000e00   Section        0  stm32f10x_spi.o(i.SPI_I2S_ReceiveData)
    i.SPI_I2S_SendData                       0x08000e06   Section        0  stm32f10x_spi.o(i.SPI_I2S_SendData)
    i.SPI_Init                               0x08000e0a   Section        0  stm32f10x_spi.o(i.SPI_Init)
    i.SVC_Handler                            0x08000e46   Section        0  stm32f10x_it.o(i.SVC_Handler)
    i.SetSysClock                            0x08000e48   Section        0  system_stm32f10x.o(i.SetSysClock)
    SetSysClock                              0x08000e49   Thumb Code     8  system_stm32f10x.o(i.SetSysClock)
    i.SetSysClockTo72                        0x08000e50   Section        0  system_stm32f10x.o(i.SetSysClockTo72)
    SetSysClockTo72                          0x08000e51   Thumb Code   214  system_stm32f10x.o(i.SetSysClockTo72)
    i.SysTick_CLKSourceConfig                0x08000f30   Section        0  misc.o(i.SysTick_CLKSourceConfig)
    i.SysTick_Handler                        0x08000f58   Section        0  stm32f10x_it.o(i.SysTick_Handler)
    i.SystemInit                             0x08000f5c   Section        0  system_stm32f10x.o(i.SystemInit)
    i.USART_Cmd                              0x08000fbc   Section        0  stm32f10x_usart.o(i.USART_Cmd)
    i.USART_Config                           0x08000fd4   Section        0  bsp_usart.o(i.USART_Config)
    i.USART_GetFlagStatus                    0x08001064   Section        0  stm32f10x_usart.o(i.USART_GetFlagStatus)
    i.USART_ITConfig                         0x0800107e   Section        0  stm32f10x_usart.o(i.USART_ITConfig)
    i.USART_Init                             0x080010c8   Section        0  stm32f10x_usart.o(i.USART_Init)
    i.USART_SendData                         0x080011a0   Section        0  stm32f10x_usart.o(i.USART_SendData)
    i.UsageFault_Handler                     0x080011a8   Section        0  stm32f10x_it.o(i.UsageFault_Handler)
    i.W25Qxx_PageWrite                       0x080011ac   Section        0  w25qxx.o(i.W25Qxx_PageWrite)
    i.W25Qxx_ReadData                        0x08001230   Section        0  w25qxx.o(i.W25Qxx_ReadData)
    i.W25Qxx_ReadID                          0x0800128c   Section        0  w25qxx.o(i.W25Qxx_ReadID)
    i.W25Qxx_SectorErase                     0x080012e4   Section        0  w25qxx.o(i.W25Qxx_SectorErase)
    i.W25Qxx_SectorWrite                     0x08001330   Section        0  w25qxx.o(i.W25Qxx_SectorWrite)
    i.W25Qxx_Sector_ReadData                 0x08001372   Section        0  w25qxx.o(i.W25Qxx_Sector_ReadData)
    i.W25Qxx_WaitForBusyStatus               0x080013ec   Section        0  w25qxx.o(i.W25Qxx_WaitForBusyStatus)
    W25Qxx_WaitForBusyStatus                 0x080013ed   Thumb Code    78  w25qxx.o(i.W25Qxx_WaitForBusyStatus)
    i.W25Qxx_WriteDisable                    0x08001450   Section        0  w25qxx.o(i.W25Qxx_WriteDisable)
    W25Qxx_WriteDisable                      0x08001451   Thumb Code    32  w25qxx.o(i.W25Qxx_WriteDisable)
    i.W25Qxx_WriteEnable                     0x08001474   Section        0  w25qxx.o(i.W25Qxx_WriteEnable)
    W25Qxx_WriteEnable                       0x08001475   Thumb Code    32  w25qxx.o(i.W25Qxx_WriteEnable)
    i.W25Qxx_hw_CS                           0x08001498   Section        0  w25qxx.o(i.W25Qxx_hw_CS)
    i.W25Qxx_hw_DMA_Init                     0x080014b8   Section        0  w25qxx.o(i.W25Qxx_hw_DMA_Init)
    i.W25Qxx_hw_DMA_ReadData                 0x080014bc   Section        0  w25qxx.o(i.W25Qxx_hw_DMA_ReadData)
    i.W25Qxx_hw_DMA_SendData                 0x080015ac   Section        0  w25qxx.o(i.W25Qxx_hw_DMA_SendData)
    i.W25Qxx_hw_DMA_Wait                     0x08001604   Section        0  w25qxx.o(i.W25Qxx_hw_DMA_Wait)
    i.W25Qxx_hw_ReadData                     0x08001606   Section        0  w25qxx.o(i.W25Qxx_hw_ReadData)
    i.W25Qxx_hw_SendData                     0x08001624   Section        0  w25qxx.o(i.W25Qxx_hw_SendData)
    i.__0printf$5                            0x08001640   Section        0  printf5.o(i.__0printf$5)
    i.__scatterload_copy                     0x08001660   Section       14  handlers.o(i.__scatterload_copy)
    i.__scatterload_null                     0x0800166e   Section        2  handlers.o(i.__scatterload_null)
    i.__scatterload_zeroinit                 0x08001670   Section       14  handlers.o(i.__scatterload_zeroinit)
    i._printf_core                           0x08001680   Section        0  printf5.o(i._printf_core)
    _printf_core                             0x08001681   Thumb Code   658  printf5.o(i._printf_core)
    i.check_fs                               0x08001940   Section        0  ff.o(i.check_fs)
    check_fs                                 0x08001941   Thumb Code   140  ff.o(i.check_fs)
    i.chk_chr                                0x080019d0   Section        0  ff.o(i.chk_chr)
    chk_chr                                  0x080019d1   Thumb Code    20  ff.o(i.chk_chr)
    i.clust2sect                             0x080019e4   Section        0  ff.o(i.clust2sect)
    i.create_chain                           0x080019fe   Section        0  ff.o(i.create_chain)
    create_chain                             0x080019ff   Thumb Code   214  ff.o(i.create_chain)
    i.create_name                            0x08001ad4   Section        0  ff.o(i.create_name)
    create_name                              0x08001ad5   Thumb Code   328  ff.o(i.create_name)
    i.delay_init                             0x08001c2c   Section        0  delay.o(i.delay_init)
    i.delay_ms                               0x08001c70   Section        0  delay.o(i.delay_ms)
    i.dir_alloc                              0x08001cbc   Section        0  ff.o(i.dir_alloc)
    dir_alloc                                0x08001cbd   Thumb Code    92  ff.o(i.dir_alloc)
    i.dir_find                               0x08001d18   Section        0  ff.o(i.dir_find)
    dir_find                                 0x08001d19   Thumb Code    92  ff.o(i.dir_find)
    i.dir_next                               0x08001d74   Section        0  ff.o(i.dir_next)
    dir_next                                 0x08001d75   Thumb Code   316  ff.o(i.dir_next)
    i.dir_register                           0x08001eb0   Section        0  ff.o(i.dir_register)
    dir_register                             0x08001eb1   Thumb Code    58  ff.o(i.dir_register)
    i.dir_sdi                                0x08001eea   Section        0  ff.o(i.dir_sdi)
    dir_sdi                                  0x08001eeb   Thumb Code   200  ff.o(i.dir_sdi)
    i.disk_initialize                        0x08001fb2   Section        0  diskio.o(i.disk_initialize)
    i.disk_ioctl                             0x08001fec   Section        0  diskio.o(i.disk_ioctl)
    i.disk_read                              0x0800202e   Section        0  diskio.o(i.disk_read)
    i.disk_status                            0x08002070   Section        0  diskio.o(i.disk_status)
    i.disk_write                             0x080020a4   Section        0  diskio.o(i.disk_write)
    i.f_close                                0x080020f2   Section        0  ff.o(i.f_close)
    i.f_mkfs                                 0x08002114   Section        0  ff.o(i.f_mkfs)
    i.f_mount                                0x08002798   Section        0  ff.o(i.f_mount)
    i.f_open                                 0x080027f4   Section        0  ff.o(i.f_open)
    i.f_read                                 0x08002956   Section        0  ff.o(i.f_read)
    i.f_sync                                 0x08002b26   Section        0  ff.o(i.f_sync)
    i.f_write                                0x08002bd6   Section        0  ff.o(i.f_write)
    i.find_volume                            0x08002de4   Section        0  ff.o(i.find_volume)
    find_volume                              0x08002de5   Thumb Code   952  ff.o(i.find_volume)
    i.follow_path                            0x080031ac   Section        0  ff.o(i.follow_path)
    follow_path                              0x080031ad   Thumb Code   144  ff.o(i.follow_path)
    i.fputc                                  0x0800323c   Section        0  bsp_usart.o(i.fputc)
    i.get_fat                                0x08003260   Section        0  ff.o(i.get_fat)
    i.get_fattime                            0x080033a0   Section        0  diskio.o(i.get_fattime)
    i.get_ldnumber                           0x080033a8   Section        0  ff.o(i.get_ldnumber)
    get_ldnumber                             0x080033a9   Thumb Code    74  ff.o(i.get_ldnumber)
    i.ld_clust                               0x080033f2   Section        0  ff.o(i.ld_clust)
    ld_clust                                 0x080033f3   Thumb Code    32  ff.o(i.ld_clust)
    i.main                                   0x08003414   Section        0  main.o(i.main)
    i.mem_cmp                                0x08003a90   Section        0  ff.o(i.mem_cmp)
    mem_cmp                                  0x08003a91   Thumb Code    38  ff.o(i.mem_cmp)
    i.mem_cpy                                0x08003ab6   Section        0  ff.o(i.mem_cpy)
    mem_cpy                                  0x08003ab7   Thumb Code    26  ff.o(i.mem_cpy)
    i.mem_set                                0x08003ad0   Section        0  ff.o(i.mem_set)
    mem_set                                  0x08003ad1   Thumb Code    20  ff.o(i.mem_set)
    i.move_window                            0x08003ae4   Section        0  ff.o(i.move_window)
    move_window                              0x08003ae5   Thumb Code    52  ff.o(i.move_window)
    i.put_fat                                0x08003b18   Section        0  ff.o(i.put_fat)
    i.remove_chain                           0x08003ca0   Section        0  ff.o(i.remove_chain)
    remove_chain                             0x08003ca1   Thumb Code   108  ff.o(i.remove_chain)
    i.st_clust                               0x08003d0c   Section        0  ff.o(i.st_clust)
    st_clust                                 0x08003d0d   Thumb Code    16  ff.o(i.st_clust)
    i.sync_fs                                0x08003d1c   Section        0  ff.o(i.sync_fs)
    sync_fs                                  0x08003d1d   Thumb Code   200  ff.o(i.sync_fs)
    i.sync_window                            0x08003de4   Section        0  ff.o(i.sync_window)
    sync_window                              0x08003de5   Thumb Code    82  ff.o(i.sync_window)
    i.validate                               0x08003e36   Section        0  ff.o(i.validate)
    validate                                 0x08003e37   Thumb Code    54  ff.o(i.validate)
    .constdata                               0x08003e6c   Section       44  ff.o(.constdata)
    vst                                      0x08003e6c   Data          22  ff.o(.constdata)
    cst                                      0x08003e82   Data          22  ff.o(.constdata)
    .data                                    0x20000000   Section       20  system_stm32f10x.o(.data)
    .data                                    0x20000014   Section       45  main.o(.data)
    .data                                    0x20000041   Section       20  stm32f10x_rcc.o(.data)
    APBAHBPrescTable                         0x20000041   Data          16  stm32f10x_rcc.o(.data)
    ADCPrescTable                            0x20000051   Data           4  stm32f10x_rcc.o(.data)
    .data                                    0x20000056   Section        4  delay.o(.data)
    fac_us                                   0x20000056   Data           1  delay.o(.data)
    fac_ms                                   0x20000058   Data           2  delay.o(.data)
    .data                                    0x2000005a   Section        2  dma.o(.data)
    .data                                    0x2000005c   Section       10  ff.o(.data)
    FatFs                                    0x2000005c   Data           8  ff.o(.data)
    Fsid                                     0x20000064   Data           2  ff.o(.data)
    .data                                    0x20000068   Section       48  w25qxx.o(.data)
    .data                                    0x20000098   Section        4  stdout.o(.data)
    .bss                                     0x2000009c   Section    15056  main.o(.bss)
    .bss                                     0x20003b6c   Section     4114  bsp_spi_flash.o(.bss)
    .bss                                     0x20004b80   Section       88  dma.o(.bss)
    STACK                                    0x20004bd8   Section     1024  startup_stm32f10x_hd.o(STACK)

    Global Symbols

    Symbol Name                              Value     Ov Type        Size  Object(Section)

    BuildAttributes$$THM_ISAv4$P$D$K$B$S$PE$A:L22UL41UL21$X:L11$S22US41US21$IEEE1$IW$USESV6$~STKCKD$USESV7$~SHL$OSPACE$ROPI$EBA8$MICROLIB$REQ8$PRES8$EABIv2 0x00000000   Number         0  anon$$obj.o ABSOLUTE
    __ARM_use_no_argv                        0x00000000   Number         0  main.o ABSOLUTE
    _printf_a                                0x00000000   Number         0  stubs.o ABSOLUTE
    _printf_c                                0x00000000   Number         0  stubs.o ABSOLUTE
    _printf_charcount                        0x00000000   Number         0  stubs.o ABSOLUTE
    _printf_d                                0x00000000   Number         0  stubs.o ABSOLUTE
    _printf_e                                0x00000000   Number         0  stubs.o ABSOLUTE
    _printf_f                                0x00000000   Number         0  stubs.o ABSOLUTE
    _printf_flags                            0x00000000   Number         0  stubs.o ABSOLUTE
    _printf_fp_dec                           0x00000000   Number         0  stubs.o ABSOLUTE
    _printf_fp_hex                           0x00000000   Number         0  stubs.o ABSOLUTE
    _printf_g                                0x00000000   Number         0  stubs.o ABSOLUTE
    _printf_i                                0x00000000   Number         0  stubs.o ABSOLUTE
    _printf_int_dec                          0x00000000   Number         0  stubs.o ABSOLUTE
    _printf_l                                0x00000000   Number         0  stubs.o ABSOLUTE
    _printf_lc                               0x00000000   Number         0  stubs.o ABSOLUTE
    _printf_ll                               0x00000000   Number         0  stubs.o ABSOLUTE
    _printf_lld                              0x00000000   Number         0  stubs.o ABSOLUTE
    _printf_lli                              0x00000000   Number         0  stubs.o ABSOLUTE
    _printf_llo                              0x00000000   Number         0  stubs.o ABSOLUTE
    _printf_llu                              0x00000000   Number         0  stubs.o ABSOLUTE
    _printf_llx                              0x00000000   Number         0  stubs.o ABSOLUTE
    _printf_longlong_dec                     0x00000000   Number         0  stubs.o ABSOLUTE
    _printf_longlong_hex                     0x00000000   Number         0  stubs.o ABSOLUTE
    _printf_longlong_oct                     0x00000000   Number         0  stubs.o ABSOLUTE
    _printf_ls                               0x00000000   Number         0  stubs.o ABSOLUTE
    _printf_mbtowc                           0x00000000   Number         0  stubs.o ABSOLUTE
    _printf_n                                0x00000000   Number         0  stubs.o ABSOLUTE
    _printf_o                                0x00000000   Number         0  stubs.o ABSOLUTE
    _printf_p                                0x00000000   Number         0  stubs.o ABSOLUTE
    _printf_percent                          0x00000000   Number         0  stubs.o ABSOLUTE
    _printf_pre_padding                      0x00000000   Number         0  stubs.o ABSOLUTE
    _printf_return_value                     0x00000000   Number         0  stubs.o ABSOLUTE
    _printf_s                                0x00000000   Number         0  stubs.o ABSOLUTE
    _printf_sizespec                         0x00000000   Number         0  stubs.o ABSOLUTE
    _printf_str                              0x00000000   Number         0  stubs.o ABSOLUTE
    _printf_truncate_signed                  0x00000000   Number         0  stubs.o ABSOLUTE
    _printf_truncate_unsigned                0x00000000   Number         0  stubs.o ABSOLUTE
    _printf_u                                0x00000000   Number         0  stubs.o ABSOLUTE
    _printf_wc                               0x00000000   Number         0  stubs.o ABSOLUTE
    _printf_wctomb                           0x00000000   Number         0  stubs.o ABSOLUTE
    _printf_widthprec                        0x00000000   Number         0  stubs.o ABSOLUTE
    _printf_x                                0x00000000   Number         0  stubs.o ABSOLUTE
    __cpp_initialize__aeabi_                  - Undefined Weak Reference
    __cxa_finalize                            - Undefined Weak Reference
    __decompress                              - Undefined Weak Reference
    _clock_init                               - Undefined Weak Reference
    _microlib_exit                            - Undefined Weak Reference
    __Vectors_Size                           0x00000130   Number         0  startup_stm32f10x_hd.o ABSOLUTE
    __Vectors                                0x08000000   Data           4  startup_stm32f10x_hd.o(RESET)
    __Vectors_End                            0x08000130   Data           0  startup_stm32f10x_hd.o(RESET)
    __main                                   0x08000131   Thumb Code     0  entry.o(.ARM.Collect$$$$00000000)
    _main_stk                                0x08000131   Thumb Code     0  entry2.o(.ARM.Collect$$$$00000001)
    _main_scatterload                        0x08000135   Thumb Code     0  entry5.o(.ARM.Collect$$$$00000004)
    __main_after_scatterload                 0x08000139   Thumb Code     0  entry5.o(.ARM.Collect$$$$00000004)
    _main_clock                              0x08000139   Thumb Code     0  entry7b.o(.ARM.Collect$$$$00000008)
    _main_cpp_init                           0x08000139   Thumb Code     0  entry8b.o(.ARM.Collect$$$$0000000A)
    _main_init                               0x08000139   Thumb Code     0  entry9a.o(.ARM.Collect$$$$0000000B)
    __rt_final_cpp                           0x08000141   Thumb Code     0  entry10a.o(.ARM.Collect$$$$0000000D)
    __rt_final_exit                          0x08000141   Thumb Code     0  entry11a.o(.ARM.Collect$$$$0000000F)
    Reset_Handler                            0x08000145   Thumb Code     8  startup_stm32f10x_hd.o(.text)
    ADC1_2_IRQHandler                        0x0800015f   Thumb Code     0  startup_stm32f10x_hd.o(.text)
    ADC3_IRQHandler                          0x0800015f   Thumb Code     0  startup_stm32f10x_hd.o(.text)
    CAN1_RX1_IRQHandler                      0x0800015f   Thumb Code     0  startup_stm32f10x_hd.o(.text)
    CAN1_SCE_IRQHandler                      0x0800015f   Thumb Code     0  startup_stm32f10x_hd.o(.text)
    DMA1_Channel1_IRQHandler                 0x0800015f   Thumb Code     0  startup_stm32f10x_hd.o(.text)
    DMA1_Channel2_IRQHandler                 0x0800015f   Thumb Code     0  startup_stm32f10x_hd.o(.text)
    DMA1_Channel3_IRQHandler                 0x0800015f   Thumb Code     0  startup_stm32f10x_hd.o(.text)
    DMA1_Channel4_IRQHandler                 0x0800015f   Thumb Code     0  startup_stm32f10x_hd.o(.text)
    DMA1_Channel5_IRQHandler                 0x0800015f   Thumb Code     0  startup_stm32f10x_hd.o(.text)
    DMA1_Channel6_IRQHandler                 0x0800015f   Thumb Code     0  startup_stm32f10x_hd.o(.text)
    DMA1_Channel7_IRQHandler                 0x0800015f   Thumb Code     0  startup_stm32f10x_hd.o(.text)
    DMA2_Channel1_IRQHandler                 0x0800015f   Thumb Code     0  startup_stm32f10x_hd.o(.text)
    DMA2_Channel2_IRQHandler                 0x0800015f   Thumb Code     0  startup_stm32f10x_hd.o(.text)
    DMA2_Channel3_IRQHandler                 0x0800015f   Thumb Code     0  startup_stm32f10x_hd.o(.text)
    DMA2_Channel4_5_IRQHandler               0x0800015f   Thumb Code     0  startup_stm32f10x_hd.o(.text)
    EXTI0_IRQHandler                         0x0800015f   Thumb Code     0  startup_stm32f10x_hd.o(.text)
    EXTI15_10_IRQHandler                     0x0800015f   Thumb Code     0  startup_stm32f10x_hd.o(.text)
    EXTI1_IRQHandler                         0x0800015f   Thumb Code     0  startup_stm32f10x_hd.o(.text)
    EXTI2_IRQHandler                         0x0800015f   Thumb Code     0  startup_stm32f10x_hd.o(.text)
    EXTI3_IRQHandler                         0x0800015f   Thumb Code     0  startup_stm32f10x_hd.o(.text)
    EXTI4_IRQHandler                         0x0800015f   Thumb Code     0  startup_stm32f10x_hd.o(.text)
    EXTI9_5_IRQHandler                       0x0800015f   Thumb Code     0  startup_stm32f10x_hd.o(.text)
    FLASH_IRQHandler                         0x0800015f   Thumb Code     0  startup_stm32f10x_hd.o(.text)
    FSMC_IRQHandler                          0x0800015f   Thumb Code     0  startup_stm32f10x_hd.o(.text)
    I2C1_ER_IRQHandler                       0x0800015f   Thumb Code     0  startup_stm32f10x_hd.o(.text)
    I2C1_EV_IRQHandler                       0x0800015f   Thumb Code     0  startup_stm32f10x_hd.o(.text)
    I2C2_ER_IRQHandler                       0x0800015f   Thumb Code     0  startup_stm32f10x_hd.o(.text)
    I2C2_EV_IRQHandler                       0x0800015f   Thumb Code     0  startup_stm32f10x_hd.o(.text)
    PVD_IRQHandler                           0x0800015f   Thumb Code     0  startup_stm32f10x_hd.o(.text)
    RCC_IRQHandler                           0x0800015f   Thumb Code     0  startup_stm32f10x_hd.o(.text)
    RTCAlarm_IRQHandler                      0x0800015f   Thumb Code     0  startup_stm32f10x_hd.o(.text)
    RTC_IRQHandler                           0x0800015f   Thumb Code     0  startup_stm32f10x_hd.o(.text)
    SDIO_IRQHandler                          0x0800015f   Thumb Code     0  startup_stm32f10x_hd.o(.text)
    SPI1_IRQHandler                          0x0800015f   Thumb Code     0  startup_stm32f10x_hd.o(.text)
    SPI2_IRQHandler                          0x0800015f   Thumb Code     0  startup_stm32f10x_hd.o(.text)
    SPI3_IRQHandler                          0x0800015f   Thumb Code     0  startup_stm32f10x_hd.o(.text)
    TAMPER_IRQHandler                        0x0800015f   Thumb Code     0  startup_stm32f10x_hd.o(.text)
    TIM1_BRK_IRQHandler                      0x0800015f   Thumb Code     0  startup_stm32f10x_hd.o(.text)
    TIM1_CC_IRQHandler                       0x0800015f   Thumb Code     0  startup_stm32f10x_hd.o(.text)
    TIM1_TRG_COM_IRQHandler                  0x0800015f   Thumb Code     0  startup_stm32f10x_hd.o(.text)
    TIM1_UP_IRQHandler                       0x0800015f   Thumb Code     0  startup_stm32f10x_hd.o(.text)
    TIM2_IRQHandler                          0x0800015f   Thumb Code     0  startup_stm32f10x_hd.o(.text)
    TIM3_IRQHandler                          0x0800015f   Thumb Code     0  startup_stm32f10x_hd.o(.text)
    TIM4_IRQHandler                          0x0800015f   Thumb Code     0  startup_stm32f10x_hd.o(.text)
    TIM5_IRQHandler                          0x0800015f   Thumb Code     0  startup_stm32f10x_hd.o(.text)
    TIM6_IRQHandler                          0x0800015f   Thumb Code     0  startup_stm32f10x_hd.o(.text)
    TIM7_IRQHandler                          0x0800015f   Thumb Code     0  startup_stm32f10x_hd.o(.text)
    TIM8_BRK_IRQHandler                      0x0800015f   Thumb Code     0  startup_stm32f10x_hd.o(.text)
    TIM8_CC_IRQHandler                       0x0800015f   Thumb Code     0  startup_stm32f10x_hd.o(.text)
    TIM8_TRG_COM_IRQHandler                  0x0800015f   Thumb Code     0  startup_stm32f10x_hd.o(.text)
    TIM8_UP_IRQHandler                       0x0800015f   Thumb Code     0  startup_stm32f10x_hd.o(.text)
    UART4_IRQHandler                         0x0800015f   Thumb Code     0  startup_stm32f10x_hd.o(.text)
    UART5_IRQHandler                         0x0800015f   Thumb Code     0  startup_stm32f10x_hd.o(.text)
    USART1_IRQHandler                        0x0800015f   Thumb Code     0  startup_stm32f10x_hd.o(.text)
    USART2_IRQHandler                        0x0800015f   Thumb Code     0  startup_stm32f10x_hd.o(.text)
    USART3_IRQHandler                        0x0800015f   Thumb Code     0  startup_stm32f10x_hd.o(.text)
    USBWakeUp_IRQHandler                     0x0800015f   Thumb Code     0  startup_stm32f10x_hd.o(.text)
    USB_HP_CAN1_TX_IRQHandler                0x0800015f   Thumb Code     0  startup_stm32f10x_hd.o(.text)
    USB_LP_CAN1_RX0_IRQHandler               0x0800015f   Thumb Code     0  startup_stm32f10x_hd.o(.text)
    WWDG_IRQHandler                          0x0800015f   Thumb Code     0  startup_stm32f10x_hd.o(.text)
    __aeabi_uldivmod                         0x08000169   Thumb Code    98  uldiv.o(.text)
    __scatterload                            0x080001cd   Thumb Code    28  init.o(.text)
    __scatterload_rt2                        0x080001cd   Thumb Code     0  init.o(.text)
    __aeabi_llsl                             0x080001f1   Thumb Code    30  llshl.o(.text)
    _ll_shift_l                              0x080001f1   Thumb Code     0  llshl.o(.text)
    __aeabi_llsr                             0x0800020f   Thumb Code    32  llushr.o(.text)
    _ll_ushift_r                             0x0800020f   Thumb Code     0  llushr.o(.text)
    BusFault_Handler                         0x0800022f   Thumb Code     4  stm32f10x_it.o(i.BusFault_Handler)
    DMA_ClearFlag                            0x08000235   Thumb Code    18  stm32f10x_dma.o(i.DMA_ClearFlag)
    DMA_Cmd                                  0x08000251   Thumb Code    24  stm32f10x_dma.o(i.DMA_Cmd)
    DMA_DeInit                               0x08000269   Thumb Code   324  stm32f10x_dma.o(i.DMA_DeInit)
    DMA_Init                                 0x080003b5   Thumb Code    60  stm32f10x_dma.o(i.DMA_Init)
    DebugMon_Handler                         0x080003f1   Thumb Code     2  stm32f10x_it.o(i.DebugMon_Handler)
    GPIO_Init                                0x080003f3   Thumb Code   278  stm32f10x_gpio.o(i.GPIO_Init)
    GPIO_ResetBits                           0x08000509   Thumb Code     4  stm32f10x_gpio.o(i.GPIO_ResetBits)
    GPIO_SetBits                             0x0800050d   Thumb Code     4  stm32f10x_gpio.o(i.GPIO_SetBits)
    HardFault_Handler                        0x08000511   Thumb Code     4  stm32f10x_it.o(i.HardFault_Handler)
    MYDMA_Config                             0x08000515   Thumb Code    82  dma.o(i.MYDMA_Config)
    MYDMA_Config2                            0x08000571   Thumb Code    76  dma.o(i.MYDMA_Config2)
    MemManage_Handler                        0x080005c5   Thumb Code     4  stm32f10x_it.o(i.MemManage_Handler)
    NMI_Handler                              0x080005c9   Thumb Code     2  stm32f10x_it.o(i.NMI_Handler)
    NVIC_Init                                0x080005f1   Thumb Code   100  misc.o(i.NVIC_Init)
    NVIC_PriorityGroupConfig                 0x08000661   Thumb Code    10  misc.o(i.NVIC_PriorityGroupConfig)
    PendSV_Handler                           0x08000675   Thumb Code     2  stm32f10x_it.o(i.PendSV_Handler)
    RCC_AHBPeriphClockCmd                    0x08000679   Thumb Code    26  stm32f10x_rcc.o(i.RCC_AHBPeriphClockCmd)
    RCC_APB2PeriphClockCmd                   0x08000699   Thumb Code    26  stm32f10x_rcc.o(i.RCC_APB2PeriphClockCmd)
    RCC_GetClocksFreq                        0x080006b9   Thumb Code   192  stm32f10x_rcc.o(i.RCC_GetClocksFreq)
    SPI_Cmd                                  0x0800078d   Thumb Code    24  stm32f10x_spi.o(i.SPI_Cmd)
    SPI_FLASH_BufferRead                     0x080007a5   Thumb Code   290  bsp_spi_flash.o(i.SPI_FLASH_BufferRead)
    SPI_FLASH_BufferWrite                    0x080008d5   Thumb Code   290  bsp_spi_flash.o(i.SPI_FLASH_BufferWrite)
    SPI_FLASH_BufferWrite1                   0x080009f7   Thumb Code   270  w25qxx.o(i.SPI_FLASH_BufferWrite1)
    SPI_FLASH_Init                           0x08000b05   Thumb Code   178  bsp_spi_flash.o(i.SPI_FLASH_Init)
    SPI_FLASH_PageWrite                      0x08000bc5   Thumb Code   150  bsp_spi_flash.o(i.SPI_FLASH_PageWrite)
    SPI_FLASH_ReadID                         0x08000c9d   Thumb Code    74  bsp_spi_flash.o(i.SPI_FLASH_ReadID)
    SPI_FLASH_SectorErase                    0x08000ced   Thumb Code    62  bsp_spi_flash.o(i.SPI_FLASH_SectorErase)
    SPI_FLASH_SendByte                       0x08000d31   Thumb Code    50  bsp_spi_flash.o(i.SPI_FLASH_SendByte)
    SPI_FLASH_WaitForWriteEnd                0x08000d69   Thumb Code    46  bsp_spi_flash.o(i.SPI_FLASH_WaitForWriteEnd)
    SPI_FLASH_WriteEnable                    0x08000d9d   Thumb Code    26  bsp_spi_flash.o(i.SPI_FLASH_WriteEnable)
    SPI_Flash_WAKEUP                         0x08000dbd   Thumb Code    26  bsp_spi_flash.o(i.SPI_Flash_WAKEUP)
    SPI_I2S_DMACmd                           0x08000ddd   Thumb Code    18  stm32f10x_spi.o(i.SPI_I2S_DMACmd)
    SPI_I2S_GetFlagStatus                    0x08000def   Thumb Code    18  stm32f10x_spi.o(i.SPI_I2S_GetFlagStatus)
    SPI_I2S_ReceiveData                      0x08000e01   Thumb Code     6  stm32f10x_spi.o(i.SPI_I2S_ReceiveData)
    SPI_I2S_SendData                         0x08000e07   Thumb Code     4  stm32f10x_spi.o(i.SPI_I2S_SendData)
    SPI_Init                                 0x08000e0b   Thumb Code    60  stm32f10x_spi.o(i.SPI_Init)
    SVC_Handler                              0x08000e47   Thumb Code     2  stm32f10x_it.o(i.SVC_Handler)
    SysTick_CLKSourceConfig                  0x08000f31   Thumb Code    40  misc.o(i.SysTick_CLKSourceConfig)
    SysTick_Handler                          0x08000f59   Thumb Code     2  stm32f10x_it.o(i.SysTick_Handler)
    SystemInit                               0x08000f5d   Thumb Code    78  system_stm32f10x.o(i.SystemInit)
    USART_Cmd                                0x08000fbd   Thumb Code    24  stm32f10x_usart.o(i.USART_Cmd)
    USART_Config                             0x08000fd5   Thumb Code   136  bsp_usart.o(i.USART_Config)
    USART_GetFlagStatus                      0x08001065   Thumb Code    26  stm32f10x_usart.o(i.USART_GetFlagStatus)
    USART_ITConfig                           0x0800107f   Thumb Code    74  stm32f10x_usart.o(i.USART_ITConfig)
    USART_Init                               0x080010c9   Thumb Code   210  stm32f10x_usart.o(i.USART_Init)
    USART_SendData                           0x080011a1   Thumb Code     8  stm32f10x_usart.o(i.USART_SendData)
    UsageFault_Handler                       0x080011a9   Thumb Code     4  stm32f10x_it.o(i.UsageFault_Handler)
    W25Qxx_PageWrite                         0x080011ad   Thumb Code   128  w25qxx.o(i.W25Qxx_PageWrite)
    W25Qxx_ReadData                          0x08001231   Thumb Code    88  w25qxx.o(i.W25Qxx_ReadData)
    W25Qxx_ReadID                            0x0800128d   Thumb Code    82  w25qxx.o(i.W25Qxx_ReadID)
    W25Qxx_SectorErase                       0x080012e5   Thumb Code    70  w25qxx.o(i.W25Qxx_SectorErase)
    W25Qxx_SectorWrite                       0x08001331   Thumb Code    66  w25qxx.o(i.W25Qxx_SectorWrite)
    W25Qxx_Sector_ReadData                   0x08001373   Thumb Code   120  w25qxx.o(i.W25Qxx_Sector_ReadData)
    W25Qxx_hw_CS                             0x08001499   Thumb Code    26  w25qxx.o(i.W25Qxx_hw_CS)
    W25Qxx_hw_DMA_Init                       0x080014b9   Thumb Code     2  w25qxx.o(i.W25Qxx_hw_DMA_Init)
    W25Qxx_hw_DMA_ReadData                   0x080014bd   Thumb Code   230  w25qxx.o(i.W25Qxx_hw_DMA_ReadData)
    W25Qxx_hw_DMA_SendData                   0x080015ad   Thumb Code    80  w25qxx.o(i.W25Qxx_hw_DMA_SendData)
    W25Qxx_hw_DMA_Wait                       0x08001605   Thumb Code     2  w25qxx.o(i.W25Qxx_hw_DMA_Wait)
    W25Qxx_hw_ReadData                       0x08001607   Thumb Code    30  w25qxx.o(i.W25Qxx_hw_ReadData)
    W25Qxx_hw_SendData                       0x08001625   Thumb Code    28  w25qxx.o(i.W25Qxx_hw_SendData)
    __0printf$5                              0x08001641   Thumb Code    22  printf5.o(i.__0printf$5)
    __1printf$5                              0x08001641   Thumb Code     0  printf5.o(i.__0printf$5)
    __2printf                                0x08001641   Thumb Code     0  printf5.o(i.__0printf$5)
    __scatterload_copy                       0x08001661   Thumb Code    14  handlers.o(i.__scatterload_copy)
    __scatterload_null                       0x0800166f   Thumb Code     2  handlers.o(i.__scatterload_null)
    __scatterload_zeroinit                   0x08001671   Thumb Code    14  handlers.o(i.__scatterload_zeroinit)
    clust2sect                               0x080019e5   Thumb Code    26  ff.o(i.clust2sect)
    delay_init                               0x08001c2d   Thumb Code    50  delay.o(i.delay_init)
    delay_ms                                 0x08001c71   Thumb Code    72  delay.o(i.delay_ms)
    disk_initialize                          0x08001fb3   Thumb Code    58  diskio.o(i.disk_initialize)
    disk_ioctl                               0x08001fed   Thumb Code    66  diskio.o(i.disk_ioctl)
    disk_read                                0x0800202f   Thumb Code    64  diskio.o(i.disk_read)
    disk_status                              0x08002071   Thumb Code    46  diskio.o(i.disk_status)
    disk_write                               0x080020a5   Thumb Code    78  diskio.o(i.disk_write)
    f_close                                  0x080020f3   Thumb Code    32  ff.o(i.f_close)
    f_mkfs                                   0x08002115   Thumb Code  1622  ff.o(i.f_mkfs)
    f_mount                                  0x08002799   Thumb Code    86  ff.o(i.f_mount)
    f_open                                   0x080027f5   Thumb Code   354  ff.o(i.f_open)
    f_read                                   0x08002957   Thumb Code   464  ff.o(i.f_read)
    f_sync                                   0x08002b27   Thumb Code   176  ff.o(i.f_sync)
    f_write                                  0x08002bd7   Thumb Code   524  ff.o(i.f_write)
    fputc                                    0x0800323d   Thumb Code    32  bsp_usart.o(i.fputc)
    get_fat                                  0x08003261   Thumb Code   318  ff.o(i.get_fat)
    get_fattime                              0x080033a1   Thumb Code     4  diskio.o(i.get_fattime)
    main                                     0x08003415   Thumb Code   722  main.o(i.main)
    put_fat                                  0x08003b19   Thumb Code   392  ff.o(i.put_fat)
    Region$$Table$$Base                      0x08003e98   Number         0  anon$$obj.o(Region$$Table)
    Region$$Table$$Limit                     0x08003eb8   Number         0  anon$$obj.o(Region$$Table)
    SystemCoreClock                          0x20000000   Data           4  system_stm32f10x.o(.data)
    AHBPrescTable                            0x20000004   Data          16  system_stm32f10x.o(.data)
    a                                        0x20000014   Data           4  main.o(.data)
    res_flash                                0x20000018   Data           1  main.o(.data)
    fnum                                     0x2000001c   Data           4  main.o(.data)
    WriteBuffer                              0x20000020   Data          33  main.o(.data)
    DMA1_MEM_LEN                             0x2000005a   Data           2  dma.o(.data)
    W25Qxx_handler                           0x20000068   Data          48  w25qxx.o(.data)
    __stdout                                 0x20000098   Data           4  stdout.o(.data)
    by                                       0x2000009c   Data         500  main.o(.bss)
    fs                                       0x20000290   Data        4144  main.o(.bss)
    fnew                                     0x200012c0   Data        4132  main.o(.bss)
    ReadBuffer                               0x200022e4   Data        1024  main.o(.bss)
    by1                                      0x200026e4   Data         256  main.o(.bss)
    bmp_buf                                  0x200027e4   Data        5000  main.o(.bss)
    SPI_InitStructure                        0x20003b6c   Data          18  bsp_spi_flash.o(.bss)
    hhh                                      0x20003b7e   Data        4096  bsp_spi_flash.o(.bss)
    DMA_InitStructure                        0x20004b80   Data          44  dma.o(.bss)
    DMA_InitStructure1                       0x20004bac   Data          44  dma.o(.bss)
    __initial_sp                             0x20004fd8   Data           0  startup_stm32f10x_hd.o(STACK)



==============================================================================

Memory Map of the image

  Image Entry point : 0x08000131

  Load Region LR_IROM1 (Base: 0x08000000, Size: 0x00003f54, Max: 0x00010000, ABSOLUTE)

    Execution Region ER_IROM1 (Exec base: 0x08000000, Load base: 0x08000000, Size: 0x00003eb8, Max: 0x00010000, ABSOLUTE)

    Exec Addr    Load Addr    Size         Type   Attr      Idx    E Section Name        Object

    0x08000000   0x08000000   0x00000130   Data   RO          216    RESET               startup_stm32f10x_hd.o
    0x08000130   0x08000130   0x00000000   Code   RO         3978  * .ARM.Collect$$$$00000000  mc_w.l(entry.o)
    0x08000130   0x08000130   0x00000004   Code   RO         4242    .ARM.Collect$$$$00000001  mc_w.l(entry2.o)
    0x08000134   0x08000134   0x00000004   Code   RO         4245    .ARM.Collect$$$$00000004  mc_w.l(entry5.o)
    0x08000138   0x08000138   0x00000000   Code   RO         4247    .ARM.Collect$$$$00000008  mc_w.l(entry7b.o)
    0x08000138   0x08000138   0x00000000   Code   RO         4249    .ARM.Collect$$$$0000000A  mc_w.l(entry8b.o)
    0x08000138   0x08000138   0x00000008   Code   RO         4250    .ARM.Collect$$$$0000000B  mc_w.l(entry9a.o)
    0x08000140   0x08000140   0x00000000   Code   RO         4252    .ARM.Collect$$$$0000000D  mc_w.l(entry10a.o)
    0x08000140   0x08000140   0x00000000   Code   RO         4254    .ARM.Collect$$$$0000000F  mc_w.l(entry11a.o)
    0x08000140   0x08000140   0x00000004   Code   RO         4243    .ARM.Collect$$$$00002712  mc_w.l(entry2.o)
    0x08000144   0x08000144   0x00000024   Code   RO          217    .text               startup_stm32f10x_hd.o
    0x08000168   0x08000168   0x00000062   Code   RO         4259    .text               mc_w.l(uldiv.o)
    0x080001ca   0x080001ca   0x00000002   PAD
    0x080001cc   0x080001cc   0x00000024   Code   RO         4272    .text               mc_w.l(init.o)
    0x080001f0   0x080001f0   0x0000001e   Code   RO         4274    .text               mc_w.l(llshl.o)
    0x0800020e   0x0800020e   0x00000020   Code   RO         4276    .text               mc_w.l(llushr.o)
    0x0800022e   0x0800022e   0x00000004   Code   RO            1    i.BusFault_Handler  stm32f10x_it.o
    0x08000232   0x08000232   0x00000002   PAD
    0x08000234   0x08000234   0x0000001c   Code   RO          964    i.DMA_ClearFlag     stm32f10x_dma.o
    0x08000250   0x08000250   0x00000018   Code   RO          966    i.DMA_Cmd           stm32f10x_dma.o
    0x08000268   0x08000268   0x0000014c   Code   RO          967    i.DMA_DeInit        stm32f10x_dma.o
    0x080003b4   0x080003b4   0x0000003c   Code   RO          972    i.DMA_Init          stm32f10x_dma.o
    0x080003f0   0x080003f0   0x00000002   Code   RO            2    i.DebugMon_Handler  stm32f10x_it.o
    0x080003f2   0x080003f2   0x00000116   Code   RO         1399    i.GPIO_Init         stm32f10x_gpio.o
    0x08000508   0x08000508   0x00000004   Code   RO         1406    i.GPIO_ResetBits    stm32f10x_gpio.o
    0x0800050c   0x0800050c   0x00000004   Code   RO         1407    i.GPIO_SetBits      stm32f10x_gpio.o
    0x08000510   0x08000510   0x00000004   Code   RO            3    i.HardFault_Handler  stm32f10x_it.o
    0x08000514   0x08000514   0x0000005c   Code   RO         3448    i.MYDMA_Config      dma.o
    0x08000570   0x08000570   0x00000054   Code   RO         3450    i.MYDMA_Config2     dma.o
    0x080005c4   0x080005c4   0x00000004   Code   RO            4    i.MemManage_Handler  stm32f10x_it.o
    0x080005c8   0x080005c8   0x00000002   Code   RO            5    i.NMI_Handler       stm32f10x_it.o
    0x080005ca   0x080005ca   0x00000026   Code   RO         3274    i.NVIC_Configuration  bsp_usart.o
    0x080005f0   0x080005f0   0x00000070   Code   RO          221    i.NVIC_Init         misc.o
    0x08000660   0x08000660   0x00000014   Code   RO          222    i.NVIC_PriorityGroupConfig  misc.o
    0x08000674   0x08000674   0x00000002   Code   RO            6    i.PendSV_Handler    stm32f10x_it.o
    0x08000676   0x08000676   0x00000002   PAD
    0x08000678   0x08000678   0x00000020   Code   RO         1823    i.RCC_AHBPeriphClockCmd  stm32f10x_rcc.o
    0x08000698   0x08000698   0x00000020   Code   RO         1826    i.RCC_APB2PeriphClockCmd  stm32f10x_rcc.o
    0x080006b8   0x080006b8   0x000000d4   Code   RO         1834    i.RCC_GetClocksFreq  stm32f10x_rcc.o
    0x0800078c   0x0800078c   0x00000018   Code   RO         2309    i.SPI_Cmd           stm32f10x_spi.o
    0x080007a4   0x080007a4   0x00000130   Code   RO         3321    i.SPI_FLASH_BufferRead  bsp_spi_flash.o
    0x080008d4   0x080008d4   0x00000122   Code   RO         3322    i.SPI_FLASH_BufferWrite  bsp_spi_flash.o
    0x080009f6   0x080009f6   0x0000010e   Code   RO         3843    i.SPI_FLASH_BufferWrite1  w25qxx.o
    0x08000b04   0x08000b04   0x000000c0   Code   RO         3324    i.SPI_FLASH_Init    bsp_spi_flash.o
    0x08000bc4   0x08000bc4   0x000000d8   Code   RO         3325    i.SPI_FLASH_PageWrite  bsp_spi_flash.o
    0x08000c9c   0x08000c9c   0x00000050   Code   RO         3328    i.SPI_FLASH_ReadID  bsp_spi_flash.o
    0x08000cec   0x08000cec   0x00000044   Code   RO         3329    i.SPI_FLASH_SectorErase  bsp_spi_flash.o
    0x08000d30   0x08000d30   0x00000038   Code   RO         3330    i.SPI_FLASH_SendByte  bsp_spi_flash.o
    0x08000d68   0x08000d68   0x00000034   Code   RO         3333    i.SPI_FLASH_WaitForWriteEnd  bsp_spi_flash.o
    0x08000d9c   0x08000d9c   0x00000020   Code   RO         3334    i.SPI_FLASH_WriteEnable  bsp_spi_flash.o
    0x08000dbc   0x08000dbc   0x00000020   Code   RO         3336    i.SPI_Flash_WAKEUP  bsp_spi_flash.o
    0x08000ddc   0x08000ddc   0x00000012   Code   RO         2315    i.SPI_I2S_DMACmd    stm32f10x_spi.o
    0x08000dee   0x08000dee   0x00000012   Code   RO         2317    i.SPI_I2S_GetFlagStatus  stm32f10x_spi.o
    0x08000e00   0x08000e00   0x00000006   Code   RO         2320    i.SPI_I2S_ReceiveData  stm32f10x_spi.o
    0x08000e06   0x08000e06   0x00000004   Code   RO         2321    i.SPI_I2S_SendData  stm32f10x_spi.o
    0x08000e0a   0x08000e0a   0x0000003c   Code   RO         2322    i.SPI_Init          stm32f10x_spi.o
    0x08000e46   0x08000e46   0x00000002   Code   RO            7    i.SVC_Handler       stm32f10x_it.o
    0x08000e48   0x08000e48   0x00000008   Code   RO           98    i.SetSysClock       system_stm32f10x.o
    0x08000e50   0x08000e50   0x000000e0   Code   RO           99    i.SetSysClockTo72   system_stm32f10x.o
    0x08000f30   0x08000f30   0x00000028   Code   RO          225    i.SysTick_CLKSourceConfig  misc.o
    0x08000f58   0x08000f58   0x00000002   Code   RO            8    i.SysTick_Handler   stm32f10x_it.o
    0x08000f5a   0x08000f5a   0x00000002   PAD
    0x08000f5c   0x08000f5c   0x00000060   Code   RO          101    i.SystemInit        system_stm32f10x.o
    0x08000fbc   0x08000fbc   0x00000018   Code   RO         3003    i.USART_Cmd         stm32f10x_usart.o
    0x08000fd4   0x08000fd4   0x00000090   Code   RO         3275    i.USART_Config      bsp_usart.o
    0x08001064   0x08001064   0x0000001a   Code   RO         3006    i.USART_GetFlagStatus  stm32f10x_usart.o
    0x0800107e   0x0800107e   0x0000004a   Code   RO         3009    i.USART_ITConfig    stm32f10x_usart.o
    0x080010c8   0x080010c8   0x000000d8   Code   RO         3010    i.USART_Init        stm32f10x_usart.o
    0x080011a0   0x080011a0   0x00000008   Code   RO         3020    i.USART_SendData    stm32f10x_usart.o
    0x080011a8   0x080011a8   0x00000004   Code   RO            9    i.UsageFault_Handler  stm32f10x_it.o
    0x080011ac   0x080011ac   0x00000084   Code   RO         3848    i.W25Qxx_PageWrite  w25qxx.o
    0x08001230   0x08001230   0x0000005c   Code   RO         3849    i.W25Qxx_ReadData   w25qxx.o
    0x0800128c   0x0800128c   0x00000058   Code   RO         3850    i.W25Qxx_ReadID     w25qxx.o
    0x080012e4   0x080012e4   0x0000004c   Code   RO         3851    i.W25Qxx_SectorErase  w25qxx.o
    0x08001330   0x08001330   0x00000042   Code   RO         3852    i.W25Qxx_SectorWrite  w25qxx.o
    0x08001372   0x08001372   0x00000078   Code   RO         3853    i.W25Qxx_Sector_ReadData  w25qxx.o
    0x080013ea   0x080013ea   0x00000002   PAD
    0x080013ec   0x080013ec   0x00000064   Code   RO         3854    i.W25Qxx_WaitForBusyStatus  w25qxx.o
    0x08001450   0x08001450   0x00000024   Code   RO         3855    i.W25Qxx_WriteDisable  w25qxx.o
    0x08001474   0x08001474   0x00000024   Code   RO         3856    i.W25Qxx_WriteEnable  w25qxx.o
    0x08001498   0x08001498   0x00000020   Code   RO         3857    i.W25Qxx_hw_CS      w25qxx.o
    0x080014b8   0x080014b8   0x00000002   Code   RO         3858    i.W25Qxx_hw_DMA_Init  w25qxx.o
    0x080014ba   0x080014ba   0x00000002   PAD
    0x080014bc   0x080014bc   0x000000f0   Code   RO         3859    i.W25Qxx_hw_DMA_ReadData  w25qxx.o
    0x080015ac   0x080015ac   0x00000058   Code   RO         3860    i.W25Qxx_hw_DMA_SendData  w25qxx.o
    0x08001604   0x08001604   0x00000002   Code   RO         3861    i.W25Qxx_hw_DMA_Wait  w25qxx.o
    0x08001606   0x08001606   0x0000001e   Code   RO         3862    i.W25Qxx_hw_ReadData  w25qxx.o
    0x08001624   0x08001624   0x0000001c   Code   RO         3863    i.W25Qxx_hw_SendData  w25qxx.o
    0x08001640   0x08001640   0x00000020   Code   RO         4114    i.__0printf$5       mc_w.l(printf5.o)
    0x08001660   0x08001660   0x0000000e   Code   RO         4284    i.__scatterload_copy  mc_w.l(handlers.o)
    0x0800166e   0x0800166e   0x00000002   Code   RO         4285    i.__scatterload_null  mc_w.l(handlers.o)
    0x08001670   0x08001670   0x0000000e   Code   RO         4286    i.__scatterload_zeroinit  mc_w.l(handlers.o)
    0x0800167e   0x0800167e   0x00000002   PAD
    0x08001680   0x08001680   0x000002c0   Code   RO         4121    i._printf_core      mc_w.l(printf5.o)
    0x08001940   0x08001940   0x00000090   Code   RO         3533    i.check_fs          ff.o
    0x080019d0   0x080019d0   0x00000014   Code   RO         3534    i.chk_chr           ff.o
    0x080019e4   0x080019e4   0x0000001a   Code   RO         3535    i.clust2sect        ff.o
    0x080019fe   0x080019fe   0x000000d6   Code   RO         3536    i.create_chain      ff.o
    0x08001ad4   0x08001ad4   0x00000158   Code   RO         3537    i.create_name       ff.o
    0x08001c2c   0x08001c2c   0x00000044   Code   RO         3236    i.delay_init        delay.o
    0x08001c70   0x08001c70   0x0000004c   Code   RO         3237    i.delay_ms          delay.o
    0x08001cbc   0x08001cbc   0x0000005c   Code   RO         3538    i.dir_alloc         ff.o
    0x08001d18   0x08001d18   0x0000005c   Code   RO         3539    i.dir_find          ff.o
    0x08001d74   0x08001d74   0x0000013c   Code   RO         3540    i.dir_next          ff.o
    0x08001eb0   0x08001eb0   0x0000003a   Code   RO         3542    i.dir_register      ff.o
    0x08001eea   0x08001eea   0x000000c8   Code   RO         3544    i.dir_sdi           ff.o
    0x08001fb2   0x08001fb2   0x0000003a   Code   RO         3482    i.disk_initialize   diskio.o
    0x08001fec   0x08001fec   0x00000042   Code   RO         3483    i.disk_ioctl        diskio.o
    0x0800202e   0x0800202e   0x00000040   Code   RO         3484    i.disk_read         diskio.o
    0x0800206e   0x0800206e   0x00000002   PAD
    0x08002070   0x08002070   0x00000034   Code   RO         3485    i.disk_status       diskio.o
    0x080020a4   0x080020a4   0x0000004e   Code   RO         3486    i.disk_write        diskio.o
    0x080020f2   0x080020f2   0x00000020   Code   RO         3546    i.f_close           ff.o
    0x08002112   0x08002112   0x00000002   PAD
    0x08002114   0x08002114   0x00000684   Code   RO         3553    i.f_mkfs            ff.o
    0x08002798   0x08002798   0x0000005c   Code   RO         3554    i.f_mount           ff.o
    0x080027f4   0x080027f4   0x00000162   Code   RO         3555    i.f_open            ff.o
    0x08002956   0x08002956   0x000001d0   Code   RO         3560    i.f_read            ff.o
    0x08002b26   0x08002b26   0x000000b0   Code   RO         3565    i.f_sync            ff.o
    0x08002bd6   0x08002bd6   0x0000020c   Code   RO         3569    i.f_write           ff.o
    0x08002de2   0x08002de2   0x00000002   PAD
    0x08002de4   0x08002de4   0x000003c8   Code   RO         3570    i.find_volume       ff.o
    0x080031ac   0x080031ac   0x00000090   Code   RO         3571    i.follow_path       ff.o
    0x0800323c   0x0800323c   0x00000024   Code   RO         3280    i.fputc             bsp_usart.o
    0x08003260   0x08003260   0x0000013e   Code   RO         3572    i.get_fat           ff.o
    0x0800339e   0x0800339e   0x00000002   PAD
    0x080033a0   0x080033a0   0x00000008   Code   RO         3487    i.get_fattime       diskio.o
    0x080033a8   0x080033a8   0x0000004a   Code   RO         3574    i.get_ldnumber      ff.o
    0x080033f2   0x080033f2   0x00000020   Code   RO         3575    i.ld_clust          ff.o
    0x08003412   0x08003412   0x00000002   PAD
    0x08003414   0x08003414   0x0000067c   Code   RO          132    i.main              main.o
    0x08003a90   0x08003a90   0x00000026   Code   RO         3576    i.mem_cmp           ff.o
    0x08003ab6   0x08003ab6   0x0000001a   Code   RO         3577    i.mem_cpy           ff.o
    0x08003ad0   0x08003ad0   0x00000014   Code   RO         3578    i.mem_set           ff.o
    0x08003ae4   0x08003ae4   0x00000034   Code   RO         3579    i.move_window       ff.o
    0x08003b18   0x08003b18   0x00000188   Code   RO         3580    i.put_fat           ff.o
    0x08003ca0   0x08003ca0   0x0000006c   Code   RO         3582    i.remove_chain      ff.o
    0x08003d0c   0x08003d0c   0x00000010   Code   RO         3583    i.st_clust          ff.o
    0x08003d1c   0x08003d1c   0x000000c8   Code   RO         3584    i.sync_fs           ff.o
    0x08003de4   0x08003de4   0x00000052   Code   RO         3585    i.sync_window       ff.o
    0x08003e36   0x08003e36   0x00000036   Code   RO         3586    i.validate          ff.o
    0x08003e6c   0x08003e6c   0x0000002c   Data   RO         3587    .constdata          ff.o
    0x08003e98   0x08003e98   0x00000020   Data   RO         4282    Region$$Table       anon$$obj.o


    Execution Region RW_IRAM1 (Exec base: 0x20000000, Load base: 0x08003eb8, Size: 0x00004fd8, Max: 0x00005000, ABSOLUTE)

    Exec Addr    Load Addr    Size         Type   Attr      Idx    E Section Name        Object

    0x20000000   0x08003eb8   0x00000014   Data   RW          102    .data               system_stm32f10x.o
    0x20000014   0x08003ecc   0x0000002d   Data   RW          134    .data               main.o
    0x20000041   0x08003ef9   0x00000014   Data   RW         1854    .data               stm32f10x_rcc.o
    0x20000055   0x08003f0d   0x00000001   PAD
    0x20000056   0x08003f0e   0x00000004   Data   RW         3239    .data               delay.o
    0x2000005a   0x08003f12   0x00000002   Data   RW         3453    .data               dma.o
    0x2000005c   0x08003f14   0x0000000a   Data   RW         3588    .data               ff.o
    0x20000066   0x08003f1e   0x00000002   PAD
    0x20000068   0x08003f20   0x00000030   Data   RW         3864    .data               w25qxx.o
    0x20000098   0x08003f50   0x00000004   Data   RW         4256    .data               mc_w.l(stdout.o)
    0x2000009c        -       0x00003ad0   Zero   RW          133    .bss                main.o
    0x20003b6c        -       0x00001012   Zero   RW         3337    .bss                bsp_spi_flash.o
    0x20004b7e   0x08003f54   0x00000002   PAD
    0x20004b80        -       0x00000058   Zero   RW         3452    .bss                dma.o
    0x20004bd8        -       0x00000400   Zero   RW          214    STACK               startup_stm32f10x_hd.o


==============================================================================

Image component sizes


      Code (inc. data)   RO Data    RW Data    ZI Data      Debug   Object Name

      1322        130          0          0       4114       7611   bsp_spi_flash.o
       218         12          0          0          0       1747   bsp_usart.o
         0          0          0          0          0         32   core_cm3.o
       144         22          0          4          0       1228   delay.o
       326         10          0          0          0       8220   diskio.o
       176         18          0          2         88       2059   dma.o
      7340        112         44         10          0      29639   ff.o
      1660        938          0         45      15056     230297   main.o
       172         22          0          0          0       2097   misc.o
        36          8        304          0       1024        800   startup_stm32f10x_hd.o
       444         18          0          0          0       3986   stm32f10x_dma.o
       286          0          0          0          0       3076   stm32f10x_gpio.o
        26          0          0          0          0      31498   stm32f10x_it.o
       276         32          0         20          0       4485   stm32f10x_rcc.o
       130          0          0          0          0       4495   stm32f10x_spi.o
       348          6          0          0          0       4913   stm32f10x_usart.o
       328         28          0         20          0       2137   system_stm32f10x.o
      1438         74          0         48          0      16099   w25qxx.o

    ----------------------------------------------------------------------
     14690       1430        380        152      20284     354419   Object Totals
         0          0         32          0          0          0   (incl. Generated)
        20          0          0          3          2          0   (incl. Padding)

    ----------------------------------------------------------------------

      Code (inc. data)   RO Data    RW Data    ZI Data      Debug   Library Member Name

         0          0          0          0          0          0   entry.o
         0          0          0          0          0          0   entry10a.o
         0          0          0          0          0          0   entry11a.o
         8          4          0          0          0          0   entry2.o
         4          0          0          0          0          0   entry5.o
         0          0          0          0          0          0   entry7b.o
         0          0          0          0          0          0   entry8b.o
         8          4          0          0          0          0   entry9a.o
        30          0          0          0          0          0   handlers.o
        36          8          0          0          0         68   init.o
        30          0          0          0          0         68   llshl.o
        32          0          0          0          0         68   llushr.o
       736         56          0          0          0        184   printf5.o
         0          0          0          4          0          0   stdout.o
        98          0          0          0          0         92   uldiv.o

    ----------------------------------------------------------------------
       986         72          0          4          0        480   Library Totals
         4          0          0          0          0          0   (incl. Padding)

    ----------------------------------------------------------------------

      Code (inc. data)   RO Data    RW Data    ZI Data      Debug   Library Name

       982         72          0          4          0        480   mc_w.l

    ----------------------------------------------------------------------
       986         72          0          4          0        480   Library Totals

    ----------------------------------------------------------------------

==============================================================================


      Code (inc. data)   RO Data    RW Data    ZI Data      Debug   

     15676       1502        380        156      20284     349383   Grand Totals
     15676       1502        380        156      20284     349383   ELF Image Totals
     15676       1502        380        156          0          0   ROM Totals

==============================================================================

    Total RO  Size (Code + RO Data)                16056 (  15.68kB)
    Total RW  Size (RW Data + ZI Data)             20440 (  19.96kB)
    Total ROM Size (Code + RO Data + RW Data)      16212 (  15.83kB)

==============================================================================

