Component: ARM Compiler 5.06 update 6 (build 750) Tool: armlink [4d35ed]

==============================================================================

Section Cross References

    startup_stm32f103xe.o(RESET) refers to startup_stm32f103xe.o(STACK) for __initial_sp
    startup_stm32f103xe.o(RESET) refers to startup_stm32f103xe.o(.text) for Reset_Handler
    startup_stm32f103xe.o(RESET) refers to stm32f1xx_it.o(i.NMI_Handler) for NMI_Handler
    startup_stm32f103xe.o(RESET) refers to stm32f1xx_it.o(i.HardFault_Handler) for HardFault_Handler
    startup_stm32f103xe.o(RESET) refers to stm32f1xx_it.o(i.MemManage_Handler) for MemManage_Handler
    startup_stm32f103xe.o(RESET) refers to stm32f1xx_it.o(i.BusFault_Handler) for BusFault_Handler
    startup_stm32f103xe.o(RESET) refers to stm32f1xx_it.o(i.UsageFault_Handler) for UsageFault_Handler
    startup_stm32f103xe.o(RESET) refers to stm32f1xx_it.o(i.SVC_Handler) for SVC_Handler
    startup_stm32f103xe.o(RESET) refers to stm32f1xx_it.o(i.DebugMon_Handler) for DebugMon_Handler
    startup_stm32f103xe.o(RESET) refers to stm32f1xx_it.o(i.PendSV_Handler) for PendSV_Handler
    startup_stm32f103xe.o(RESET) refers to stm32f1xx_it.o(i.SysTick_Handler) for SysTick_Handler
    startup_stm32f103xe.o(RESET) refers to debug.o(i.DMA1_Channel4_IRQHandler) for DMA1_Channel4_IRQHandler
    startup_stm32f103xe.o(RESET) refers to debug.o(i.DMA1_Channel5_IRQHandler) for DMA1_Channel5_IRQHandler
    startup_stm32f103xe.o(RESET) refers to debug.o(i.DMA1_Channel6_IRQHandler) for DMA1_Channel6_IRQHandler
    startup_stm32f103xe.o(RESET) refers to debug.o(i.DMA1_Channel7_IRQHandler) for DMA1_Channel7_IRQHandler
    startup_stm32f103xe.o(RESET) refers to debug.o(i.USART2_IRQHandler) for USART2_IRQHandler
    startup_stm32f103xe.o(.text) refers to system_stm32f1xx.o(i.SystemInit) for SystemInit
    startup_stm32f103xe.o(.text) refers to entry.o(.ARM.Collect$$$$00000000) for __main
    main.o(i.SystemClock_Config) refers to memseta.o(.text) for __aeabi_memclr4
    main.o(i.SystemClock_Config) refers to stm32f1xx_hal_rcc.o(i.HAL_RCC_OscConfig) for HAL_RCC_OscConfig
    main.o(i.SystemClock_Config) refers to stm32f1xx_hal_rcc.o(i.HAL_RCC_ClockConfig) for HAL_RCC_ClockConfig
    main.o(i.main) refers to stm32f1xx_hal.o(i.HAL_Init) for HAL_Init
    main.o(i.main) refers to main.o(i.SystemClock_Config) for SystemClock_Config
    main.o(i.main) refers to debug.o(i.Debug_Init) for Debug_Init
    main.o(i.main) refers to w25qxx.o(i.User_W25Qxx_Init) for User_W25Qxx_Init
    main.o(i.main) refers to w25qxx.o(i.W25Qxx_ReadID) for W25Qxx_ReadID
    main.o(i.main) refers to printf5.o(i.__0printf$5) for __2printf
    main.o(i.main) refers to stm32f1xx_hal.o(i.HAL_Delay) for HAL_Delay
    main.o(i.main) refers to w25qxx.o(i.W25Qxx_SectorErase) for W25Qxx_SectorErase
    main.o(i.main) refers to w25qxx.o(i.W25Qxx_SectorWrite) for W25Qxx_SectorWrite
    main.o(i.main) refers to w25qxx.o(i.W25Qxx_Sector_ReadData) for W25Qxx_Sector_ReadData
    main.o(i.main) refers to ff.o(i.f_mount) for f_mount
    main.o(i.main) refers to ff.o(i.f_mkfs) for f_mkfs
    main.o(i.main) refers to ff.o(i.f_open) for f_open
    main.o(i.main) refers to ff.o(i.f_close) for f_close
    main.o(i.main) refers to ff.o(i.f_write) for f_write
    main.o(i.main) refers to ff.o(i.f_read) for f_read
    main.o(i.main) refers to w25qxx.o(.data) for W25Qxx_handler
    main.o(i.main) refers to main.o(.bss) for .bss
    main.o(i.main) refers to main.o(.data) for .data
    main.o(.data) refers to main.o(.bss) for bmp_buf
    stm32f1xx_it.o(i.SysTick_Handler) refers to stm32f1xx_hal.o(i.HAL_IncTick) for HAL_IncTick
    stm32f1xx_hal.o(i.HAL_DeInit) refers to stm32f1xx_hal.o(i.HAL_MspDeInit) for HAL_MspDeInit
    stm32f1xx_hal.o(i.HAL_Delay) refers to stm32f1xx_hal.o(i.HAL_GetTick) for HAL_GetTick
    stm32f1xx_hal.o(i.HAL_Delay) refers to stm32f1xx_hal.o(.data) for .data
    stm32f1xx_hal.o(i.HAL_GetTick) refers to stm32f1xx_hal.o(.data) for .data
    stm32f1xx_hal.o(i.HAL_GetTickFreq) refers to stm32f1xx_hal.o(.data) for .data
    stm32f1xx_hal.o(i.HAL_GetTickPrio) refers to stm32f1xx_hal.o(.data) for .data
    stm32f1xx_hal.o(i.HAL_IncTick) refers to stm32f1xx_hal.o(.data) for .data
    stm32f1xx_hal.o(i.HAL_Init) refers to stm32f1xx_hal_cortex.o(i.HAL_NVIC_SetPriorityGrouping) for HAL_NVIC_SetPriorityGrouping
    stm32f1xx_hal.o(i.HAL_Init) refers to stm32f1xx_hal.o(i.HAL_InitTick) for HAL_InitTick
    stm32f1xx_hal.o(i.HAL_Init) refers to stm32f1xx_hal_msp.o(i.HAL_MspInit) for HAL_MspInit
    stm32f1xx_hal.o(i.HAL_InitTick) refers to stm32f1xx_hal_cortex.o(i.HAL_SYSTICK_Config) for HAL_SYSTICK_Config
    stm32f1xx_hal.o(i.HAL_InitTick) refers to stm32f1xx_hal_cortex.o(i.HAL_NVIC_SetPriority) for HAL_NVIC_SetPriority
    stm32f1xx_hal.o(i.HAL_InitTick) refers to stm32f1xx_hal.o(.data) for .data
    stm32f1xx_hal.o(i.HAL_InitTick) refers to system_stm32f1xx.o(.data) for SystemCoreClock
[...]
    Removing stm32f1xx_hal_usart.o(i.USART_EndRxTransfer), (28 bytes).
    Removing stm32f1xx_hal_usart.o(i.USART_EndTxTransfer), (18 bytes).
    Removing stm32f1xx_hal_usart.o(i.USART_Receive_IT), (144 bytes).
    Removing stm32f1xx_hal_usart.o(i.USART_SetConfig), (212 bytes).
    Removing stm32f1xx_hal_usart.o(i.USART_TransmitReceive_IT), (214 bytes).
    Removing stm32f1xx_hal_usart.o(i.USART_WaitOnFlagUntilTimeout), (116 bytes).
    Removing system_stm32f1xx.o(.rev16_text), (4 bytes).
    Removing system_stm32f1xx.o(.revsh_text), (4 bytes).
    Removing system_stm32f1xx.o(.rrx_text), (6 bytes).
    Removing system_stm32f1xx.o(i.SystemCoreClockUpdate), (104 bytes).
    Removing debug.o(.rev16_text), (4 bytes).
    Removing debug.o(.revsh_text), (4 bytes).
    Removing debug.o(.rrx_text), (6 bytes).
    Removing debug.o(i.us_os_test), (2 bytes).
    Removing debug.o(.constdata), (38080 bytes).
    Removing debug.o(.data), (1 bytes).
    Removing w25qxx.o(.rev16_text), (4 bytes).
    Removing w25qxx.o(.revsh_text), (4 bytes).
    Removing w25qxx.o(.rrx_text), (6 bytes).
    Removing w25qxx.o(i.W25Qx_Read_Font), (136 bytes).
    Removing w25qxx.o(i.W25Qxx_BlockErase), (64 bytes).
    Removing w25qxx.o(i.W25Qxx_ChipErase), (56 bytes).
    Removing diskio.o(.rev16_text), (4 bytes).
    Removing diskio.o(.revsh_text), (4 bytes).
    Removing diskio.o(.rrx_text), (6 bytes).
    Removing ff.o(.rev16_text), (4 bytes).
    Removing ff.o(.revsh_text), (4 bytes).
    Removing ff.o(.rrx_text), (6 bytes).
    Removing ff.o(i.dir_read), (96 bytes).
    Removing ff.o(i.dir_remove), (30 bytes).
    Removing ff.o(i.f_closedir), (20 bytes).
    Removing ff.o(i.f_getfree), (208 bytes).
    Removing ff.o(i.f_lseek), (336 bytes).
    Removing ff.o(i.f_mkdir), (258 bytes).
    Removing ff.o(i.f_opendir), (98 bytes).
    Removing ff.o(i.f_readdir), (64 bytes).
    Removing ff.o(i.f_rename), (250 bytes).
    Removing ff.o(i.f_stat), (60 bytes).
    Removing ff.o(i.f_truncate), (162 bytes).
    Removing ff.o(i.f_unlink), (146 bytes).
    Removing ff.o(i.get_fileinfo), (104 bytes).
    Removing dadd.o(.text), (334 bytes).
    Removing dmul.o(.text), (228 bytes).
    Removing ddiv.o(.text), (222 bytes).
    Removing dfixul.o(.text), (48 bytes).
    Removing cdrcmple.o(.text), (48 bytes).
    Removing depilogue.o(.text), (186 bytes).

332 unused section(s) (total 58287 bytes) removed from the image.

==============================================================================

Image Symbol Table

    Local Symbols

    Symbol Name                              Value     Ov Type        Size  Object(Section)

    ../Core/Src/main.c                       0x00000000   Number         0  main.o ABSOLUTE
    ../Core/Src/stm32f1xx_hal_msp.c          0x00000000   Number         0  stm32f1xx_hal_msp.o ABSOLUTE
    ../Core/Src/stm32f1xx_it.c               0x00000000   Number         0  stm32f1xx_it.o ABSOLUTE
    ../Core/Src/system_stm32f1xx.c           0x00000000   Number         0  system_stm32f1xx.o ABSOLUTE
    ../Drivers/STM32F1xx_HAL_Driver/Src/stm32f1xx_hal.c 0x00000000   Number         0  stm32f1xx_hal.o ABSOLUTE
    ../Drivers/STM32F1xx_HAL_Driver/Src/stm32f1xx_hal_cortex.c 0x00000000   Number         0  stm32f1xx_hal_cortex.o ABSOLUTE
    ../Drivers/STM32F1xx_HAL_Driver/Src/stm32f1xx_hal_dma.c 0x00000000   Number         0  stm32f1xx_hal_dma.o ABSOLUTE
    ../Drivers/STM32F1xx_HAL_Driver/Src/stm32f1xx_hal_exti.c 0x00000000   Number         0  stm32f1xx_hal_exti.o ABSOLUTE
    ../Drivers/STM32F1xx_HAL_Driver/Src/stm32f1xx_hal_flash.c 0x00000000   Number         0  stm32f1xx_hal_flash.o ABSOLUTE
    ../Drivers/STM32F1xx_HAL_Driver/Src/stm32f1xx_hal_flash_ex.c 0x00000000   Number         0  stm32f1xx_hal_flash_ex.o ABSOLUTE
    ../Drivers/STM32F1xx_HAL_Driver/Src/stm32f1xx_hal_gpio.c 0x00000000   Number         0  stm32f1xx_hal_gpio.o ABSOLUTE
    ../Drivers/STM32F1xx_HAL_Driver/Src/stm32f1xx_hal_gpio_ex.c 0x00000000   Number         0  stm32f1xx_hal_gpio_ex.o ABSOLUTE
    ../Drivers/STM32F1xx_HAL_Driver/Src/stm32f1xx_hal_pwr.c 0x00000000   Number         0  stm32f1xx_hal_pwr.o ABSOLUTE
    ../Drivers/STM32F1xx_HAL_Driver/Src/stm32f1xx_hal_rcc.c 0x00000000   Number         0  stm32f1xx_hal_rcc.o ABSOLUTE
    ../Drivers/STM32F1xx_HAL_Driver/Src/stm32f1xx_hal_rcc_ex.c 0x00000000   Number         0  stm32f1xx_hal_rcc_ex.o ABSOLUTE
    ../Drivers/STM32F1xx_HAL_Driver/Src/stm32f1xx_hal_tim.c 0x00000000   Number         0  stm32f1xx_hal_tim.o ABSOLUTE
    ../Drivers/STM32F1xx_HAL_Driver/Src/stm32f1xx_hal_tim_ex.c 0x00000000   Number         0  stm32f1xx_hal_tim_ex.o ABSOLUTE
    ../clib/microlib/division.c              0x00000000   Number         0  uidiv.o ABSOLUTE
    ../clib/microlib/division.c              0x00000000   Number         0  uldiv.o ABSOLUTE
    ../clib/microlib/init/entry.s            0x00000000   Number         0  entry11a.o ABSOLUTE
    ../clib/microlib/init/entry.s            0x00000000   Number         0  entry10b.o ABSOLUTE
    ../clib/microlib/init/entry.s            0x00000000   Number         0  entry10a.o ABSOLUTE
    ../clib/microlib/init/entry.s            0x00000000   Number         0  entry9b.o ABSOLUTE
    ../clib/microlib/init/entry.s            0x00000000   Number         0  entry7b.o ABSOLUTE
    ../clib/microlib/init/entry.s            0x00000000   Number         0  entry11b.o ABSOLUTE
    ../clib/microlib/init/entry.s            0x00000000   Number         0  entry9a.o ABSOLUTE
    ../clib/microlib/init/entry.s            0x00000000   Number         0  entry2.o ABSOLUTE
    ../clib/microlib/init/entry.s            0x00000000   Number         0  entry8b.o ABSOLUTE
    ../clib/microlib/init/entry.s            0x00000000   Number         0  entry8a.o ABSOLUTE
    ../clib/microlib/init/entry.s            0x00000000   Number         0  entry7a.o ABSOLUTE
    ../clib/microlib/init/entry.s            0x00000000   Number         0  entry5.o ABSOLUTE
    ../clib/microlib/init/entry.s            0x00000000   Number         0  entry.o ABSOLUTE
    ../clib/microlib/longlong.c              0x00000000   Number         0  llushr.o ABSOLUTE
    ../clib/microlib/longlong.c              0x00000000   Number         0  llsshr.o ABSOLUTE
    ../clib/microlib/longlong.c              0x00000000   Number         0  llshl.o ABSOLUTE
    ../clib/microlib/printf/printf.c         0x00000000   Number         0  printf0.o ABSOLUTE
    ../clib/microlib/printf/printf.c         0x00000000   Number         0  printf2.o ABSOLUTE
    ../clib/microlib/printf/printf.c         0x00000000   Number         0  printfa.o ABSOLUTE
    ../clib/microlib/printf/printf.c         0x00000000   Number         0  printf1.o ABSOLUTE
    ../clib/microlib/printf/printf.c         0x00000000   Number         0  printf8.o ABSOLUTE
    ../clib/microlib/printf/printf.c         0x00000000   Number         0  printf7.o ABSOLUTE
    ../clib/microlib/printf/printf.c         0x00000000   Number         0  printf6.o ABSOLUTE
    ../clib/microlib/printf/printf.c         0x00000000   Number         0  printf5.o ABSOLUTE
    ../clib/microlib/printf/printf.c         0x00000000   Number         0  printf4.o ABSOLUTE
    ../clib/microlib/printf/printf.c         0x00000000   Number         0  printf3.o ABSOLUTE
    ../clib/microlib/printf/printf.c         0x00000000   Number         0  printfb.o ABSOLUTE
    ../clib/microlib/printf/stubs.s          0x00000000   Number         0  stubs.o ABSOLUTE
    ../clib/microlib/stdio/streams.c         0x00000000   Number         0  stdout.o ABSOLUTE
    ../clib/microlib/string/memset.c         0x00000000   Number         0  memseta.o ABSOLUTE
    ../clib/microlib/stubs.s                 0x00000000   Number         0  iusefp.o ABSOLUTE
    ../fplib/microlib/fpadd.c                0x00000000   Number         0  dadd.o ABSOLUTE
    ../fplib/microlib/fpdiv.c                0x00000000   Number         0  ddiv.o ABSOLUTE
    ../fplib/microlib/fpepilogue.c           0x00000000   Number         0  depilogue.o ABSOLUTE
    ../fplib/microlib/fpfix.c                0x00000000   Number         0  dfixul.o ABSOLUTE
    ../fplib/microlib/fpmul.c                0x00000000   Number         0  dmul.o ABSOLUTE
    ..\Core\Src\main.c                       0x00000000   Number         0  main.o ABSOLUTE
    ..\Core\Src\stm32f1xx_hal_msp.c          0x00000000   Number         0  stm32f1xx_hal_msp.o ABSOLUTE
    ..\Core\Src\stm32f1xx_it.c               0x00000000   Number         0  stm32f1xx_it.o ABSOLUTE
    ..\Core\Src\system_stm32f1xx.c           0x00000000   Number         0  system_stm32f1xx.o ABSOLUTE
    ..\Drivers\STM32F1xx_HAL_Driver\Src\stm32f1xx_hal.c 0x00000000   Number         0  stm32f1xx_hal.o ABSOLUTE
    ..\Drivers\STM32F1xx_HAL_Driver\Src\stm32f1xx_hal_cortex.c 0x00000000   Number         0  stm32f1xx_hal_cortex.o ABSOLUTE
    ..\Drivers\STM32F1xx_HAL_Driver\Src\stm32f1xx_hal_dma.c 0x00000000   Number         0  stm32f1xx_hal_dma.o ABSOLUTE
    ..\Drivers\STM32F1xx_HAL_Driver\Src\stm32f1xx_hal_exti.c 0x00000000   Number         0  stm32f1xx_hal_exti.o ABSOLUTE
    ..\Drivers\STM32F1xx_HAL_Driver\Src\stm32f1xx_hal_flash.c 0x00000000   Number         0  stm32f1xx_hal_flash.o ABSOLUTE
    ..\Drivers\STM32F1xx_HAL_Driver\Src\stm32f1xx_hal_flash_ex.c 0x00000000   Number         0  stm32f1xx_hal_flash_ex.o ABSOLUTE
    ..\Drivers\STM32F1xx_HAL_Driver\Src\stm32f1xx_hal_gpio.c 0x00000000   Number         0  stm32f1xx_hal_gpio.o ABSOLUTE
    ..\Drivers\STM32F1xx_HAL_Driver\Src\stm32f1xx_hal_gpio_ex.c 0x00000000   Number         0  stm32f1xx_hal_gpio_ex.o ABSOLUTE
    ..\Drivers\STM32F1xx_HAL_Driver\Src\stm32f1xx_hal_pwr.c 0x00000000   Number         0  stm32f1xx_hal_pwr.o ABSOLUTE
    ..\Drivers\STM32F1xx_HAL_Driver\Src\stm32f1xx_hal_rcc.c 0x00000000   Number         0  stm32f1xx_hal_rcc.o ABSOLUTE
    ..\Drivers\STM32F1xx_HAL_Driver\Src\stm32f1xx_hal_rcc_ex.c 0x00000000   Number         0  stm32f1xx_hal_rcc_ex.o ABSOLUTE
    ..\Drivers\STM32F1xx_HAL_Driver\Src\stm32f1xx_hal_spi.c 0x00000000   Number         0  stm32f1xx_hal_spi.o ABSOLUTE
    ..\Drivers\STM32F1xx_HAL_Driver\Src\stm32f1xx_hal_tim.c 0x00000000   Number         0  stm32f1xx_hal_tim.o ABSOLUTE
    ..\Drivers\STM32F1xx_HAL_Driver\Src\stm32f1xx_hal_tim_ex.c 0x00000000   Number         0  stm32f1xx_hal_tim_ex.o ABSOLUTE
    ..\Drivers\STM32F1xx_HAL_Driver\Src\stm32f1xx_hal_uart.c 0x00000000   Number         0  stm32f1xx_hal_uart.o ABSOLUTE
    ..\Drivers\STM32F1xx_HAL_Driver\Src\stm32f1xx_hal_usart.c 0x00000000   Number         0  stm32f1xx_hal_usart.o ABSOLUTE
    ..\USER\BSP\Debug.c                      0x00000000   Number         0  debug.o ABSOLUTE
    ..\USER\Fatfs\diskio.c                   0x00000000   Number         0  diskio.o ABSOLUTE
    ..\USER\Fatfs\ff.c                       0x00000000   Number         0  ff.o ABSOLUTE
    ..\USER\Fatfs\ffsystem.c                 0x00000000   Number         0  ffsystem.o ABSOLUTE
    ..\USER\Fatfs\ffunicode.c                0x00000000   Number         0  ffunicode.o ABSOLUTE
    ..\USER\Hardware\W25Qxx.c                0x00000000   Number         0  w25qxx.o ABSOLUTE
    ..\\Drivers\\STM32F1xx_HAL_Driver\\Src\\stm32f1xx_hal_spi.c 0x00000000   Number         0  stm32f1xx_hal_spi.o ABSOLUTE
    ..\\Drivers\\STM32F1xx_HAL_Driver\\Src\\stm32f1xx_hal_uart.c 0x00000000   Number         0  stm32f1xx_hal_uart.o ABSOLUTE
    ..\\Drivers\\STM32F1xx_HAL_Driver\\Src\\stm32f1xx_hal_usart.c 0x00000000   Number         0  stm32f1xx_hal_usart.o ABSOLUTE
    ..\\USER\\BSP\\Debug.c                   0x00000000   Number         0  debug.o ABSOLUTE
    ..\\USER\\Fatfs\\diskio.c                0x00000000   Number         0  diskio.o ABSOLUTE
    ..\\USER\\Fatfs\\ff.c                    0x00000000   Number         0  ff.o ABSOLUTE
    ..\\USER\\Hardware\\W25Qxx.c             0x00000000   Number         0  w25qxx.o ABSOLUTE
    cdrcmple.s                               0x00000000   Number         0  cdrcmple.o ABSOLUTE
    dc.s                                     0x00000000   Number         0  dc.o ABSOLUTE
    handlers.s                               0x00000000   Number         0  handlers.o ABSOLUTE
    init.s                                   0x00000000   Number         0  init.o ABSOLUTE
    startup_stm32f103xe.s                    0x00000000   Number         0  startup_stm32f103xe.o ABSOLUTE
    RESET                                    0x08000000   Section      304  startup_stm32f103xe.o(RESET)
    .ARM.Collect$$$$00000000                 0x08000130   Section        0  entry.o(.ARM.Collect$$$$00000000)
    .ARM.Collect$$$$00000001                 0x08000130   Section        4  entry2.o(.ARM.Collect$$$$00000001)
    .ARM.Collect$$$$00000004                 0x08000134   Section        4  entry5.o(.ARM.Collect$$$$00000004)
    .ARM.Collect$$$$00000008                 0x08000138   Section        0  entry7b.o(.ARM.Collect$$$$00000008)
    .ARM.Collect$$$$0000000A                 0x08000138   Section        0  entry8b.o(.ARM.Collect$$$$0000000A)
    .ARM.Collect$$$$0000000B                 0x08000138   Section        8  entry9a.o(.ARM.Collect$$$$0000000B)
    .ARM.Collect$$$$0000000D                 0x08000140   Section        0  entry10a.o(.ARM.Collect$$$$0000000D)
    .ARM.Collect$$$$0000000F                 0x08000140   Section        0  entry11a.o(.ARM.Collect$$$$0000000F)
    .ARM.Collect$$$$00002712                 0x08000140   Section        4  entry2.o(.ARM.Collect$$$$00002712)
    __lit__00000000                          0x08000140   Data           4  entry2.o(.ARM.Collect$$$$00002712)
    .text                                    0x08000144   Section       36  startup_stm32f103xe.o(.text)
    .text                                    0x08000168   Section        0  llushr.o(.text)
    .text                                    0x08000188   Section        0  memseta.o(.text)
    .text                                    0x080001ac   Section        0  uldiv.o(.text)
    .text                                    0x08000210   Section       36  init.o(.text)
    .text                                    0x08000234   Section        0  llshl.o(.text)
    i.BusFault_Handler                       0x08000252   Section        0  stm32f1xx_it.o(i.BusFault_Handler)
    i.DMA1_Channel4_IRQHandler               0x08000254   Section        0  debug.o(i.DMA1_Channel4_IRQHandler)
    i.DMA1_Channel5_IRQHandler               0x08000260   Section        0  debug.o(i.DMA1_Channel5_IRQHandler)
    i.DMA1_Channel6_IRQHandler               0x0800026c   Section        0  debug.o(i.DMA1_Channel6_IRQHandler)
    i.DMA1_Channel7_IRQHandler               0x08000278   Section        0  debug.o(i.DMA1_Channel7_IRQHandler)
    i.DMA_SetConfig                          0x08000284   Section        0  stm32f1xx_hal_dma.o(i.DMA_SetConfig)
    DMA_SetConfig                            0x08000285   Thumb Code    42  stm32f1xx_hal_dma.o(i.DMA_SetConfig)
    i.DebugMon_Handler                       0x080002ae   Section        0  stm32f1xx_it.o(i.DebugMon_Handler)
    i.Debug_Init                             0x080002b0   Section        0  debug.o(i.Debug_Init)
    i.HAL_DMA_Abort                          0x0800038c   Section        0  stm32f1xx_hal_dma.o(i.HAL_DMA_Abort)
    i.HAL_DMA_Abort_IT                       0x080003d4   Section        0  stm32f1xx_hal_dma.o(i.HAL_DMA_Abort_IT)
    i.HAL_DMA_IRQHandler                     0x08000504   Section        0  stm32f1xx_hal_dma.o(i.HAL_DMA_IRQHandler)
    i.HAL_DMA_Init                           0x0800074c   Section        0  stm32f1xx_hal_dma.o(i.HAL_DMA_Init)
    i.HAL_DMA_Start_IT                       0x080007c8   Section        0  stm32f1xx_hal_dma.o(i.HAL_DMA_Start_IT)
    i.HAL_Delay                              0x08000838   Section        0  stm32f1xx_hal.o(i.HAL_Delay)
    i.HAL_GPIO_Init                          0x0800085c   Section        0  stm32f1xx_hal_gpio.o(i.HAL_GPIO_Init)
    i.HAL_GPIO_ReadPin                       0x08000a54   Section        0  stm32f1xx_hal_gpio.o(i.HAL_GPIO_ReadPin)
    i.HAL_GPIO_WritePin                      0x08000a5e   Section        0  stm32f1xx_hal_gpio.o(i.HAL_GPIO_WritePin)
    i.HAL_GetTick                            0x08000a68   Section        0  stm32f1xx_hal.o(i.HAL_GetTick)
    i.HAL_IncTick                            0x08000a74   Section        0  stm32f1xx_hal.o(i.HAL_IncTick)
    i.HAL_Init                               0x08000a84   Section        0  stm32f1xx_hal.o(i.HAL_Init)
    i.HAL_InitTick                           0x08000aa8   Section        0  stm32f1xx_hal.o(i.HAL_InitTick)
    i.HAL_MspInit                            0x08000ae8   Section        0  stm32f1xx_hal_msp.o(i.HAL_MspInit)
    i.HAL_NVIC_EnableIRQ                     0x08000b24   Section        0  stm32f1xx_hal_cortex.o(i.HAL_NVIC_EnableIRQ)
    i.HAL_NVIC_SetPriority                   0x08000b40   Section        0  stm32f1xx_hal_cortex.o(i.HAL_NVIC_SetPriority)
    i.HAL_NVIC_SetPriorityGrouping           0x08000b80   Section        0  stm32f1xx_hal_cortex.o(i.HAL_NVIC_SetPriorityGrouping)
    i.HAL_RCC_ClockConfig                    0x08000ba4   Section        0  stm32f1xx_hal_rcc.o(i.HAL_RCC_ClockConfig)
    i.HAL_RCC_GetPCLK1Freq                   0x08000cd0   Section        0  stm32f1xx_hal_rcc.o(i.HAL_RCC_GetPCLK1Freq)
    i.HAL_RCC_GetPCLK2Freq                   0x08000cf0   Section        0  stm32f1xx_hal_rcc.o(i.HAL_RCC_GetPCLK2Freq)
    i.HAL_RCC_GetSysClockFreq                0x08000d10   Section        0  stm32f1xx_hal_rcc.o(i.HAL_RCC_GetSysClockFreq)
    i.HAL_RCC_OscConfig                      0x08000d5c   Section        0  stm32f1xx_hal_rcc.o(i.HAL_RCC_OscConfig)
    i.HAL_SPI_ErrorCallback                  0x0800107c   Section        0  stm32f1xx_hal_spi.o(i.HAL_SPI_ErrorCallback)
    i.HAL_SPI_Init                           0x0800107e   Section        0  stm32f1xx_hal_spi.o(i.HAL_SPI_Init)
    i.HAL_SPI_MspInit                        0x08001130   Section        0  stm32f1xx_hal_spi.o(i.HAL_SPI_MspInit)
    i.HAL_SPI_Receive                        0x08001132   Section        0  stm32f1xx_hal_spi.o(i.HAL_SPI_Receive)
    i.HAL_SPI_Receive_DMA                    0x08001288   Section        0  stm32f1xx_hal_spi.o(i.HAL_SPI_Receive_DMA)
    i.HAL_SPI_RxCpltCallback                 0x0800136c   Section        0  stm32f1xx_hal_spi.o(i.HAL_SPI_RxCpltCallback)
    i.HAL_SPI_RxHalfCpltCallback             0x0800136e   Section        0  stm32f1xx_hal_spi.o(i.HAL_SPI_RxHalfCpltCallback)
    i.HAL_SPI_Transmit                       0x08001370   Section        0  stm32f1xx_hal_spi.o(i.HAL_SPI_Transmit)
    i.HAL_SPI_TransmitReceive                0x080014d6   Section        0  stm32f1xx_hal_spi.o(i.HAL_SPI_TransmitReceive)
    i.HAL_SPI_TransmitReceive_DMA            0x080016c8   Section        0  stm32f1xx_hal_spi.o(i.HAL_SPI_TransmitReceive_DMA)
    i.HAL_SPI_Transmit_DMA                   0x080017d8   Section        0  stm32f1xx_hal_spi.o(i.HAL_SPI_Transmit_DMA)
    i.HAL_SPI_TxCpltCallback                 0x080018a4   Section        0  stm32f1xx_hal_spi.o(i.HAL_SPI_TxCpltCallback)
    i.HAL_SPI_TxHalfCpltCallback             0x080018a6   Section        0  stm32f1xx_hal_spi.o(i.HAL_SPI_TxHalfCpltCallback)
    i.HAL_SPI_TxRxCpltCallback               0x080018a8   Section        0  stm32f1xx_hal_spi.o(i.HAL_SPI_TxRxCpltCallback)
    i.HAL_SPI_TxRxHalfCpltCallback           0x080018aa   Section        0  stm32f1xx_hal_spi.o(i.HAL_SPI_TxRxHalfCpltCallback)
    i.HAL_SYSTICK_Config                     0x080018ac   Section        0  stm32f1xx_hal_cortex.o(i.HAL_SYSTICK_Config)
    i.HAL_UARTEx_ReceiveToIdle_DMA           0x080018d4   Section        0  stm32f1xx_hal_uart.o(i.HAL_UARTEx_ReceiveToIdle_DMA)
    i.HAL_UARTEx_RxEventCallback             0x08001920   Section        0  debug.o(i.HAL_UARTEx_RxEventCallback)
    i.HAL_UART_ErrorCallback                 0x08001998   Section        0  stm32f1xx_hal_uart.o(i.HAL_UART_ErrorCallback)
    i.HAL_UART_IRQHandler                    0x0800199c   Section        0  stm32f1xx_hal_uart.o(i.HAL_UART_IRQHandler)
    i.HAL_UART_Init                          0x08001c08   Section        0  stm32f1xx_hal_uart.o(i.HAL_UART_Init)
    i.HAL_UART_MspInit                       0x08001c6c   Section        0  stm32f1xx_hal_uart.o(i.HAL_UART_MspInit)
    i.HAL_UART_RxCpltCallback                0x08001c6e   Section        0  stm32f1xx_hal_uart.o(i.HAL_UART_RxCpltCallback)
    i.HAL_UART_RxHalfCpltCallback            0x08001c70   Section        0  stm32f1xx_hal_uart.o(i.HAL_UART_RxHalfCpltCallback)
    i.HAL_UART_Transmit                      0x08001c72   Section        0  stm32f1xx_hal_uart.o(i.HAL_UART_Transmit)
    i.HAL_UART_TxCpltCallback                0x08001d14   Section        0  debug.o(i.HAL_UART_TxCpltCallback)
    i.HardFault_Handler                      0x08001d3c   Section        0  stm32f1xx_it.o(i.HardFault_Handler)
    i.MemManage_Handler                      0x08001d3e   Section        0  stm32f1xx_it.o(i.MemManage_Handler)
    i.NMI_Handler                            0x08001d40   Section        0  stm32f1xx_it.o(i.NMI_Handler)
    i.PendSV_Handler                         0x08001d42   Section        0  stm32f1xx_it.o(i.PendSV_Handler)
    i.SPI_DMAError                           0x08001d44   Section        0  stm32f1xx_hal_spi.o(i.SPI_DMAError)
    SPI_DMAError                             0x08001d45   Thumb Code    34  stm32f1xx_hal_spi.o(i.SPI_DMAError)
    i.SPI_DMAHalfReceiveCplt                 0x08001d66   Section        0  stm32f1xx_hal_spi.o(i.SPI_DMAHalfReceiveCplt)
    SPI_DMAHalfReceiveCplt                   0x08001d67   Thumb Code    10  stm32f1xx_hal_spi.o(i.SPI_DMAHalfReceiveCplt)
    i.SPI_DMAHalfTransmitCplt                0x08001d70   Section        0  stm32f1xx_hal_spi.o(i.SPI_DMAHalfTransmitCplt)
    SPI_DMAHalfTransmitCplt                  0x08001d71   Thumb Code    10  stm32f1xx_hal_spi.o(i.SPI_DMAHalfTransmitCplt)
    i.SPI_DMAHalfTransmitReceiveCplt         0x08001d7a   Section        0  stm32f1xx_hal_spi.o(i.SPI_DMAHalfTransmitReceiveCplt)
    SPI_DMAHalfTransmitReceiveCplt           0x08001d7b   Thumb Code    10  stm32f1xx_hal_spi.o(i.SPI_DMAHalfTransmitReceiveCplt)
    i.SPI_DMAReceiveCplt                     0x08001d84   Section        0  stm32f1xx_hal_spi.o(i.SPI_DMAReceiveCplt)
    SPI_DMAReceiveCplt                       0x08001d85   Thumb Code   106  stm32f1xx_hal_spi.o(i.SPI_DMAReceiveCplt)
    i.SPI_DMATransmitCplt                    0x08001dee   Section        0  stm32f1xx_hal_spi.o(i.SPI_DMATransmitCplt)
    SPI_DMATransmitCplt                      0x08001def   Thumb Code   100  stm32f1xx_hal_spi.o(i.SPI_DMATransmitCplt)
    i.SPI_DMATransmitReceiveCplt             0x08001e52   Section        0  stm32f1xx_hal_spi.o(i.SPI_DMATransmitReceiveCplt)
    SPI_DMATransmitReceiveCplt               0x08001e53   Thumb Code    90  stm32f1xx_hal_spi.o(i.SPI_DMATransmitReceiveCplt)
    i.SPI_EndRxTransaction                   0x08001eac   Section        0  stm32f1xx_hal_spi.o(i.SPI_EndRxTransaction)
    SPI_EndRxTransaction                     0x08001ead   Thumb Code    92  stm32f1xx_hal_spi.o(i.SPI_EndRxTransaction)
    i.SPI_EndRxTxTransaction                 0x08001f08   Section        0  stm32f1xx_hal_spi.o(i.SPI_EndRxTxTransaction)
    SPI_EndRxTxTransaction                   0x08001f09   Thumb Code    52  stm32f1xx_hal_spi.o(i.SPI_EndRxTxTransaction)
    i.SPI_FLASH_BufferWrite                  0x08001f3c   Section        0  w25qxx.o(i.SPI_FLASH_BufferWrite)
    i.SPI_WaitFlagStateUntilTimeout          0x08002004   Section        0  stm32f1xx_hal_spi.o(i.SPI_WaitFlagStateUntilTimeout)
    SPI_WaitFlagStateUntilTimeout            0x08002005   Thumb Code   180  stm32f1xx_hal_spi.o(i.SPI_WaitFlagStateUntilTimeout)
    i.SVC_Handler                            0x080020bc   Section        0  stm32f1xx_it.o(i.SVC_Handler)
    i.SysTick_Handler                        0x080020be   Section        0  stm32f1xx_it.o(i.SysTick_Handler)
    i.SystemClock_Config                     0x080020c2   Section        0  main.o(i.SystemClock_Config)
    i.SystemInit                             0x08002120   Section        0  system_stm32f1xx.o(i.SystemInit)
    i.UART_DMAAbortOnError                   0x08002122   Section        0  stm32f1xx_hal_uart.o(i.UART_DMAAbortOnError)
    UART_DMAAbortOnError                     0x08002123   Thumb Code    16  stm32f1xx_hal_uart.o(i.UART_DMAAbortOnError)
    i.UART_DMAError                          0x08002132   Section        0  stm32f1xx_hal_uart.o(i.UART_DMAError)
    UART_DMAError                            0x08002133   Thumb Code    74  stm32f1xx_hal_uart.o(i.UART_DMAError)
    i.UART_DMAReceiveCplt                    0x0800217c   Section        0  stm32f1xx_hal_uart.o(i.UART_DMAReceiveCplt)
    UART_DMAReceiveCplt                      0x0800217d   Thumb Code   134  stm32f1xx_hal_uart.o(i.UART_DMAReceiveCplt)
    i.UART_DMARxHalfCplt                     0x08002202   Section        0  stm32f1xx_hal_uart.o(i.UART_DMARxHalfCplt)
    UART_DMARxHalfCplt                       0x08002203   Thumb Code    30  stm32f1xx_hal_uart.o(i.UART_DMARxHalfCplt)
    i.UART_EndRxTransfer                     0x08002220   Section        0  stm32f1xx_hal_uart.o(i.UART_EndRxTransfer)
    UART_EndRxTransfer                       0x08002221   Thumb Code    78  stm32f1xx_hal_uart.o(i.UART_EndRxTransfer)
    i.UART_EndTxTransfer                     0x0800226e   Section        0  stm32f1xx_hal_uart.o(i.UART_EndTxTransfer)
    UART_EndTxTransfer                       0x0800226f   Thumb Code    28  stm32f1xx_hal_uart.o(i.UART_EndTxTransfer)
    i.UART_Receive_IT                        0x0800228a   Section        0  stm32f1xx_hal_uart.o(i.UART_Receive_IT)
    UART_Receive_IT                          0x0800228b   Thumb Code   194  stm32f1xx_hal_uart.o(i.UART_Receive_IT)
    i.UART_SetConfig                         0x0800234c   Section        0  stm32f1xx_hal_uart.o(i.UART_SetConfig)
    UART_SetConfig                           0x0800234d   Thumb Code   178  stm32f1xx_hal_uart.o(i.UART_SetConfig)
    i.UART_Start_Receive_DMA                 0x08002404   Section        0  stm32f1xx_hal_uart.o(i.UART_Start_Receive_DMA)
    i.UART_WaitOnFlagUntilTimeout            0x08002494   Section        0  stm32f1xx_hal_uart.o(i.UART_WaitOnFlagUntilTimeout)
    UART_WaitOnFlagUntilTimeout              0x08002495   Thumb Code   114  stm32f1xx_hal_uart.o(i.UART_WaitOnFlagUntilTimeout)
    i.USART2_IRQHandler                      0x08002508   Section        0  debug.o(i.USART2_IRQHandler)
    i.USART_DMA_Init                         0x08002514   Section        0  debug.o(i.USART_DMA_Init)
    i.UsageFault_Handler                     0x080025a0   Section        0  stm32f1xx_it.o(i.UsageFault_Handler)
    i.User_W25Qxx_Init                       0x080025a2   Section        0  w25qxx.o(i.User_W25Qxx_Init)
    i.W25Qxx_DATA_Init                       0x080025b4   Section        0  w25qxx.o(i.W25Qxx_DATA_Init)
    i.W25Qxx_GPIO_Init                       0x080025c4   Section        0  w25qxx.o(i.W25Qxx_GPIO_Init)
    i.W25Qxx_PageWrite                       0x08002690   Section        0  w25qxx.o(i.W25Qxx_PageWrite)
    i.W25Qxx_ReadData                        0x080026ec   Section        0  w25qxx.o(i.W25Qxx_ReadData)
    i.W25Qxx_ReadID                          0x0800272c   Section        0  w25qxx.o(i.W25Qxx_ReadID)
    i.W25Qxx_SectorErase                     0x08002778   Section        0  w25qxx.o(i.W25Qxx_SectorErase)
    i.W25Qxx_SectorWrite                     0x080027c0   Section        0  w25qxx.o(i.W25Qxx_SectorWrite)
    i.W25Qxx_Sector_ReadData                 0x080027fe   Section        0  w25qxx.o(i.W25Qxx_Sector_ReadData)
    i.W25Qxx_WaitForBusyStatus               0x08002860   Section        0  w25qxx.o(i.W25Qxx_WaitForBusyStatus)
    W25Qxx_WaitForBusyStatus                 0x08002861   Thumb Code    64  w25qxx.o(i.W25Qxx_WaitForBusyStatus)
    i.W25Qxx_WriteDisable                    0x080028b4   Section        0  w25qxx.o(i.W25Qxx_WriteDisable)
    W25Qxx_WriteDisable                      0x080028b5   Thumb Code    32  w25qxx.o(i.W25Qxx_WriteDisable)
    i.W25Qxx_WriteEnable                     0x080028d4   Section        0  w25qxx.o(i.W25Qxx_WriteEnable)
    W25Qxx_WriteEnable                       0x080028d5   Thumb Code    32  w25qxx.o(i.W25Qxx_WriteEnable)
    i.W25Qxx_hw_CS                           0x080028f4   Section        0  w25qxx.o(i.W25Qxx_hw_CS)
    i.W25Qxx_hw_DMA_Init                     0x0800290c   Section        0  w25qxx.o(i.W25Qxx_hw_DMA_Init)
    i.W25Qxx_hw_DMA_ReadData                 0x08002ab4   Section        0  w25qxx.o(i.W25Qxx_hw_DMA_ReadData)
    i.W25Qxx_hw_DMA_SendData                 0x08002ac4   Section        0  w25qxx.o(i.W25Qxx_hw_DMA_SendData)
    i.W25Qxx_hw_DMA_Wait                     0x08002ad4   Section        0  w25qxx.o(i.W25Qxx_hw_DMA_Wait)
    i.W25Qxx_hw_ReadData                     0x08002adc   Section        0  w25qxx.o(i.W25Qxx_hw_ReadData)
    i.W25Qxx_hw_SendData                     0x08002af0   Section        0  w25qxx.o(i.W25Qxx_hw_SendData)
    i.W25Qxx_sw_Init                         0x08002b04   Section        0  w25qxx.o(i.W25Qxx_sw_Init)
    i.W25Qxx_sw_ReadData                     0x08002b14   Section        0  w25qxx.o(i.W25Qxx_sw_ReadData)
    i.W25Qxx_sw_SendData                     0x08002b80   Section        0  w25qxx.o(i.W25Qxx_sw_SendData)
    i.__0printf$5                            0x08002be8   Section        0  printf5.o(i.__0printf$5)
    i.__NVIC_SetPriority                     0x08002c08   Section        0  stm32f1xx_hal_cortex.o(i.__NVIC_SetPriority)
    __NVIC_SetPriority                       0x08002c09   Thumb Code    32  stm32f1xx_hal_cortex.o(i.__NVIC_SetPriority)
    i.__scatterload_copy                     0x08002c28   Section       14  handlers.o(i.__scatterload_copy)
    i.__scatterload_null                     0x08002c36   Section        2  handlers.o(i.__scatterload_null)
    i.__scatterload_zeroinit                 0x08002c38   Section       14  handlers.o(i.__scatterload_zeroinit)
    i._printf_core                           0x08002c48   Section        0  printf5.o(i._printf_core)
    _printf_core                             0x08002c49   Thumb Code   658  printf5.o(i._printf_core)
    i.check_fs                               0x08002f08   Section        0  ff.o(i.check_fs)
    check_fs                                 0x08002f09   Thumb Code    96  ff.o(i.check_fs)
    i.clst2sect                              0x08002f74   Section        0  ff.o(i.clst2sect)
    clst2sect                                0x08002f75   Thumb Code    24  ff.o(i.clst2sect)
    i.create_chain                           0x08002f8c   Section        0  ff.o(i.create_chain)
    create_chain                             0x08002f8d   Thumb Code   218  ff.o(i.create_chain)
    i.create_name                            0x08003068   Section        0  ff.o(i.create_name)
    create_name                              0x08003069   Thumb Code   168  ff.o(i.create_name)
    i.create_partition                       0x08003124   Section        0  ff.o(i.create_partition)
    create_partition                         0x08003125   Thumb Code   314  ff.o(i.create_partition)
    i.dir_clear                              0x0800325e   Section        0  ff.o(i.dir_clear)
    dir_clear                                0x0800325f   Thumb Code    90  ff.o(i.dir_clear)
    i.dir_next                               0x080032b8   Section        0  ff.o(i.dir_next)
    dir_next                                 0x080032b9   Thumb Code   188  ff.o(i.dir_next)
    i.dir_register                           0x08003374   Section        0  ff.o(i.dir_register)
    dir_register                             0x08003375   Thumb Code   102  ff.o(i.dir_register)
    i.dir_sdi                                0x080033da   Section        0  ff.o(i.dir_sdi)
    dir_sdi                                  0x080033db   Thumb Code   142  ff.o(i.dir_sdi)
    i.disk_initialize                        0x08003468   Section        0  diskio.o(i.disk_initialize)
    i.disk_ioctl                             0x0800347c   Section        0  diskio.o(i.disk_ioctl)
    i.disk_read                              0x080034a8   Section        0  diskio.o(i.disk_read)
    i.disk_status                            0x080034c8   Section        0  diskio.o(i.disk_status)
    i.disk_write                             0x080034e4   Section        0  diskio.o(i.disk_write)
    i.f_close                                0x08003504   Section        0  ff.o(i.f_close)
    i.f_mkfs                                 0x08003524   Section        0  ff.o(i.f_mkfs)
    i.f_mount                                0x08003ad4   Section        0  ff.o(i.f_mount)
    i.f_open                                 0x08003b1c   Section        0  ff.o(i.f_open)
    i.f_read                                 0x08003cd2   Section        0  ff.o(i.f_read)
    i.f_sync                                 0x08003e3e   Section        0  ff.o(i.f_sync)
    i.f_write                                0x08003ecc   Section        0  ff.o(i.f_write)
    i.follow_path                            0x0800406e   Section        0  ff.o(i.follow_path)
    follow_path                              0x0800406f   Thumb Code   196  ff.o(i.follow_path)
    i.fputc                                  0x08004134   Section        0  debug.o(i.fputc)
    i.get_fat                                0x08004150   Section        0  ff.o(i.get_fat)
    get_fat                                  0x08004151   Thumb Code   232  ff.o(i.get_fat)
    i.get_fattime                            0x08004238   Section        0  diskio.o(i.get_fattime)
    i.get_ldnumber                           0x0800423c   Section        0  ff.o(i.get_ldnumber)
    get_ldnumber                             0x0800423d   Thumb Code    56  ff.o(i.get_ldnumber)
    i.ld_clust                               0x08004274   Section        0  ff.o(i.ld_clust)
    ld_clust                                 0x08004275   Thumb Code    38  ff.o(i.ld_clust)
    i.ld_dword                               0x0800429a   Section        0  ff.o(i.ld_dword)
    ld_dword                                 0x0800429b   Thumb Code    22  ff.o(i.ld_dword)
    i.ld_word                                0x080042b0   Section        0  ff.o(i.ld_word)
    ld_word                                  0x080042b1   Thumb Code    10  ff.o(i.ld_word)
    i.main                                   0x080042bc   Section        0  main.o(i.main)
    i.mem_cmp                                0x08004818   Section        0  ff.o(i.mem_cmp)
    mem_cmp                                  0x08004819   Thumb Code    26  ff.o(i.mem_cmp)
    i.mem_cpy                                0x08004832   Section        0  ff.o(i.mem_cpy)
    mem_cpy                                  0x08004833   Thumb Code    18  ff.o(i.mem_cpy)
    i.mem_set                                0x08004844   Section        0  ff.o(i.mem_set)
    mem_set                                  0x08004845   Thumb Code    14  ff.o(i.mem_set)
    i.mount_volume                           0x08004854   Section        0  ff.o(i.mount_volume)
    mount_volume                             0x08004855   Thumb Code   624  ff.o(i.mount_volume)
    i.move_window                            0x08004ad4   Section        0  ff.o(i.move_window)
    move_window                              0x08004ad5   Thumb Code    50  ff.o(i.move_window)
    i.put_fat                                0x08004b06   Section        0  ff.o(i.put_fat)
    put_fat                                  0x08004b07   Thumb Code   292  ff.o(i.put_fat)
    i.remove_chain                           0x08004c2a   Section        0  ff.o(i.remove_chain)
    remove_chain                             0x08004c2b   Thumb Code   116  ff.o(i.remove_chain)
    i.st_clust                               0x08004c9e   Section        0  ff.o(i.st_clust)
    st_clust                                 0x08004c9f   Thumb Code    40  ff.o(i.st_clust)
    i.st_dword                               0x08004cc6   Section        0  ff.o(i.st_dword)
    st_dword                                 0x08004cc7   Thumb Code    16  ff.o(i.st_dword)
    i.st_word                                0x08004cd6   Section        0  ff.o(i.st_word)
    st_word                                  0x08004cd7   Thumb Code     8  ff.o(i.st_word)
    i.sync_fs                                0x08004ce0   Section        0  ff.o(i.sync_fs)
    sync_fs                                  0x08004ce1   Thumb Code   126  ff.o(i.sync_fs)
    i.sync_window                            0x08004d68   Section        0  ff.o(i.sync_window)
    sync_window                              0x08004d69   Thumb Code    70  ff.o(i.sync_window)
    i.validate                               0x08004dae   Section        0  ff.o(i.validate)
    validate                                 0x08004daf   Thumb Code    52  ff.o(i.validate)
    .constdata                               0x08004de2   Section       18  stm32f1xx_hal_rcc.o(.constdata)
    aPredivFactorTable                       0x08004de2   Data           2  stm32f1xx_hal_rcc.o(.constdata)
    aPLLMULFactorTable                       0x08004de4   Data          16  stm32f1xx_hal_rcc.o(.constdata)
    .constdata                               0x08004df4   Section       16  system_stm32f1xx.o(.constdata)
    .constdata                               0x08004e04   Section        8  system_stm32f1xx.o(.constdata)
    .constdata                               0x08004e0c   Section      172  ff.o(.constdata)
    ExCvt                                    0x08004e0c   Data         128  ff.o(.constdata)
    cst                                      0x08004e8c   Data          14  ff.o(.constdata)
    cst32                                    0x08004e9a   Data          14  ff.o(.constdata)
    defopt                                   0x08004ea8   Data          16  ff.o(.constdata)
    .data                                    0x20000000   Section        1  main.o(.data)
    .data                                    0x20000004   Section       57  main.o(.data)
    .data                                    0x2000003d   Section        1  main.o(.data)
    .data                                    0x20000040   Section        4  main.o(.data)
    .data                                    0x20000044   Section        1  main.o(.data)
    .data                                    0x20000048   Section        4  main.o(.data)
    .data                                    0x2000004c   Section       12  stm32f1xx_hal.o(.data)
    .data                                    0x20000058   Section        4  system_stm32f1xx.o(.data)
    .data                                    0x2000005c   Section        8  debug.o(.data)
    .data                                    0x20000064   Section       48  w25qxx.o(.data)
    .data                                    0x20000094   Section       12  ff.o(.data)
    Fsid                                     0x20000094   Data           2  ff.o(.data)
    FatFs                                    0x20000098   Data           8  ff.o(.data)
    .data                                    0x200000a0   Section        4  stdout.o(.data)
    .bss                                     0x200000a4   Section    50268  main.o(.bss)
    .bss                                     0x2000c500   Section      808  debug.o(.bss)
    .bss                                     0x2000c828   Section      224  w25qxx.o(.bss)
    STACK                                    0x2000c908   Section     1024  startup_stm32f103xe.o(STACK)

    Global Symbols

    Symbol Name                              Value     Ov Type        Size  Object(Section)

    BuildAttributes$$THM_ISAv4$P$D$K$B$S$PE$A:L22UL41UL21$X:L11$S22US41US21$IEEE1$IW$USESV6$~STKCKD$USESV7$~SHL$OSPACE$ROPI$EBA8$MICROLIB$REQ8$PRES8$EABIv2 0x00000000   Number         0  anon$$obj.o ABSOLUTE
    __ARM_use_no_argv                        0x00000000   Number         0  main.o ABSOLUTE
    _printf_a                                0x00000000   Number         0  stubs.o ABSOLUTE
    _printf_c                                0x00000000   Number         0  stubs.o ABSOLUTE
    _printf_charcount                        0x00000000   Number         0  stubs.o ABSOLUTE
    _printf_d                                0x00000000   Number         0  stubs.o ABSOLUTE
    _printf_e                                0x00000000   Number         0  stubs.o ABSOLUTE
    _printf_f                                0x00000000   Number         0  stubs.o ABSOLUTE
    _printf_flags                            0x00000000   Number         0  stubs.o ABSOLUTE
    _printf_fp_dec                           0x00000000   Number         0  stubs.o ABSOLUTE
    _printf_fp_hex                           0x00000000   Number         0  stubs.o ABSOLUTE
    _printf_g                                0x00000000   Number         0  stubs.o ABSOLUTE
    _printf_i                                0x00000000   Number         0  stubs.o ABSOLUTE
    _printf_int_dec                          0x00000000   Number         0  stubs.o ABSOLUTE
    _printf_l                                0x00000000   Number         0  stubs.o ABSOLUTE
    _printf_lc                               0x00000000   Number         0  stubs.o ABSOLUTE
    _printf_ll                               0x00000000   Number         0  stubs.o ABSOLUTE
    _printf_lld                              0x00000000   Number         0  stubs.o ABSOLUTE
    _printf_lli                              0x00000000   Number         0  stubs.o ABSOLUTE
    _printf_llo                              0x00000000   Number         0  stubs.o ABSOLUTE
    _printf_llu                              0x00000000   Number         0  stubs.o ABSOLUTE
    _printf_llx                              0x00000000   Number         0  stubs.o ABSOLUTE
    _printf_longlong_dec                     0x00000000   Number         0  stubs.o ABSOLUTE
    _printf_longlong_hex                     0x00000000   Number         0  stubs.o ABSOLUTE
    _printf_longlong_oct                     0x00000000   Number         0  stubs.o ABSOLUTE
    _printf_ls                               0x00000000   Number         0  stubs.o ABSOLUTE
    _printf_mbtowc                           0x00000000   Number         0  stubs.o ABSOLUTE
    _printf_n                                0x00000000   Number         0  stubs.o ABSOLUTE
    _printf_o                                0x00000000   Number         0  stubs.o ABSOLUTE
    _printf_p                                0x00000000   Number         0  stubs.o ABSOLUTE
    _printf_percent                          0x00000000   Number         0  stubs.o ABSOLUTE
    _printf_pre_padding                      0x00000000   Number         0  stubs.o ABSOLUTE
    _printf_return_value                     0x00000000   Number         0  stubs.o ABSOLUTE
    _printf_s                                0x00000000   Number         0  stubs.o ABSOLUTE
    _printf_sizespec                         0x00000000   Number         0  stubs.o ABSOLUTE
    _printf_str                              0x00000000   Number         0  stubs.o ABSOLUTE
    _printf_truncate_signed                  0x00000000   Number         0  stubs.o ABSOLUTE
    _printf_truncate_unsigned                0x00000000   Number         0  stubs.o ABSOLUTE
    _printf_u                                0x00000000   Number         0  stubs.o ABSOLUTE
    _printf_wc                               0x00000000   Number         0  stubs.o ABSOLUTE
    _printf_wctomb                           0x00000000   Number         0  stubs.o ABSOLUTE
    _printf_widthprec                        0x00000000   Number         0  stubs.o ABSOLUTE
    _printf_x                                0x00000000   Number         0  stubs.o ABSOLUTE
    __cpp_initialize__aeabi_                  - Undefined Weak Reference
    __cxa_finalize                            - Undefined Weak Reference
    __decompress                              - Undefined Weak Reference
    _clock_init                               - Undefined Weak Reference
    _microlib_exit                            - Undefined Weak Reference
    __Vectors_Size                           0x00000130   Number         0  startup_stm32f103xe.o ABSOLUTE
    __Vectors                                0x08000000   Data           4  startup_stm32f103xe.o(RESET)
    __Vectors_End                            0x08000130   Data           0  startup_stm32f103xe.o(RESET)
    __main                                   0x08000131   Thumb Code     0  entry.o(.ARM.Collect$$$$00000000)
    _main_stk                                0x08000131   Thumb Code     0  entry2.o(.ARM.Collect$$$$00000001)
    _main_scatterload                        0x08000135   Thumb Code     0  entry5.o(.ARM.Collect$$$$00000004)
    __main_after_scatterload                 0x08000139   Thumb Code     0  entry5.o(.ARM.Collect$$$$00000004)
    _main_clock                              0x08000139   Thumb Code     0  entry7b.o(.ARM.Collect$$$$00000008)
    _main_cpp_init                           0x08000139   Thumb Code     0  entry8b.o(.ARM.Collect$$$$0000000A)
    _main_init                               0x08000139   Thumb Code     0  entry9a.o(.ARM.Collect$$$$0000000B)
    __rt_final_cpp                           0x08000141   Thumb Code     0  entry10a.o(.ARM.Collect$$$$0000000D)
    __rt_final_exit                          0x08000141   Thumb Code     0  entry11a.o(.ARM.Collect$$$$0000000F)
    Reset_Handler                            0x08000145   Thumb Code     8  startup_stm32f103xe.o(.text)
    ADC1_2_IRQHandler                        0x0800015f   Thumb Code     0  startup_stm32f103xe.o(.text)
    ADC3_IRQHandler                          0x0800015f   Thumb Code     0  startup_stm32f103xe.o(.text)
    CAN1_RX1_IRQHandler                      0x0800015f   Thumb Code     0  startup_stm32f103xe.o(.text)
    CAN1_SCE_IRQHandler                      0x0800015f   Thumb Code     0  startup_stm32f103xe.o(.text)
    DMA1_Channel1_IRQHandler                 0x0800015f   Thumb Code     0  startup_stm32f103xe.o(.text)
    DMA1_Channel2_IRQHandler                 0x0800015f   Thumb Code     0  startup_stm32f103xe.o(.text)
    DMA1_Channel3_IRQHandler                 0x0800015f   Thumb Code     0  startup_stm32f103xe.o(.text)
    DMA2_Channel1_IRQHandler                 0x0800015f   Thumb Code     0  startup_stm32f103xe.o(.text)
    DMA2_Channel2_IRQHandler                 0x0800015f   Thumb Code     0  startup_stm32f103xe.o(.text)
    DMA2_Channel3_IRQHandler                 0x0800015f   Thumb Code     0  startup_stm32f103xe.o(.text)
    DMA2_Channel4_5_IRQHandler               0x0800015f   Thumb Code     0  startup_stm32f103xe.o(.text)
    EXTI0_IRQHandler                         0x0800015f   Thumb Code     0  startup_stm32f103xe.o(.text)
    EXTI15_10_IRQHandler                     0x0800015f   Thumb Code     0  startup_stm32f103xe.o(.text)
    EXTI1_IRQHandler                         0x0800015f   Thumb Code     0  startup_stm32f103xe.o(.text)
    EXTI2_IRQHandler                         0x0800015f   Thumb Code     0  startup_stm32f103xe.o(.text)
    EXTI3_IRQHandler                         0x0800015f   Thumb Code     0  startup_stm32f103xe.o(.text)
    EXTI4_IRQHandler                         0x0800015f   Thumb Code     0  startup_stm32f103xe.o(.text)
    EXTI9_5_IRQHandler                       0x0800015f   Thumb Code     0  startup_stm32f103xe.o(.text)
    FLASH_IRQHandler                         0x0800015f   Thumb Code     0  startup_stm32f103xe.o(.text)
    FSMC_IRQHandler                          0x0800015f   Thumb Code     0  startup_stm32f103xe.o(.text)
    I2C1_ER_IRQHandler                       0x0800015f   Thumb Code     0  startup_stm32f103xe.o(.text)
    I2C1_EV_IRQHandler                       0x0800015f   Thumb Code     0  startup_stm32f103xe.o(.text)
    I2C2_ER_IRQHandler                       0x0800015f   Thumb Code     0  startup_stm32f103xe.o(.text)
    I2C2_EV_IRQHandler                       0x0800015f   Thumb Code     0  startup_stm32f103xe.o(.text)
    PVD_IRQHandler                           0x0800015f   Thumb Code     0  startup_stm32f103xe.o(.text)
    RCC_IRQHandler                           0x0800015f   Thumb Code     0  startup_stm32f103xe.o(.text)
    RTC_Alarm_IRQHandler                     0x0800015f   Thumb Code     0  startup_stm32f103xe.o(.text)
    RTC_IRQHandler                           0x0800015f   Thumb Code     0  startup_stm32f103xe.o(.text)
    SDIO_IRQHandler                          0x0800015f   Thumb Code     0  startup_stm32f103xe.o(.text)
    SPI1_IRQHandler                          0x0800015f   Thumb Code     0  startup_stm32f103xe.o(.text)
    SPI2_IRQHandler                          0x0800015f   Thumb Code     0  startup_stm32f103xe.o(.text)
    SPI3_IRQHandler                          0x0800015f   Thumb Code     0  startup_stm32f103xe.o(.text)
    TAMPER_IRQHandler                        0x0800015f   Thumb Code     0  startup_stm32f103xe.o(.text)
    TIM1_BRK_IRQHandler                      0x0800015f   Thumb Code     0  startup_stm32f103xe.o(.text)
    TIM1_CC_IRQHandler                       0x0800015f   Thumb Code     0  startup_stm32f103xe.o(.text)
    TIM1_TRG_COM_IRQHandler                  0x0800015f   Thumb Code     0  startup_stm32f103xe.o(.text)
    TIM1_UP_IRQHandler                       0x0800015f   Thumb Code     0  startup_stm32f103xe.o(.text)
    TIM2_IRQHandler                          0x0800015f   Thumb Code     0  startup_stm32f103xe.o(.text)
    TIM3_IRQHandler                          0x0800015f   Thumb Code     0  startup_stm32f103xe.o(.text)
    TIM4_IRQHandler                          0x0800015f   Thumb Code     0  startup_stm32f103xe.o(.text)
    TIM5_IRQHandler                          0x0800015f   Thumb Code     0  startup_stm32f103xe.o(.text)
    TIM6_IRQHandler                          0x0800015f   Thumb Code     0  startup_stm32f103xe.o(.text)
    TIM7_IRQHandler                          0x0800015f   Thumb Code     0  startup_stm32f103xe.o(.text)
    TIM8_BRK_IRQHandler                      0x0800015f   Thumb Code     0  startup_stm32f103xe.o(.text)
    TIM8_CC_IRQHandler                       0x0800015f   Thumb Code     0  startup_stm32f103xe.o(.text)
    TIM8_TRG_COM_IRQHandler                  0x0800015f   Thumb Code     0  startup_stm32f103xe.o(.text)
    TIM8_UP_IRQHandler                       0x0800015f   Thumb Code     0  startup_stm32f103xe.o(.text)
    UART4_IRQHandler                         0x0800015f   Thumb Code     0  startup_stm32f103xe.o(.text)
    UART5_IRQHandler                         0x0800015f   Thumb Code     0  startup_stm32f103xe.o(.text)
    USART1_IRQHandler                        0x0800015f   Thumb Code     0  startup_stm32f103xe.o(.text)
    USART3_IRQHandler                        0x0800015f   Thumb Code     0  startup_stm32f103xe.o(.text)
    USBWakeUp_IRQHandler                     0x0800015f   Thumb Code     0  startup_stm32f103xe.o(.text)
    USB_HP_CAN1_TX_IRQHandler                0x0800015f   Thumb Code     0  startup_stm32f103xe.o(.text)
    USB_LP_CAN1_RX0_IRQHandler               0x0800015f   Thumb Code     0  startup_stm32f103xe.o(.text)
    WWDG_IRQHandler                          0x0800015f   Thumb Code     0  startup_stm32f103xe.o(.text)
    __aeabi_llsr                             0x08000169   Thumb Code    32  llushr.o(.text)
    _ll_ushift_r                             0x08000169   Thumb Code     0  llushr.o(.text)
    __aeabi_memset                           0x08000189   Thumb Code    14  memseta.o(.text)
    __aeabi_memset4                          0x08000189   Thumb Code     0  memseta.o(.text)
    __aeabi_memset8                          0x08000189   Thumb Code     0  memseta.o(.text)
    __aeabi_memclr                           0x08000197   Thumb Code     4  memseta.o(.text)
    __aeabi_memclr4                          0x08000197   Thumb Code     0  memseta.o(.text)
    __aeabi_memclr8                          0x08000197   Thumb Code     0  memseta.o(.text)
    _memset$wrapper                          0x0800019b   Thumb Code    18  memseta.o(.text)
    __aeabi_uldivmod                         0x080001ad   Thumb Code    98  uldiv.o(.text)
    __scatterload                            0x08000211   Thumb Code    28  init.o(.text)
    __scatterload_rt2                        0x08000211   Thumb Code     0  init.o(.text)
    __aeabi_llsl                             0x08000235   Thumb Code    30  llshl.o(.text)
    _ll_shift_l                              0x08000235   Thumb Code     0  llshl.o(.text)
    BusFault_Handler                         0x08000253   Thumb Code     2  stm32f1xx_it.o(i.BusFault_Handler)
    DMA1_Channel4_IRQHandler                 0x08000255   Thumb Code     6  debug.o(i.DMA1_Channel4_IRQHandler)
    DMA1_Channel5_IRQHandler                 0x08000261   Thumb Code     6  debug.o(i.DMA1_Channel5_IRQHandler)
    DMA1_Channel6_IRQHandler                 0x0800026d   Thumb Code     6  debug.o(i.DMA1_Channel6_IRQHandler)
    DMA1_Channel7_IRQHandler                 0x08000279   Thumb Code     6  debug.o(i.DMA1_Channel7_IRQHandler)
    DebugMon_Handler                         0x080002af   Thumb Code     2  stm32f1xx_it.o(i.DebugMon_Handler)
    Debug_Init                               0x080002b1   Thumb Code   198  debug.o(i.Debug_Init)
    HAL_DMA_Abort                            0x0800038d   Thumb Code    70  stm32f1xx_hal_dma.o(i.HAL_DMA_Abort)
    HAL_DMA_Abort_IT                         0x080003d5   Thumb Code   296  stm32f1xx_hal_dma.o(i.HAL_DMA_Abort_IT)
    HAL_DMA_IRQHandler                       0x08000505   Thumb Code   552  stm32f1xx_hal_dma.o(i.HAL_DMA_IRQHandler)
    HAL_DMA_Init                             0x0800074d   Thumb Code   112  stm32f1xx_hal_dma.o(i.HAL_DMA_Init)
    HAL_DMA_Start_IT                         0x080007c9   Thumb Code   112  stm32f1xx_hal_dma.o(i.HAL_DMA_Start_IT)
    HAL_Delay                                0x08000839   Thumb Code    32  stm32f1xx_hal.o(i.HAL_Delay)
    HAL_GPIO_Init                            0x0800085d   Thumb Code   462  stm32f1xx_hal_gpio.o(i.HAL_GPIO_Init)
    HAL_GPIO_ReadPin                         0x08000a55   Thumb Code    10  stm32f1xx_hal_gpio.o(i.HAL_GPIO_ReadPin)
    HAL_GPIO_WritePin                        0x08000a5f   Thumb Code    10  stm32f1xx_hal_gpio.o(i.HAL_GPIO_WritePin)
    HAL_GetTick                              0x08000a69   Thumb Code     6  stm32f1xx_hal.o(i.HAL_GetTick)
    HAL_IncTick                              0x08000a75   Thumb Code    12  stm32f1xx_hal.o(i.HAL_IncTick)
    HAL_Init                                 0x08000a85   Thumb Code    32  stm32f1xx_hal.o(i.HAL_Init)
    HAL_InitTick                             0x08000aa9   Thumb Code    54  stm32f1xx_hal.o(i.HAL_InitTick)
    HAL_MspInit                              0x08000ae9   Thumb Code    52  stm32f1xx_hal_msp.o(i.HAL_MspInit)
    HAL_NVIC_EnableIRQ                       0x08000b25   Thumb Code    26  stm32f1xx_hal_cortex.o(i.HAL_NVIC_EnableIRQ)
    HAL_NVIC_SetPriority                     0x08000b41   Thumb Code    60  stm32f1xx_hal_cortex.o(i.HAL_NVIC_SetPriority)
    HAL_NVIC_SetPriorityGrouping             0x08000b81   Thumb Code    26  stm32f1xx_hal_cortex.o(i.HAL_NVIC_SetPriorityGrouping)
    HAL_RCC_ClockConfig                      0x08000ba5   Thumb Code   280  stm32f1xx_hal_rcc.o(i.HAL_RCC_ClockConfig)
    HAL_RCC_GetPCLK1Freq                     0x08000cd1   Thumb Code    20  stm32f1xx_hal_rcc.o(i.HAL_RCC_GetPCLK1Freq)
    HAL_RCC_GetPCLK2Freq                     0x08000cf1   Thumb Code    20  stm32f1xx_hal_rcc.o(i.HAL_RCC_GetPCLK2Freq)
    HAL_RCC_GetSysClockFreq                  0x08000d11   Thumb Code    58  stm32f1xx_hal_rcc.o(i.HAL_RCC_GetSysClockFreq)
    HAL_RCC_OscConfig                        0x08000d5d   Thumb Code   778  stm32f1xx_hal_rcc.o(i.HAL_RCC_OscConfig)
    HAL_SPI_ErrorCallback                    0x0800107d   Thumb Code     2  stm32f1xx_hal_spi.o(i.HAL_SPI_ErrorCallback)
    HAL_SPI_Init                             0x0800107f   Thumb Code   178  stm32f1xx_hal_spi.o(i.HAL_SPI_Init)
    HAL_SPI_MspInit                          0x08001131   Thumb Code     2  stm32f1xx_hal_spi.o(i.HAL_SPI_MspInit)
    HAL_SPI_Receive                          0x08001133   Thumb Code   340  stm32f1xx_hal_spi.o(i.HAL_SPI_Receive)
    HAL_SPI_Receive_DMA                      0x08001289   Thumb Code   216  stm32f1xx_hal_spi.o(i.HAL_SPI_Receive_DMA)
    HAL_SPI_RxCpltCallback                   0x0800136d   Thumb Code     2  stm32f1xx_hal_spi.o(i.HAL_SPI_RxCpltCallback)
    HAL_SPI_RxHalfCpltCallback               0x0800136f   Thumb Code     2  stm32f1xx_hal_spi.o(i.HAL_SPI_RxHalfCpltCallback)
    HAL_SPI_Transmit                         0x08001371   Thumb Code   358  stm32f1xx_hal_spi.o(i.HAL_SPI_Transmit)
    HAL_SPI_TransmitReceive                  0x080014d7   Thumb Code   496  stm32f1xx_hal_spi.o(i.HAL_SPI_TransmitReceive)
    HAL_SPI_TransmitReceive_DMA              0x080016c9   Thumb Code   252  stm32f1xx_hal_spi.o(i.HAL_SPI_TransmitReceive_DMA)
    HAL_SPI_Transmit_DMA                     0x080017d9   Thumb Code   190  stm32f1xx_hal_spi.o(i.HAL_SPI_Transmit_DMA)
    HAL_SPI_TxCpltCallback                   0x080018a5   Thumb Code     2  stm32f1xx_hal_spi.o(i.HAL_SPI_TxCpltCallback)
    HAL_SPI_TxHalfCpltCallback               0x080018a7   Thumb Code     2  stm32f1xx_hal_spi.o(i.HAL_SPI_TxHalfCpltCallback)
    HAL_SPI_TxRxCpltCallback                 0x080018a9   Thumb Code     2  stm32f1xx_hal_spi.o(i.HAL_SPI_TxRxCpltCallback)
    HAL_SPI_TxRxHalfCpltCallback             0x080018ab   Thumb Code     2  stm32f1xx_hal_spi.o(i.HAL_SPI_TxRxHalfCpltCallback)
    HAL_SYSTICK_Config                       0x080018ad   Thumb Code    40  stm32f1xx_hal_cortex.o(i.HAL_SYSTICK_Config)
    HAL_UARTEx_ReceiveToIdle_DMA             0x080018d5   Thumb Code    74  stm32f1xx_hal_uart.o(i.HAL_UARTEx_ReceiveToIdle_DMA)
    HAL_UARTEx_RxEventCallback               0x08001921   Thumb Code    96  debug.o(i.HAL_UARTEx_RxEventCallback)
    HAL_UART_ErrorCallback                   0x08001999   Thumb Code     2  stm32f1xx_hal_uart.o(i.HAL_UART_ErrorCallback)
    HAL_UART_IRQHandler                      0x0800199d   Thumb Code   616  stm32f1xx_hal_uart.o(i.HAL_UART_IRQHandler)
    HAL_UART_Init                            0x08001c09   Thumb Code   100  stm32f1xx_hal_uart.o(i.HAL_UART_Init)
    HAL_UART_MspInit                         0x08001c6d   Thumb Code     2  stm32f1xx_hal_uart.o(i.HAL_UART_MspInit)
    HAL_UART_RxCpltCallback                  0x08001c6f   Thumb Code     2  stm32f1xx_hal_uart.o(i.HAL_UART_RxCpltCallback)
    HAL_UART_RxHalfCpltCallback              0x08001c71   Thumb Code     2  stm32f1xx_hal_uart.o(i.HAL_UART_RxHalfCpltCallback)
    HAL_UART_Transmit                        0x08001c73   Thumb Code   160  stm32f1xx_hal_uart.o(i.HAL_UART_Transmit)
    HAL_UART_TxCpltCallback                  0x08001d15   Thumb Code    26  debug.o(i.HAL_UART_TxCpltCallback)
    HardFault_Handler                        0x08001d3d   Thumb Code     2  stm32f1xx_it.o(i.HardFault_Handler)
    MemManage_Handler                        0x08001d3f   Thumb Code     2  stm32f1xx_it.o(i.MemManage_Handler)
    NMI_Handler                              0x08001d41   Thumb Code     2  stm32f1xx_it.o(i.NMI_Handler)
    PendSV_Handler                           0x08001d43   Thumb Code     2  stm32f1xx_it.o(i.PendSV_Handler)
    SPI_FLASH_BufferWrite                    0x08001f3d   Thumb Code   198  w25qxx.o(i.SPI_FLASH_BufferWrite)
    SVC_Handler                              0x080020bd   Thumb Code     2  stm32f1xx_it.o(i.SVC_Handler)
    SysTick_Handler                          0x080020bf   Thumb Code     4  stm32f1xx_it.o(i.SysTick_Handler)
    SystemClock_Config                       0x080020c3   Thumb Code    94  main.o(i.SystemClock_Config)
    SystemInit                               0x08002121   Thumb Code     2  system_stm32f1xx.o(i.SystemInit)
    UART_Start_Receive_DMA                   0x08002405   Thumb Code   130  stm32f1xx_hal_uart.o(i.UART_Start_Receive_DMA)
    USART2_IRQHandler                        0x08002509   Thumb Code     6  debug.o(i.USART2_IRQHandler)
    USART_DMA_Init                           0x08002515   Thumb Code   128  debug.o(i.USART_DMA_Init)
    UsageFault_Handler                       0x080025a1   Thumb Code     2  stm32f1xx_it.o(i.UsageFault_Handler)
    User_W25Qxx_Init                         0x080025a3   Thumb Code    18  w25qxx.o(i.User_W25Qxx_Init)
    W25Qxx_DATA_Init                         0x080025b5   Thumb Code    10  w25qxx.o(i.W25Qxx_DATA_Init)
    W25Qxx_GPIO_Init                         0x080025c5   Thumb Code   190  w25qxx.o(i.W25Qxx_GPIO_Init)
    W25Qxx_PageWrite                         0x08002691   Thumb Code    86  w25qxx.o(i.W25Qxx_PageWrite)
    W25Qxx_ReadData                          0x080026ed   Thumb Code    60  w25qxx.o(i.W25Qxx_ReadData)
    W25Qxx_ReadID                            0x0800272d   Thumb Code    70  w25qxx.o(i.W25Qxx_ReadID)
    W25Qxx_SectorErase                       0x08002779   Thumb Code    66  w25qxx.o(i.W25Qxx_SectorErase)
    W25Qxx_SectorWrite                       0x080027c1   Thumb Code    62  w25qxx.o(i.W25Qxx_SectorWrite)
    W25Qxx_Sector_ReadData                   0x080027ff   Thumb Code    98  w25qxx.o(i.W25Qxx_Sector_ReadData)
    W25Qxx_hw_CS                             0x080028f5   Thumb Code    20  w25qxx.o(i.W25Qxx_hw_CS)
    W25Qxx_hw_DMA_Init                       0x0800290d   Thumb Code   400  w25qxx.o(i.W25Qxx_hw_DMA_Init)
    W25Qxx_hw_DMA_ReadData                   0x08002ab5   Thumb Code    10  w25qxx.o(i.W25Qxx_hw_DMA_ReadData)
    W25Qxx_hw_DMA_SendData                   0x08002ac5   Thumb Code    10  w25qxx.o(i.W25Qxx_hw_DMA_SendData)
    W25Qxx_hw_DMA_Wait                       0x08002ad5   Thumb Code     6  w25qxx.o(i.W25Qxx_hw_DMA_Wait)
    W25Qxx_hw_ReadData                       0x08002add   Thumb Code    12  w25qxx.o(i.W25Qxx_hw_ReadData)
    W25Qxx_hw_SendData                       0x08002af1   Thumb Code    14  w25qxx.o(i.W25Qxx_hw_SendData)
    W25Qxx_sw_Init                           0x08002b05   Thumb Code    14  w25qxx.o(i.W25Qxx_sw_Init)
    W25Qxx_sw_ReadData                       0x08002b15   Thumb Code   102  w25qxx.o(i.W25Qxx_sw_ReadData)
    W25Qxx_sw_SendData                       0x08002b81   Thumb Code   100  w25qxx.o(i.W25Qxx_sw_SendData)
    __0printf$5                              0x08002be9   Thumb Code    22  printf5.o(i.__0printf$5)
    __1printf$5                              0x08002be9   Thumb Code     0  printf5.o(i.__0printf$5)
    __2printf                                0x08002be9   Thumb Code     0  printf5.o(i.__0printf$5)
    __scatterload_copy                       0x08002c29   Thumb Code    14  handlers.o(i.__scatterload_copy)
    __scatterload_null                       0x08002c37   Thumb Code     2  handlers.o(i.__scatterload_null)
    __scatterload_zeroinit                   0x08002c39   Thumb Code    14  handlers.o(i.__scatterload_zeroinit)
    disk_initialize                          0x08003469   Thumb Code    20  diskio.o(i.disk_initialize)
    disk_ioctl                               0x0800347d   Thumb Code    42  diskio.o(i.disk_ioctl)
    disk_read                                0x080034a9   Thumb Code    26  diskio.o(i.disk_read)
    disk_status                              0x080034c9   Thumb Code    24  diskio.o(i.disk_status)
    disk_write                               0x080034e5   Thumb Code    26  diskio.o(i.disk_write)
    f_close                                  0x08003505   Thumb Code    30  ff.o(i.f_close)
    f_mkfs                                   0x08003525   Thumb Code  1448  ff.o(i.f_mkfs)
    f_mount                                  0x08003ad5   Thumb Code    66  ff.o(i.f_mount)
    f_open                                   0x08003b1d   Thumb Code   438  ff.o(i.f_open)
    f_read                                   0x08003cd3   Thumb Code   364  ff.o(i.f_read)
    f_sync                                   0x08003e3f   Thumb Code   142  ff.o(i.f_sync)
    f_write                                  0x08003ecd   Thumb Code   418  ff.o(i.f_write)
    fputc                                    0x08004135   Thumb Code    24  debug.o(i.fputc)
    get_fattime                              0x08004239   Thumb Code     4  diskio.o(i.get_fattime)
    main                                     0x080042bd   Thumb Code   568  main.o(i.main)
    AHBPrescTable                            0x08004df4   Data          16  system_stm32f1xx.o(.constdata)
    APBPrescTable                            0x08004e04   Data           8  system_stm32f1xx.o(.constdata)
    Region$$Table$$Base                      0x08004eb8   Number         0  anon$$obj.o(Region$$Table)
    Region$$Table$$Limit                     0x08004ed8   Number         0  anon$$obj.o(Region$$Table)
    flag_tr                                  0x20000000   Data           1  main.o(.data)
    res_flash                                0x20000004   Data           1  main.o(.data)
    fnum                                     0x20000008   Data           4  main.o(.data)
    WriteBuffer                              0x2000000c   Data          49  main.o(.data)
    addr1_num                                0x2000003d   Data           1  main.o(.data)
    addr1                                    0x20000040   Data           4  main.o(.data)
    flag_wri                                 0x20000044   Data           1  main.o(.data)
    ptr_buf                                  0x20000048   Data           4  main.o(.data)
    uwTickFreq                               0x2000004c   Data           1  stm32f1xx_hal.o(.data)
    uwTickPrio                               0x20000050   Data           4  stm32f1xx_hal.o(.data)
    uwTick                                   0x20000054   Data           4  stm32f1xx_hal.o(.data)
    SystemCoreClock                          0x20000058   Data           4  system_stm32f1xx.o(.data)
    aqq                                      0x2000005c   Data           1  debug.o(.data)
    a                                        0x2000005e   Data           2  debug.o(.data)
    ut_buf_ptr                               0x20000060   Data           4  debug.o(.data)
    W25Qxx_handler                           0x20000064   Data          48  w25qxx.o(.data)
    __stdout                                 0x200000a0   Data           4  stdout.o(.data)
    ReadBuffer                               0x200000a4   Data        1024  main.o(.bss)
    bmp_buf                                  0x200004a4   Data       40960  main.o(.bss)
    fs                                       0x2000a4a4   Data        4148  main.o(.bss)
    fnew                                     0x2000b4d8   Data        4136  main.o(.bss)
    usart_dma_tx                             0x2000c500   Data          68  debug.o(.bss)
    usart_dma_rx                             0x2000c544   Data          68  debug.o(.bss)
    usart_handler                            0x2000c588   Data          72  debug.o(.bss)
    us_buf                                   0x2000c5d0   Data         300  debug.o(.bss)
    us_buf1                                  0x2000c6fc   Data         300  debug.o(.bss)
    W25Qxx_SPI_handler                       0x2000c828   Data          88  w25qxx.o(.bss)
    spi_dma_tx                               0x2000c880   Data          68  w25qxx.o(.bss)
    spi_dma_rx                               0x2000c8c4   Data          68  w25qxx.o(.bss)
    __initial_sp                             0x2000cd08   Data           0  startup_stm32f103xe.o(STACK)



==============================================================================

Memory Map of the image

  Image Entry point : 0x08000131

  Load Region LR_IROM1 (Base: 0x08000000, Size: 0x00004f7c, Max: 0x00080000, ABSOLUTE)

    Execution Region ER_IROM1 (Exec base: 0x08000000, Load base: 0x08000000, Size: 0x00004ed8, Max: 0x00080000, ABSOLUTE)

    Exec Addr    Load Addr    Size         Type   Attr      Idx    E Section Name        Object

    0x08000000   0x08000000   0x00000130   Data   RO            3    RESET               startup_stm32f103xe.o
    0x08000130   0x08000130   0x00000000   Code   RO         2952  * .ARM.Collect$$$$00000000  mc_w.l(entry.o)
    0x08000130   0x08000130   0x00000004   Code   RO         3220    .ARM.Collect$$$$00000001  mc_w.l(entry2.o)
    0x08000134   0x08000134   0x00000004   Code   RO         3223    .ARM.Collect$$$$00000004  mc_w.l(entry5.o)
    0x08000138   0x08000138   0x00000000   Code   RO         3225    .ARM.Collect$$$$00000008  mc_w.l(entry7b.o)
    0x08000138   0x08000138   0x00000000   Code   RO         3227    .ARM.Collect$$$$0000000A  mc_w.l(entry8b.o)
    0x08000138   0x08000138   0x00000008   Code   RO         3228    .ARM.Collect$$$$0000000B  mc_w.l(entry9a.o)
    0x08000140   0x08000140   0x00000000   Code   RO         3230    .ARM.Collect$$$$0000000D  mc_w.l(entry10a.o)
    0x08000140   0x08000140   0x00000000   Code   RO         3232    .ARM.Collect$$$$0000000F  mc_w.l(entry11a.o)
    0x08000140   0x08000140   0x00000004   Code   RO         3221    .ARM.Collect$$$$00002712  mc_w.l(entry2.o)
    0x08000144   0x08000144   0x00000024   Code   RO            4    .text               startup_stm32f103xe.o
    0x08000168   0x08000168   0x00000020   Code   RO         2955    .text               mc_w.l(llushr.o)
    0x08000188   0x08000188   0x00000024   Code   RO         2957    .text               mc_w.l(memseta.o)
    0x080001ac   0x080001ac   0x00000062   Code   RO         3237    .text               mc_w.l(uldiv.o)
    0x0800020e   0x0800020e   0x00000002   PAD
    0x08000210   0x08000210   0x00000024   Code   RO         3250    .text               mc_w.l(init.o)
    0x08000234   0x08000234   0x0000001e   Code   RO         3252    .text               mc_w.l(llshl.o)
    0x08000252   0x08000252   0x00000002   Code   RO          199    i.BusFault_Handler  stm32f1xx_it.o
    0x08000254   0x08000254   0x0000000c   Code   RO         2326    i.DMA1_Channel4_IRQHandler  debug.o
    0x08000260   0x08000260   0x0000000c   Code   RO         2327    i.DMA1_Channel5_IRQHandler  debug.o
    0x0800026c   0x0800026c   0x0000000c   Code   RO         2328    i.DMA1_Channel6_IRQHandler  debug.o
    0x08000278   0x08000278   0x0000000c   Code   RO         2329    i.DMA1_Channel7_IRQHandler  debug.o
    0x08000284   0x08000284   0x0000002a   Code   RO          750    i.DMA_SetConfig     stm32f1xx_hal_dma.o
    0x080002ae   0x080002ae   0x00000002   Code   RO          200    i.DebugMon_Handler  stm32f1xx_it.o
    0x080002b0   0x080002b0   0x000000dc   Code   RO         2330    i.Debug_Init        debug.o
    0x0800038c   0x0800038c   0x00000046   Code   RO          751    i.HAL_DMA_Abort     stm32f1xx_hal_dma.o
    0x080003d2   0x080003d2   0x00000002   PAD
    0x080003d4   0x080003d4   0x00000130   Code   RO          752    i.HAL_DMA_Abort_IT  stm32f1xx_hal_dma.o
    0x08000504   0x08000504   0x00000248   Code   RO          756    i.HAL_DMA_IRQHandler  stm32f1xx_hal_dma.o
    0x0800074c   0x0800074c   0x0000007c   Code   RO          757    i.HAL_DMA_Init      stm32f1xx_hal_dma.o
    0x080007c8   0x080007c8   0x00000070   Code   RO          761    i.HAL_DMA_Start_IT  stm32f1xx_hal_dma.o
    0x08000838   0x08000838   0x00000024   Code   RO          377    i.HAL_Delay         stm32f1xx_hal.o
    0x0800085c   0x0800085c   0x000001f8   Code   RO          687    i.HAL_GPIO_Init     stm32f1xx_hal_gpio.o
    0x08000a54   0x08000a54   0x0000000a   Code   RO          689    i.HAL_GPIO_ReadPin  stm32f1xx_hal_gpio.o
    0x08000a5e   0x08000a5e   0x0000000a   Code   RO          691    i.HAL_GPIO_WritePin  stm32f1xx_hal_gpio.o
    0x08000a68   0x08000a68   0x0000000c   Code   RO          381    i.HAL_GetTick       stm32f1xx_hal.o
    0x08000a74   0x08000a74   0x00000010   Code   RO          387    i.HAL_IncTick       stm32f1xx_hal.o
    0x08000a84   0x08000a84   0x00000024   Code   RO          388    i.HAL_Init          stm32f1xx_hal.o
    0x08000aa8   0x08000aa8   0x00000040   Code   RO          389    i.HAL_InitTick      stm32f1xx_hal.o
    0x08000ae8   0x08000ae8   0x0000003c   Code   RO          274    i.HAL_MspInit       stm32f1xx_hal_msp.o
    0x08000b24   0x08000b24   0x0000001a   Code   RO          847    i.HAL_NVIC_EnableIRQ  stm32f1xx_hal_cortex.o
    0x08000b3e   0x08000b3e   0x00000002   PAD
    0x08000b40   0x08000b40   0x00000040   Code   RO          853    i.HAL_NVIC_SetPriority  stm32f1xx_hal_cortex.o
    0x08000b80   0x08000b80   0x00000024   Code   RO          854    i.HAL_NVIC_SetPriorityGrouping  stm32f1xx_hal_cortex.o
    0x08000ba4   0x08000ba4   0x0000012c   Code   RO          545    i.HAL_RCC_ClockConfig  stm32f1xx_hal_rcc.o
    0x08000cd0   0x08000cd0   0x00000020   Code   RO          552    i.HAL_RCC_GetPCLK1Freq  stm32f1xx_hal_rcc.o
    0x08000cf0   0x08000cf0   0x00000020   Code   RO          553    i.HAL_RCC_GetPCLK2Freq  stm32f1xx_hal_rcc.o
    0x08000d10   0x08000d10   0x0000004c   Code   RO          554    i.HAL_RCC_GetSysClockFreq  stm32f1xx_hal_rcc.o
    0x08000d5c   0x08000d5c   0x00000320   Code   RO          557    i.HAL_RCC_OscConfig  stm32f1xx_hal_rcc.o
    0x0800107c   0x0800107c   0x00000002   Code   RO         1354    i.HAL_SPI_ErrorCallback  stm32f1xx_hal_spi.o
    0x0800107e   0x0800107e   0x000000b2   Code   RO         1358    i.HAL_SPI_Init      stm32f1xx_hal_spi.o
    0x08001130   0x08001130   0x00000002   Code   RO         1360    i.HAL_SPI_MspInit   stm32f1xx_hal_spi.o
    0x08001132   0x08001132   0x00000154   Code   RO         1361    i.HAL_SPI_Receive   stm32f1xx_hal_spi.o
    0x08001286   0x08001286   0x00000002   PAD
    0x08001288   0x08001288   0x000000e4   Code   RO         1362    i.HAL_SPI_Receive_DMA  stm32f1xx_hal_spi.o
    0x0800136c   0x0800136c   0x00000002   Code   RO         1364    i.HAL_SPI_RxCpltCallback  stm32f1xx_hal_spi.o
    0x0800136e   0x0800136e   0x00000002   Code   RO         1365    i.HAL_SPI_RxHalfCpltCallback  stm32f1xx_hal_spi.o
    0x08001370   0x08001370   0x00000166   Code   RO         1366    i.HAL_SPI_Transmit  stm32f1xx_hal_spi.o
    0x080014d6   0x080014d6   0x000001f0   Code   RO         1367    i.HAL_SPI_TransmitReceive  stm32f1xx_hal_spi.o
    0x080016c6   0x080016c6   0x00000002   PAD
    0x080016c8   0x080016c8   0x00000110   Code   RO         1368    i.HAL_SPI_TransmitReceive_DMA  stm32f1xx_hal_spi.o
    0x080017d8   0x080017d8   0x000000cc   Code   RO         1370    i.HAL_SPI_Transmit_DMA  stm32f1xx_hal_spi.o
    0x080018a4   0x080018a4   0x00000002   Code   RO         1372    i.HAL_SPI_TxCpltCallback  stm32f1xx_hal_spi.o
    0x080018a6   0x080018a6   0x00000002   Code   RO         1373    i.HAL_SPI_TxHalfCpltCallback  stm32f1xx_hal_spi.o
    0x080018a8   0x080018a8   0x00000002   Code   RO         1374    i.HAL_SPI_TxRxCpltCallback  stm32f1xx_hal_spi.o
    0x080018aa   0x080018aa   0x00000002   Code   RO         1375    i.HAL_SPI_TxRxHalfCpltCallback  stm32f1xx_hal_spi.o
    0x080018ac   0x080018ac   0x00000028   Code   RO          858    i.HAL_SYSTICK_Config  stm32f1xx_hal_cortex.o
    0x080018d4   0x080018d4   0x0000004a   Code   RO         1679    i.HAL_UARTEx_ReceiveToIdle_DMA  stm32f1xx_hal_uart.o
    0x0800191e   0x0800191e   0x00000002   PAD
    0x08001920   0x08001920   0x00000078   Code   RO         2331    i.HAL_UARTEx_RxEventCallback  debug.o
    0x08001998   0x08001998   0x00000002   Code   RO         1695    i.HAL_UART_ErrorCallback  stm32f1xx_hal_uart.o
    0x0800199a   0x0800199a   0x00000002   PAD
    0x0800199c   0x0800199c   0x0000026c   Code   RO         1698    i.HAL_UART_IRQHandler  stm32f1xx_hal_uart.o
    0x08001c08   0x08001c08   0x00000064   Code   RO         1699    i.HAL_UART_Init     stm32f1xx_hal_uart.o
    0x08001c6c   0x08001c6c   0x00000002   Code   RO         1701    i.HAL_UART_MspInit  stm32f1xx_hal_uart.o
    0x08001c6e   0x08001c6e   0x00000002   Code   RO         1705    i.HAL_UART_RxCpltCallback  stm32f1xx_hal_uart.o
    0x08001c70   0x08001c70   0x00000002   Code   RO         1706    i.HAL_UART_RxHalfCpltCallback  stm32f1xx_hal_uart.o
    0x08001c72   0x08001c72   0x000000a0   Code   RO         1707    i.HAL_UART_Transmit  stm32f1xx_hal_uart.o
    0x08001d12   0x08001d12   0x00000002   PAD
    0x08001d14   0x08001d14   0x00000028   Code   RO         2332    i.HAL_UART_TxCpltCallback  debug.o
    0x08001d3c   0x08001d3c   0x00000002   Code   RO          201    i.HardFault_Handler  stm32f1xx_it.o
    0x08001d3e   0x08001d3e   0x00000002   Code   RO          202    i.MemManage_Handler  stm32f1xx_it.o
    0x08001d40   0x08001d40   0x00000002   Code   RO          203    i.NMI_Handler       stm32f1xx_it.o
    0x08001d42   0x08001d42   0x00000002   Code   RO          204    i.PendSV_Handler    stm32f1xx_it.o
    0x08001d44   0x08001d44   0x00000022   Code   RO         1386    i.SPI_DMAError      stm32f1xx_hal_spi.o
    0x08001d66   0x08001d66   0x0000000a   Code   RO         1387    i.SPI_DMAHalfReceiveCplt  stm32f1xx_hal_spi.o
    0x08001d70   0x08001d70   0x0000000a   Code   RO         1388    i.SPI_DMAHalfTransmitCplt  stm32f1xx_hal_spi.o
    0x08001d7a   0x08001d7a   0x0000000a   Code   RO         1389    i.SPI_DMAHalfTransmitReceiveCplt  stm32f1xx_hal_spi.o
    0x08001d84   0x08001d84   0x0000006a   Code   RO         1390    i.SPI_DMAReceiveCplt  stm32f1xx_hal_spi.o
    0x08001dee   0x08001dee   0x00000064   Code   RO         1392    i.SPI_DMATransmitCplt  stm32f1xx_hal_spi.o
    0x08001e52   0x08001e52   0x0000005a   Code   RO         1393    i.SPI_DMATransmitReceiveCplt  stm32f1xx_hal_spi.o
    0x08001eac   0x08001eac   0x0000005c   Code   RO         1395    i.SPI_EndRxTransaction  stm32f1xx_hal_spi.o
    0x08001f08   0x08001f08   0x00000034   Code   RO         1396    i.SPI_EndRxTxTransaction  stm32f1xx_hal_spi.o
    0x08001f3c   0x08001f3c   0x000000c6   Code   RO         2417    i.SPI_FLASH_BufferWrite  w25qxx.o
    0x08002002   0x08002002   0x00000002   PAD
    0x08002004   0x08002004   0x000000b8   Code   RO         1401    i.SPI_WaitFlagStateUntilTimeout  stm32f1xx_hal_spi.o
    0x080020bc   0x080020bc   0x00000002   Code   RO          205    i.SVC_Handler       stm32f1xx_it.o
    0x080020be   0x080020be   0x00000004   Code   RO          206    i.SysTick_Handler   stm32f1xx_it.o
    0x080020c2   0x080020c2   0x0000005e   Code   RO           14    i.SystemClock_Config  main.o
    0x08002120   0x08002120   0x00000002   Code   RO         2289    i.SystemInit        system_stm32f1xx.o
    0x08002122   0x08002122   0x00000010   Code   RO         1712    i.UART_DMAAbortOnError  stm32f1xx_hal_uart.o
    0x08002132   0x08002132   0x0000004a   Code   RO         1713    i.UART_DMAError     stm32f1xx_hal_uart.o
    0x0800217c   0x0800217c   0x00000086   Code   RO         1714    i.UART_DMAReceiveCplt  stm32f1xx_hal_uart.o
    0x08002202   0x08002202   0x0000001e   Code   RO         1716    i.UART_DMARxHalfCplt  stm32f1xx_hal_uart.o
    0x08002220   0x08002220   0x0000004e   Code   RO         1722    i.UART_EndRxTransfer  stm32f1xx_hal_uart.o
    0x0800226e   0x0800226e   0x0000001c   Code   RO         1723    i.UART_EndTxTransfer  stm32f1xx_hal_uart.o
    0x0800228a   0x0800228a   0x000000c2   Code   RO         1724    i.UART_Receive_IT   stm32f1xx_hal_uart.o
    0x0800234c   0x0800234c   0x000000b8   Code   RO         1725    i.UART_SetConfig    stm32f1xx_hal_uart.o
    0x08002404   0x08002404   0x00000090   Code   RO         1726    i.UART_Start_Receive_DMA  stm32f1xx_hal_uart.o
    0x08002494   0x08002494   0x00000072   Code   RO         1728    i.UART_WaitOnFlagUntilTimeout  stm32f1xx_hal_uart.o
    0x08002506   0x08002506   0x00000002   PAD
    0x08002508   0x08002508   0x0000000c   Code   RO         2333    i.USART2_IRQHandler  debug.o
    0x08002514   0x08002514   0x0000008c   Code   RO         2334    i.USART_DMA_Init    debug.o
    0x080025a0   0x080025a0   0x00000002   Code   RO          207    i.UsageFault_Handler  stm32f1xx_it.o
    0x080025a2   0x080025a2   0x00000012   Code   RO         2418    i.User_W25Qxx_Init  w25qxx.o
    0x080025b4   0x080025b4   0x00000010   Code   RO         2422    i.W25Qxx_DATA_Init  w25qxx.o
    0x080025c4   0x080025c4   0x000000cc   Code   RO         2423    i.W25Qxx_GPIO_Init  w25qxx.o
    0x08002690   0x08002690   0x0000005c   Code   RO         2424    i.W25Qxx_PageWrite  w25qxx.o
    0x080026ec   0x080026ec   0x00000040   Code   RO         2425    i.W25Qxx_ReadData   w25qxx.o
    0x0800272c   0x0800272c   0x0000004c   Code   RO         2426    i.W25Qxx_ReadID     w25qxx.o
    0x08002778   0x08002778   0x00000048   Code   RO         2427    i.W25Qxx_SectorErase  w25qxx.o
    0x080027c0   0x080027c0   0x0000003e   Code   RO         2428    i.W25Qxx_SectorWrite  w25qxx.o
    0x080027fe   0x080027fe   0x00000062   Code   RO         2429    i.W25Qxx_Sector_ReadData  w25qxx.o
    0x08002860   0x08002860   0x00000054   Code   RO         2430    i.W25Qxx_WaitForBusyStatus  w25qxx.o
    0x080028b4   0x080028b4   0x00000020   Code   RO         2431    i.W25Qxx_WriteDisable  w25qxx.o
    0x080028d4   0x080028d4   0x00000020   Code   RO         2432    i.W25Qxx_WriteEnable  w25qxx.o
    0x080028f4   0x080028f4   0x00000018   Code   RO         2433    i.W25Qxx_hw_CS      w25qxx.o
    0x0800290c   0x0800290c   0x000001a8   Code   RO         2434    i.W25Qxx_hw_DMA_Init  w25qxx.o
    0x08002ab4   0x08002ab4   0x00000010   Code   RO         2435    i.W25Qxx_hw_DMA_ReadData  w25qxx.o
    0x08002ac4   0x08002ac4   0x00000010   Code   RO         2436    i.W25Qxx_hw_DMA_SendData  w25qxx.o
    0x08002ad4   0x08002ad4   0x00000006   Code   RO         2437    i.W25Qxx_hw_DMA_Wait  w25qxx.o
    0x08002ada   0x08002ada   0x00000002   PAD
    0x08002adc   0x08002adc   0x00000014   Code   RO         2438    i.W25Qxx_hw_ReadData  w25qxx.o
    0x08002af0   0x08002af0   0x00000014   Code   RO         2439    i.W25Qxx_hw_SendData  w25qxx.o
    0x08002b04   0x08002b04   0x0000000e   Code   RO         2440    i.W25Qxx_sw_Init    w25qxx.o
    0x08002b12   0x08002b12   0x00000002   PAD
    0x08002b14   0x08002b14   0x0000006c   Code   RO         2441    i.W25Qxx_sw_ReadData  w25qxx.o
    0x08002b80   0x08002b80   0x00000068   Code   RO         2442    i.W25Qxx_sw_SendData  w25qxx.o
    0x08002be8   0x08002be8   0x00000020   Code   RO         3092    i.__0printf$5       mc_w.l(printf5.o)
    0x08002c08   0x08002c08   0x00000020   Code   RO          860    i.__NVIC_SetPriority  stm32f1xx_hal_cortex.o
    0x08002c28   0x08002c28   0x0000000e   Code   RO         3260    i.__scatterload_copy  mc_w.l(handlers.o)
    0x08002c36   0x08002c36   0x00000002   Code   RO         3261    i.__scatterload_null  mc_w.l(handlers.o)
    0x08002c38   0x08002c38   0x0000000e   Code   RO         3262    i.__scatterload_zeroinit  mc_w.l(handlers.o)
    0x08002c46   0x08002c46   0x00000002   PAD
    0x08002c48   0x08002c48   0x000002c0   Code   RO         3099    i._printf_core      mc_w.l(printf5.o)
    0x08002f08   0x08002f08   0x0000006c   Code   RO         2665    i.check_fs          ff.o
    0x08002f74   0x08002f74   0x00000018   Code   RO         2666    i.clst2sect         ff.o
    0x08002f8c   0x08002f8c   0x000000da   Code   RO         2667    i.create_chain      ff.o
    0x08003066   0x08003066   0x00000002   PAD
    0x08003068   0x08003068   0x000000bc   Code   RO         2668    i.create_name       ff.o
    0x08003124   0x08003124   0x0000013a   Code   RO         2669    i.create_partition  ff.o
    0x0800325e   0x0800325e   0x0000005a   Code   RO         2670    i.dir_clear         ff.o
    0x080032b8   0x080032b8   0x000000bc   Code   RO         2671    i.dir_next          ff.o
    0x08003374   0x08003374   0x00000066   Code   RO         2673    i.dir_register      ff.o
    0x080033da   0x080033da   0x0000008e   Code   RO         2675    i.dir_sdi           ff.o
    0x08003468   0x08003468   0x00000014   Code   RO         2605    i.disk_initialize   diskio.o
    0x0800347c   0x0800347c   0x0000002a   Code   RO         2606    i.disk_ioctl        diskio.o
    0x080034a6   0x080034a6   0x00000002   PAD
    0x080034a8   0x080034a8   0x00000020   Code   RO         2607    i.disk_read         diskio.o
    0x080034c8   0x080034c8   0x0000001c   Code   RO         2608    i.disk_status       diskio.o
    0x080034e4   0x080034e4   0x00000020   Code   RO         2609    i.disk_write        diskio.o
    0x08003504   0x08003504   0x0000001e   Code   RO         2676    i.f_close           ff.o
    0x08003522   0x08003522   0x00000002   PAD
    0x08003524   0x08003524   0x000005b0   Code   RO         2681    i.f_mkfs            ff.o
    0x08003ad4   0x08003ad4   0x00000048   Code   RO         2682    i.f_mount           ff.o
    0x08003b1c   0x08003b1c   0x000001b6   Code   RO         2683    i.f_open            ff.o
    0x08003cd2   0x08003cd2   0x0000016c   Code   RO         2685    i.f_read            ff.o
    0x08003e3e   0x08003e3e   0x0000008e   Code   RO         2689    i.f_sync            ff.o
    0x08003ecc   0x08003ecc   0x000001a2   Code   RO         2692    i.f_write           ff.o
    0x0800406e   0x0800406e   0x000000c4   Code   RO         2693    i.follow_path       ff.o
    0x08004132   0x08004132   0x00000002   PAD
    0x08004134   0x08004134   0x0000001c   Code   RO         2335    i.fputc             debug.o
    0x08004150   0x08004150   0x000000e8   Code   RO         2694    i.get_fat           ff.o
    0x08004238   0x08004238   0x00000004   Code   RO         2610    i.get_fattime       diskio.o
    0x0800423c   0x0800423c   0x00000038   Code   RO         2696    i.get_ldnumber      ff.o
    0x08004274   0x08004274   0x00000026   Code   RO         2697    i.ld_clust          ff.o
    0x0800429a   0x0800429a   0x00000016   Code   RO         2698    i.ld_dword          ff.o
    0x080042b0   0x080042b0   0x0000000a   Code   RO         2699    i.ld_word           ff.o
    0x080042ba   0x080042ba   0x00000002   PAD
    0x080042bc   0x080042bc   0x0000055c   Code   RO           15    i.main              main.o
    0x08004818   0x08004818   0x0000001a   Code   RO         2700    i.mem_cmp           ff.o
    0x08004832   0x08004832   0x00000012   Code   RO         2701    i.mem_cpy           ff.o
    0x08004844   0x08004844   0x0000000e   Code   RO         2702    i.mem_set           ff.o
    0x08004852   0x08004852   0x00000002   PAD
    0x08004854   0x08004854   0x00000280   Code   RO         2703    i.mount_volume      ff.o
    0x08004ad4   0x08004ad4   0x00000032   Code   RO         2704    i.move_window       ff.o
    0x08004b06   0x08004b06   0x00000124   Code   RO         2705    i.put_fat           ff.o
    0x08004c2a   0x08004c2a   0x00000074   Code   RO         2706    i.remove_chain      ff.o
    0x08004c9e   0x08004c9e   0x00000028   Code   RO         2707    i.st_clust          ff.o
    0x08004cc6   0x08004cc6   0x00000010   Code   RO         2708    i.st_dword          ff.o
    0x08004cd6   0x08004cd6   0x00000008   Code   RO         2709    i.st_word           ff.o
    0x08004cde   0x08004cde   0x00000002   PAD
    0x08004ce0   0x08004ce0   0x00000088   Code   RO         2710    i.sync_fs           ff.o
    0x08004d68   0x08004d68   0x00000046   Code   RO         2711    i.sync_window       ff.o
    0x08004dae   0x08004dae   0x00000034   Code   RO         2712    i.validate          ff.o
    0x08004de2   0x08004de2   0x00000012   Data   RO          558    .constdata          stm32f1xx_hal_rcc.o
    0x08004df4   0x08004df4   0x00000010   Data   RO         2290    .constdata          system_stm32f1xx.o
    0x08004e04   0x08004e04   0x00000008   Data   RO         2291    .constdata          system_stm32f1xx.o
    0x08004e0c   0x08004e0c   0x000000ac   Data   RO         2713    .constdata          ff.o
    0x08004eb8   0x08004eb8   0x00000020   Data   RO         3258    Region$$Table       anon$$obj.o


    Execution Region RW_IRAM1 (Exec base: 0x20000000, Load base: 0x08004ed8, Size: 0x0000cd08, Max: 0x00010000, ABSOLUTE)

    Exec Addr    Load Addr    Size         Type   Attr      Idx    E Section Name        Object

    0x20000000   0x08004ed8   0x00000001   Data   RW           19    .data               main.o
    0x20000001   0x08004ed9   0x00000003   PAD
    0x20000004   0x08004edc   0x00000039   Data   RW           21    .data               main.o
    0x2000003d   0x08004f15   0x00000001   Data   RW           22    .data               main.o
    0x2000003e   0x08004f16   0x00000002   PAD
    0x20000040   0x08004f18   0x00000004   Data   RW           23    .data               main.o
    0x20000044   0x08004f1c   0x00000001   Data   RW           25    .data               main.o
    0x20000045   0x08004f1d   0x00000003   PAD
    0x20000048   0x08004f20   0x00000004   Data   RW           27    .data               main.o
    0x2000004c   0x08004f24   0x0000000c   Data   RW          395    .data               stm32f1xx_hal.o
    0x20000058   0x08004f30   0x00000004   Data   RW         2292    .data               system_stm32f1xx.o
    0x2000005c   0x08004f34   0x00000008   Data   RW         2339    .data               debug.o
    0x20000064   0x08004f3c   0x00000030   Data   RW         2444    .data               w25qxx.o
    0x20000094   0x08004f6c   0x0000000c   Data   RW         2714    .data               ff.o
    0x200000a0   0x08004f78   0x00000004   Data   RW         3234    .data               mc_w.l(stdout.o)
    0x200000a4        -       0x0000c45c   Zero   RW           16    .bss                main.o
    0x2000c500        -       0x00000328   Zero   RW         2337    .bss                debug.o
    0x2000c828        -       0x000000e0   Zero   RW         2443    .bss                w25qxx.o
    0x2000c908        -       0x00000400   Zero   RW            1    STACK               startup_stm32f103xe.o


==============================================================================

Image component sizes


      Code (inc. data)   RO Data    RW Data    ZI Data      Debug   Object Name

       608        106          0          8        808       6589   debug.o
       158         16          0          0          0       7356   diskio.o
      6326        140        172         12          0      47302   ff.o
      1466        804          0         68      50268     467363   main.o
        36          8        304          0       1024        816   startup_stm32f103xe.o
       164         28          0         12          0       6669   stm32f1xx_hal.o
       198         14          0          0          0      29055   stm32f1xx_hal_cortex.o
      1236         52          0          0          0       5258   stm32f1xx_hal_dma.o
       524         42          0          0          0       3615   stm32f1xx_hal_gpio.o
        60          8          0          0          0        910   stm32f1xx_hal_msp.o
      1240         84         18          0          0       5232   stm32f1xx_hal_rcc.o
      2780         50          0          0          0      19809   stm32f1xx_hal_spi.o
      1958         24          0          0          0      14610   stm32f1xx_hal_uart.o
        20          0          0          0          0       4046   stm32f1xx_it.o
         2          0         24          4          0       1179   system_stm32f1xx.o
      1800        126          0         48        224      19727   w25qxx.o

    ----------------------------------------------------------------------
     18612       1502        550        160      52324     639536   Object Totals
         0          0         32          0          0          0   (incl. Generated)
        36          0          0          8          0          0   (incl. Padding)

    ----------------------------------------------------------------------

      Code (inc. data)   RO Data    RW Data    ZI Data      Debug   Library Member Name

         0          0          0          0          0          0   entry.o
         0          0          0          0          0          0   entry10a.o
         0          0          0          0          0          0   entry11a.o
         8          4          0          0          0          0   entry2.o
         4          0          0          0          0          0   entry5.o
         0          0          0          0          0          0   entry7b.o
         0          0          0          0          0          0   entry8b.o
         8          4          0          0          0          0   entry9a.o
        30          0          0          0          0          0   handlers.o
        36          8          0          0          0         68   init.o
        30          0          0          0          0         68   llshl.o
        32          0          0          0          0         68   llushr.o
        36          0          0          0          0        108   memseta.o
       736         56          0          0          0        184   printf5.o
         0          0          0          4          0          0   stdout.o
        98          0          0          0          0         92   uldiv.o

    ----------------------------------------------------------------------
      1022         72          0          4          0        588   Library Totals
         4          0          0          0          0          0   (incl. Padding)

    ----------------------------------------------------------------------

      Code (inc. data)   RO Data    RW Data    ZI Data      Debug   Library Name

      1018         72          0          4          0        588   mc_w.l

    ----------------------------------------------------------------------
      1022         72          0          4          0        588   Library Totals

    ----------------------------------------------------------------------

==============================================================================


      Code (inc. data)   RO Data    RW Data    ZI Data      Debug   

     19634       1574        550        164      52324     632320   Grand Totals
     19634       1574        550        164      52324     632320   ELF Image Totals
     19634       1574        550        164          0          0   ROM Totals

==============================================================================

    Total RO  Size (Code + RO Data)                20184 (  19.71kB)
    Total RW  Size (RW Data + ZI Data)             52488 (  51.26kB)
    Total ROM Size (Code + RO Data + RW Data)      20348 (  19.87kB)

==============================================================================

