Component: ARM Compiler 5.06 update 6 (build 750) Tool: armlink [4d35ed]

==============================================================================

Image Symbol Table

    Local Symbols

    Symbol Name                              Value     Ov Type        Size  Object(Section)

    ../clib/angel/rt.s                       0x00000000   Number         0  rt_errno_addr.o ABSOLUTE
    ../clib/angel/rt.s                       0x00000000   Number         0  rt_heap_descriptor_intlibspace.o ABSOLUTE
    ../clib/angel/rt.s                       0x00000000   Number         0  rt_raise.o ABSOLUTE
    ../clib/angel/rt.s                       0x00000000   Number         0  rt_errno_addr_intlibspace.o ABSOLUTE
    ../clib/angel/rt.s                       0x00000000   Number         0  rt_heap_descriptor.o ABSOLUTE
    ../clib/angel/sys.s                      0x00000000   Number         0  libspace.o ABSOLUTE
    ../clib/angel/sys.s                      0x00000000   Number         0  mutex_dummy.o ABSOLUTE
    ../clib/angel/sys.s                      0x00000000   Number         0  use_no_semi.o ABSOLUTE
    ../clib/angel/sys.s                      0x00000000   Number         0  indicate_semi.o ABSOLUTE
    ../clib/angel/sysapp.c                   0x00000000   Number         0  sys_io.o ABSOLUTE
    ../clib/angel/sysapp.c                   0x00000000   Number         0  sys_command.o ABSOLUTE
    ../clib/angel/sysapp.c                   0x00000000   Number         0  sys_exit.o ABSOLUTE
    ../clib/angel/sysapp.c                   0x00000000   Number         0  sys_wrch.o ABSOLUTE
    ../clib/armsys.c                         0x00000000   Number         0  argv_veneer.o ABSOLUTE
    ../clib/armsys.c                         0x00000000   Number         0  argv_veneer.o ABSOLUTE
    ../clib/armsys.c                         0x00000000   Number         0  no_argv.o ABSOLUTE
    ../clib/armsys.c                         0x00000000   Number         0  _get_argv_nomalloc.o ABSOLUTE
    ../clib/armsys.c                         0x00000000   Number         0  _get_argv.o ABSOLUTE
    ../clib/assert.c                         0x00000000   Number         0  assert_stdio.o ABSOLUTE
    ../clib/heap1.c                          0x00000000   Number         0  h1_extend.o ABSOLUTE
    ../clib/heap1.c                          0x00000000   Number         0  h1_alloc.o ABSOLUTE
    ../clib/heap1.c                          0x00000000   Number         0  h1_alloc_mt.o ABSOLUTE
    ../clib/heap1.c                          0x00000000   Number         0  h1_final_mt.o ABSOLUTE
    ../clib/heap1.c                          0x00000000   Number         0  h1_final.o ABSOLUTE
    ../clib/heap1.c                          0x00000000   Number         0  h1_free_mt.o ABSOLUTE
    ../clib/heap1.c                          0x00000000   Number         0  h1_init.o ABSOLUTE
    ../clib/heap1.c                          0x00000000   Number         0  h1_free.o ABSOLUTE
    ../clib/heap1.c                          0x00000000   Number         0  h1_extend_mt.o ABSOLUTE
    ../clib/heap1.c                          0x00000000   Number         0  h1_init_mt.o ABSOLUTE
    ../clib/heap2.c                          0x00000000   Number         0  heap2.o ABSOLUTE
    ../clib/heap2.c                          0x00000000   Number         0  heap2mt.o ABSOLUTE
    ../clib/heap2.c                          0x00000000   Number         0  fdtree.o ABSOLUTE
    ../clib/heapalloc.c                      0x00000000   Number         0  malloc.o ABSOLUTE
    ../clib/heapalloc.c                      0x00000000   Number         0  free.o ABSOLUTE
    ../clib/heapalloc.c                      0x00000000   Number         0  maybetermalloc2.o ABSOLUTE
    ../clib/heapalloc.c                      0x00000000   Number         0  maybetermalloc2.o ABSOLUTE
    ../clib/heapalloc.c                      0x00000000   Number         0  init_alloc.o ABSOLUTE
    ../clib/heapalloc.c                      0x00000000   Number         0  heapstubs.o ABSOLUTE
    ../clib/heapalloc.c                      0x00000000   Number         0  maybetermalloc1.o ABSOLUTE
    ../clib/heapalloc.c                      0x00000000   Number         0  maybetermalloc1.o ABSOLUTE
    ../clib/heapalloc.c                      0x00000000   Number         0  hguard.o ABSOLUTE
    ../clib/heapalloc.c                      0x00000000   Number         0  hrguard.o ABSOLUTE
    ../clib/heapalloc.c                      0x00000000   Number         0  term_alloc.o ABSOLUTE
    ../clib/heapaux.c                        0x00000000   Number         0  heapauxa.o ABSOLUTE
    ../clib/heapaux.c                        0x00000000   Number         0  heapauxi.o ABSOLUTE
    ../clib/libinit.s                        0x00000000   Number         0  libinit2.o ABSOLUTE
    ../clib/libinit.s                        0x00000000   Number         0  libshutdown2.o ABSOLUTE
    ../clib/memcpset.s                       0x00000000   Number         0  rt_memcpy_w.o ABSOLUTE
    ../clib/memcpset.s                       0x00000000   Number         0  rt_memclr_w.o ABSOLUTE
    ../clib/memcpset.s                       0x00000000   Number         0  rt_memcpy_v6.o ABSOLUTE
    ../clib/printf.c                         0x00000000   Number         0  __printf_nopercent.o ABSOLUTE
    ../clib/printf.c                         0x00000000   Number         0  __2printf.o ABSOLUTE
    ../clib/printf.c                         0x00000000   Number         0  _printf_char_file.o ABSOLUTE
    ../clib/printf.c                         0x00000000   Number         0  noretval__2printf.o ABSOLUTE
    ../clib/printf.c                         0x00000000   Number         0  _printf_char_common.o ABSOLUTE
    ../clib/printf.c                         0x00000000   Number         0  _printf_char_file_locked.o ABSOLUTE
    ../clib/signal.c                         0x00000000   Number         0  defsig_stak_inner.o ABSOLUTE
    ../clib/signal.c                         0x00000000   Number         0  defsig_abrt_inner.o ABSOLUTE
    ../clib/signal.c                         0x00000000   Number         0  defsig_rtred_outer.o ABSOLUTE
    ../clib/signal.c                         0x00000000   Number         0  defsig_other.o ABSOLUTE
    ../clib/signal.c                         0x00000000   Number         0  defsig_general.o ABSOLUTE
    ../clib/signal.c                         0x00000000   Number         0  defsig_rtmem_inner.o ABSOLUTE
    ../clib/signal.c                         0x00000000   Number         0  defsig_rtred_inner.o ABSOLUTE
    ../clib/signal.c                         0x00000000   Number         0  defsig_exit.o ABSOLUTE
    ../clib/signal.c                         0x00000000   Number         0  defsig_rtmem_formal.o ABSOLUTE
    ../clib/signal.c                         0x00000000   Number         0  defsig_rtmem_outer.o ABSOLUTE
    ../clib/signal.c                         0x00000000   Number         0  __raise.o ABSOLUTE
    ../clib/signal.c                         0x00000000   Number         0  defsig_segv_inner.o ABSOLUTE
    ../clib/signal.c                         0x00000000   Number         0  defsig_cppl_inner.o ABSOLUTE
    ../clib/signal.c                         0x00000000   Number         0  defsig_pvfn_inner.o ABSOLUTE
    ../clib/signal.c                         0x00000000   Number         0  defsig_rtred_formal.o ABSOLUTE
    ../clib/signal.c                         0x00000000   Number         0  defsig_fpe_inner.o ABSOLUTE
    ../clib/signal.s                         0x00000000   Number         0  defsig.o ABSOLUTE
    ../clib/stdio.c                          0x00000000   Number         0  fwritefast_locked.o ABSOLUTE
    ../clib/stdio.c                          0x00000000   Number         0  fwritefast.o ABSOLUTE
    ../clib/stdio.c                          0x00000000   Number         0  stdio.o ABSOLUTE
    ../clib/stdio.c                          0x00000000   Number         0  fseek.o ABSOLUTE
    ../clib/stdio.c                          0x00000000   Number         0  stdio_streams.o ABSOLUTE
    ../clib/stdio.c                          0x00000000   Number         0  fopen_locked.o ABSOLUTE
    ../clib/stdio.c                          0x00000000   Number         0  ferror.o ABSOLUTE
    ../clib/stdio.c                          0x00000000   Number         0  flsbuf.o ABSOLUTE
    ../clib/stdio.c                          0x00000000   Number         0  fputc.o ABSOLUTE
    ../clib/stdio.c                          0x00000000   Number         0  ferror_locked.o ABSOLUTE
    ../clib/stdio.c                          0x00000000   Number         0  fflush_locked.o ABSOLUTE
    ../clib/stdio.c                          0x00000000   Number         0  fputs_locked.o ABSOLUTE
    ../clib/stdio.c                          0x00000000   Number         0  ftell.o ABSOLUTE
    ../clib/stdio.c                          0x00000000   Number         0  fputc_locked.o ABSOLUTE
    ../clib/stdio.c                          0x00000000   Number         0  initio.o ABSOLUTE
    ../clib/stdio.c                          0x00000000   Number         0  fopen.o ABSOLUTE
    ../clib/stdio.c                          0x00000000   Number         0  setvbuf.o ABSOLUTE
    ../clib/stdio.c                          0x00000000   Number         0  fputs.o ABSOLUTE
    ../clib/stdio.c                          0x00000000   Number         0  streamlock.o ABSOLUTE
    ../clib/stdio.c                          0x00000000   Number         0  fflush.o ABSOLUTE
    ../clib/stdio.c                          0x00000000   Number         0  fclose.o ABSOLUTE
    ../clib/stdio.c                          0x00000000   Number         0  initio_locked.o ABSOLUTE
    ../clib/stdio.c                          0x00000000   Number         0  setvbuf_locked.o ABSOLUTE
    ../clib/string.c                         0x00000000   Number         0  strlen.o ABSOLUTE
    ../clib/wchar.c                          0x00000000   Number         0  flsbuf_fwide.o ABSOLUTE
    ../fplib/fpinit.s                        0x00000000   Number         0  fpinit.o ABSOLUTE
    ..\..\Sources\Library_Files\bsp_spi_flash.c 0x00000000   Number         0  bsp_spi_flash.o ABSOLUTE
    ..\..\Sources\Library_Files\stm3210e_eval.c 0x00000000   Number         0  stm3210e_eval.o ABSOLUTE
    ..\..\Sources\Library_Files\stm32_eval_spi_flash.c 0x00000000   Number         0  stm32_eval_spi_flash.o ABSOLUTE
    ..\..\Sources\Library_Files\stm32f10x_gpio.c 0x00000000   Number         0  stm32f10x_gpio.o ABSOLUTE
    ..\..\Sources\Library_Files\stm32f10x_rcc.c 0x00000000   Number         0  stm32f10x_rcc.o ABSOLUTE
    ..\..\Sources\Library_Files\stm32f10x_spi.c 0x00000000   Number         0  stm32f10x_spi.o ABSOLUTE
    ..\..\Sources\Library_Files\system_stm32f10x.c 0x00000000   Number         0  system_stm32f10x.o ABSOLUTE
    ..\..\Sources\Loader_Files\Dev_Inf.c     0x00000000   Number         0  dev_inf.o ABSOLUTE
    ..\..\Sources\Loader_Files\Loader_Src.c  0x00000000   Number         0  loader_src.o ABSOLUTE
    ..\\..\\Sources\\Library_Files\\bsp_spi_flash.c 0x00000000   Number         0  bsp_spi_flash.o ABSOLUTE
    ..\\..\\Sources\\Library_Files\\stm3210e_eval.c 0x00000000   Number         0  stm3210e_eval.o ABSOLUTE
    ..\\..\\Sources\\Library_Files\\stm32_eval_spi_flash.c 0x00000000   Number         0  stm32_eval_spi_flash.o ABSOLUTE
    ..\\..\\Sources\\Library_Files\\stm32f10x_gpio.c 0x00000000   Number         0  stm32f10x_gpio.o ABSOLUTE
    ..\\..\\Sources\\Library_Files\\stm32f10x_rcc.c 0x00000000   Number         0  stm32f10x_rcc.o ABSOLUTE
    ..\\..\\Sources\\Library_Files\\stm32f10x_spi.c 0x00000000   Number         0  stm32f10x_spi.o ABSOLUTE
    ..\\..\\Sources\\Library_Files\\system_stm32f10x.c 0x00000000   Number         0  system_stm32f10x.o ABSOLUTE
    ..\\..\\Sources\\Loader_Files\\Loader_Src.c 0x00000000   Number         0  loader_src.o ABSOLUTE
    dc.s                                     0x00000000   Number         0  dc.o ABSOLUTE
    .ARM.Collect$$libinit$$0000000A          0x20000004   Section        0  libinit2.o(.ARM.Collect$$libinit$$0000000A)
    .ARM.Collect$$libinit$$00000025          0x20000004   Section        0  libinit2.o(.ARM.Collect$$libinit$$00000025)
    .ARM.Collect$$libshutdown$$00000004      0x20000004   Section        0  libshutdown2.o(.ARM.Collect$$libshutdown$$00000004)
    .emb_text                                0x20000004   Section        0  maybetermalloc1.o(.emb_text)
    .rev16_text                              0x20000004   Section        4  loader_src.o(.rev16_text)
    .rev16_text                              0x20000008   Section        4  stm32f10x_gpio.o(.rev16_text)
    .rev16_text                              0x2000000c   Section        4  stm32f10x_rcc.o(.rev16_text)
    .rev16_text                              0x20000010   Section        4  system_stm32f10x.o(.rev16_text)
    .rev16_text                              0x20000014   Section        4  stm32_eval_spi_flash.o(.rev16_text)
    .rev16_text                              0x20000018   Section        4  stm32f10x_spi.o(.rev16_text)
    .rev16_text                              0x2000001c   Section        4  stm3210e_eval.o(.rev16_text)
    .rev16_text                              0x20000020   Section        4  bsp_spi_flash.o(.rev16_text)
    .revsh_text                              0x20000024   Section        4  loader_src.o(.revsh_text)
    .revsh_text                              0x20000028   Section        4  stm32f10x_gpio.o(.revsh_text)
    .revsh_text                              0x2000002c   Section        4  stm32f10x_rcc.o(.revsh_text)
    .revsh_text                              0x20000030   Section        4  system_stm32f10x.o(.revsh_text)
    .revsh_text                              0x20000034   Section        4  stm32_eval_spi_flash.o(.revsh_text)
    .revsh_text                              0x20000038   Section        4  stm32f10x_spi.o(.revsh_text)
    .revsh_text                              0x2000003c   Section        4  stm3210e_eval.o(.revsh_text)
    .revsh_text                              0x20000040   Section        4  bsp_spi_flash.o(.revsh_text)
    .text                                    0x20000044   Section        0  loader_src.o(.text)
    .text                                    0x20000264   Section        0  stm32f10x_gpio.o(.text)
    .text                                    0x200005c0   Section        0  stm32f10x_rcc.o(.text)
    .text                                    0x2000096c   Section        0  system_stm32f10x.o(.text)
    SetSysClockToHSI64                       0x2000096d   Thumb Code   138  system_stm32f10x.o(.text)
    SetSysClock                              0x200009f7   Thumb Code     8  system_stm32f10x.o(.text)
    .text                                    0x20000b10   Section        0  stm32_eval_spi_flash.o(.text)
    .text                                    0x20000e88   Section        0  stm32f10x_spi.o(.text)
    .text                                    0x20001194   Section        0  stm3210e_eval.o(.text)
    .text                                    0x20001260   Section        0  bsp_spi_flash.o(.text)
    .text                                    0x20001738   Section        0  noretval__2printf.o(.text)
    .text                                    0x20001754   Section        0  _printf_char_file.o(.text)
    .text                                    0x20001778   Section        0  _printf_char_common.o(.text)
    _printf_input_char                       0x20001779   Thumb Code    10  _printf_char_common.o(.text)
    .text                                    0x200017a8   Section        0  ferror.o(.text)
    .text                                    0x200017b0   Section        0  initio.o(.text)
    .text                                    0x2000190c   Section        0  sys_io.o(.text)
    .text                                    0x20001972   Section        0  h1_free.o(.text)
    .text                                    0x200019c0   Section        0  __printf_nopercent.o(.text)
    .text                                    0x200019e8   Section        0  flsbuf.o(.text)
    .text                                    0x20001bbe   Section        0  setvbuf.o(.text)
    .text                                    0x20001c04   Section        0  fopen.o(.text)
    _freopen_locked                          0x20001c05   Thumb Code     0  fopen.o(.text)
    .text                                    0x20001cf4   Section        0  fclose.o(.text)
    .text                                    0x20001d40   Section        0  defsig_rtred_outer.o(.text)
    .text                                    0x20001d4e   Section       78  rt_memclr_w.o(.text)
    .text                                    0x20001d9c   Section        2  use_no_semi.o(.text)
    .text                                    0x20001d9e   Section        0  indicate_semi.o(.text)
    .text                                    0x20001da0   Section       12  rt_heap_descriptor.o(.text)
    .text                                    0x20001dac   Section        0  hguard.o(.text)
    .text                                    0x20001db0   Section        0  init_alloc.o(.text)
    .text                                    0x20001e3a   Section        0  h1_alloc.o(.text)
    .text                                    0x20001e98   Section        0  fseek.o(.text)
    .text                                    0x20001f90   Section        0  stdio.o(.text)
    .text                                    0x20002080   Section        0  defsig_exit.o(.text)
    .text                                    0x2000208c   Section        0  defsig_rtred_inner.o(.text)
    .text                                    0x200020c0   Section        0  strlen.o(.text)
    .text                                    0x20002100   Section        0  sys_exit.o(.text)
    .text                                    0x2000210c   Section        0  h1_init.o(.text)
    .text                                    0x2000211a   Section        0  h1_extend.o(.text)
    .text                                    0x2000214e   Section        0  ftell.o(.text)
    .text                                    0x20002190   Section        0  defsig_general.o(.text)
    .text                                    0x200021c2   Section        0  defsig_rtmem_outer.o(.text)
    .text                                    0x200021d0   Section        0  heapauxa.o(.text)
    .text                                    0x20002224   Section        0  sys_wrch.o(.text)
    .text                                    0x20002234   Section       12  rt_errno_addr.o(.text)
    .text                                    0x20002240   Section        0  defsig_rtmem_inner.o(.text)
    i.fputc                                  0x20002290   Section        0  fputc.o(i.fputc)
    .constdata                               0x200022aa   Section        4  sys_io.o(.constdata)
    .constdata                               0x200022ae   Section        4  sys_io.o(.constdata)
    .constdata                               0x200022b2   Section        4  sys_io.o(.constdata)
    .data                                    0x200022bc   Section       20  stm32f10x_rcc.o(.data)
    APBAHBPrescTable                         0x200022bc   Data          16  stm32f10x_rcc.o(.data)
    ADCPrescTable                            0x200022cc   Data           4  stm32f10x_rcc.o(.data)
    .data                                    0x200022d0   Section       20  system_stm32f10x.o(.data)
    .data                                    0x200022e4   Section        4  stdio_streams.o(.data)
    .data                                    0x200022e8   Section        4  stdio_streams.o(.data)
    .data                                    0x200022ec   Section        4  stdio_streams.o(.data)
    .data                                    0x200022f0   Section        4  heapauxa.o(.data)
    __rt_heap_escrow_base                    0x200022f0   Data           4  heapauxa.o(.data)
    .bss                                     0x200022f4   Section       84  stdio_streams.o(.bss)
    .constdata                               0x200022f4   Section      200  dev_inf.o(.constdata)
    .bss                                     0x20002348   Section       84  stdio_streams.o(.bss)
    .bss                                     0x2000239c   Section       84  stdio_streams.o(.bss)
    .bss                                     0x200023f0   Section        4  rt_heap_descriptor.o(.bss)
    __rt_heap_descriptor_data                0x200023f0   Data           4  rt_heap_descriptor.o(.bss)
    .bss                                     0x200023f4   Section        4  rt_errno_addr.o(.bss)
    __aeabi_errno_addr_data                  0x200023f4   Data           4  rt_errno_addr.o(.bss)

    Global Symbols

    Symbol Name                              Value     Ov Type        Size  Object(Section)

    BuildAttributes$$THM_ISAv4$P$D$K$B$S$PE$A:L22UL41UL21$X:L11$S22US41US21$IEEE1$IW$RWPI$~STKCKD$USESV7$~SHL$OTIME$ROPI$EBA8$STANDARDLIB$REQ8$PRES8$EABIv2 0x00000000   Number         0  anon$$obj.o ABSOLUTE
    __ARM_exceptions_init                     - Undefined Weak Reference
    __alloca_initialize                       - Undefined Weak Reference
    __arm_preinit_                            - Undefined Weak Reference
    __cpp_initialize__aeabi_                  - Undefined Weak Reference
    __cxa_finalize                            - Undefined Weak Reference
    __rt_locale                               - Undefined Weak Reference
    __sigvec_lookup                           - Undefined Weak Reference
    __user_heap_extent                        - Undefined Weak Reference
    _atexit_init                              - Undefined Weak Reference
    _clock_init                               - Undefined Weak Reference
    _fp_trap_init                             - Undefined Weak Reference
    _fp_trap_shutdown                         - Undefined Weak Reference
    _get_lc_collate                           - Undefined Weak Reference
    _get_lc_ctype                             - Undefined Weak Reference
    _get_lc_monetary                          - Undefined Weak Reference
    _get_lc_numeric                           - Undefined Weak Reference
    _get_lc_time                              - Undefined Weak Reference
    _getenv_init                              - Undefined Weak Reference
    _handle_redirection                       - Undefined Weak Reference
    _mutex_acquire                            - Undefined Weak Reference
    _mutex_free                               - Undefined Weak Reference
    _mutex_release                            - Undefined Weak Reference
    _rand_init                                - Undefined Weak Reference
    _signal_finish                            - Undefined Weak Reference
    _signal_init                              - Undefined Weak Reference
    __asm___12_Loader_Src_c_Init____REV16    0x20000005   Thumb Code     4  loader_src.o(.rev16_text)
    __rt_lib_init_heap_2                     0x20000005   Thumb Code     0  libinit2.o(.ARM.Collect$$libinit$$0000000A)
    __rt_lib_init_stdio_2                    0x20000005   Thumb Code     0  libinit2.o(.ARM.Collect$$libinit$$00000025)
    __rt_lib_shutdown_stdio_2                0x20000005   Thumb Code     0  libshutdown2.o(.ARM.Collect$$libshutdown$$00000004)
    _maybe_terminate_alloc                   0x20000005   Thumb Code     0  maybetermalloc1.o(.emb_text)
    __asm___16_stm32f10x_gpio_c_f8e8e39a____REV16 0x20000009   Thumb Code     4  stm32f10x_gpio.o(.rev16_text)
    __asm___15_stm32f10x_rcc_c_49e27980____REV16 0x2000000d   Thumb Code     4  stm32f10x_rcc.o(.rev16_text)
    __asm___18_system_stm32f10x_c_5d646a67____REV16 0x20000011   Thumb Code     4  system_stm32f10x.o(.rev16_text)
    __asm___22_stm32_eval_spi_flash_c_9c1dbaca____REV16 0x20000015   Thumb Code     4  stm32_eval_spi_flash.o(.rev16_text)
    __asm___15_stm32f10x_spi_c_2b928927____REV16 0x20000019   Thumb Code     4  stm32f10x_spi.o(.rev16_text)
    __asm___15_stm3210e_eval_c_3c8b406f____REV16 0x2000001d   Thumb Code     4  stm3210e_eval.o(.rev16_text)
    __asm___15_bsp_spi_flash_c_8795f693____REV16 0x20000021   Thumb Code     4  bsp_spi_flash.o(.rev16_text)
    __asm___12_Loader_Src_c_Init____REVSH    0x20000025   Thumb Code     4  loader_src.o(.revsh_text)
    __asm___16_stm32f10x_gpio_c_f8e8e39a____REVSH 0x20000029   Thumb Code     4  stm32f10x_gpio.o(.revsh_text)
    __asm___15_stm32f10x_rcc_c_49e27980____REVSH 0x2000002d   Thumb Code     4  stm32f10x_rcc.o(.revsh_text)
    __asm___18_system_stm32f10x_c_5d646a67____REVSH 0x20000031   Thumb Code     4  system_stm32f10x.o(.revsh_text)
    __asm___22_stm32_eval_spi_flash_c_9c1dbaca____REVSH 0x20000035   Thumb Code     4  stm32_eval_spi_flash.o(.revsh_text)
    __asm___15_stm32f10x_spi_c_2b928927____REVSH 0x20000039   Thumb Code     4  stm32f10x_spi.o(.revsh_text)
    __asm___15_stm3210e_eval_c_3c8b406f____REVSH 0x2000003d   Thumb Code     4  stm3210e_eval.o(.revsh_text)
    __asm___15_bsp_spi_flash_c_8795f693____REVSH 0x20000041   Thumb Code     4  bsp_spi_flash.o(.revsh_text)
    Init                                     0x20000045   Thumb Code    14  loader_src.o(.text)
    Read                                     0x20000053   Thumb Code    22  loader_src.o(.text)
    Write                                    0x20000069   Thumb Code    22  loader_src.o(.text)
    MassErase                                0x2000007f   Thumb Code    10  loader_src.o(.text)
    SectorErase                              0x20000089   Thumb Code    32  loader_src.o(.text)
    CheckSum                                 0x200000a9   Thumb Code   342  loader_src.o(.text)
    Verify                                   0x200001ff   Thumb Code   100  loader_src.o(.text)
    GPIO_DeInit                              0x20000265   Thumb Code   172  stm32f10x_gpio.o(.text)
    GPIO_AFIODeInit                          0x20000311   Thumb Code    20  stm32f10x_gpio.o(.text)
    GPIO_Init                                0x20000325   Thumb Code   278  stm32f10x_gpio.o(.text)
    GPIO_StructInit                          0x2000043b   Thumb Code    16  stm32f10x_gpio.o(.text)
    GPIO_ReadInputDataBit                    0x2000044b   Thumb Code    18  stm32f10x_gpio.o(.text)
    GPIO_ReadInputData                       0x2000045d   Thumb Code     8  stm32f10x_gpio.o(.text)
    GPIO_ReadOutputDataBit                   0x20000465   Thumb Code    18  stm32f10x_gpio.o(.text)
    GPIO_ReadOutputData                      0x20000477   Thumb Code     8  stm32f10x_gpio.o(.text)
    GPIO_SetBits                             0x2000047f   Thumb Code     4  stm32f10x_gpio.o(.text)
    GPIO_ResetBits                           0x20000483   Thumb Code     4  stm32f10x_gpio.o(.text)
    GPIO_WriteBit                            0x20000487   Thumb Code    10  stm32f10x_gpio.o(.text)
    GPIO_Write                               0x20000491   Thumb Code     4  stm32f10x_gpio.o(.text)
    GPIO_PinLockConfig                       0x20000495   Thumb Code    18  stm32f10x_gpio.o(.text)
    GPIO_EventOutputConfig                   0x200004a7   Thumb Code    26  stm32f10x_gpio.o(.text)
    GPIO_EventOutputCmd                      0x200004c1   Thumb Code     6  stm32f10x_gpio.o(.text)
    GPIO_PinRemapConfig                      0x200004c7   Thumb Code   138  stm32f10x_gpio.o(.text)
    GPIO_EXTILineConfig                      0x20000551   Thumb Code    66  stm32f10x_gpio.o(.text)
    GPIO_ETH_MediaInterfaceConfig            0x20000593   Thumb Code     8  stm32f10x_gpio.o(.text)
    RCC_DeInit                               0x200005c1   Thumb Code    64  stm32f10x_rcc.o(.text)
    RCC_HSEConfig                            0x20000601   Thumb Code    70  stm32f10x_rcc.o(.text)
    RCC_GetFlagStatus                        0x20000647   Thumb Code    56  stm32f10x_rcc.o(.text)
    RCC_WaitForHSEStartUp                    0x2000067f   Thumb Code    56  stm32f10x_rcc.o(.text)
    RCC_AdjustHSICalibrationValue            0x200006b7   Thumb Code    20  stm32f10x_rcc.o(.text)
    RCC_HSICmd                               0x200006cb   Thumb Code     6  stm32f10x_rcc.o(.text)
    RCC_PLLConfig                            0x200006d1   Thumb Code    24  stm32f10x_rcc.o(.text)
    RCC_PLLCmd                               0x200006e9   Thumb Code     6  stm32f10x_rcc.o(.text)
    RCC_SYSCLKConfig                         0x200006ef   Thumb Code    18  stm32f10x_rcc.o(.text)
    RCC_GetSYSCLKSource                      0x20000701   Thumb Code    10  stm32f10x_rcc.o(.text)
    RCC_HCLKConfig                           0x2000070b   Thumb Code    18  stm32f10x_rcc.o(.text)
    RCC_PCLK1Config                          0x2000071d   Thumb Code    18  stm32f10x_rcc.o(.text)
    RCC_PCLK2Config                          0x2000072f   Thumb Code    20  stm32f10x_rcc.o(.text)
    RCC_ITConfig                             0x20000743   Thumb Code    26  stm32f10x_rcc.o(.text)
    RCC_USBCLKConfig                         0x2000075d   Thumb Code     8  stm32f10x_rcc.o(.text)
    RCC_ADCCLKConfig                         0x20000765   Thumb Code    18  stm32f10x_rcc.o(.text)
    RCC_LSEConfig                            0x20000777   Thumb Code    50  stm32f10x_rcc.o(.text)
    RCC_LSICmd                               0x200007a9   Thumb Code     6  stm32f10x_rcc.o(.text)
    RCC_RTCCLKConfig                         0x200007af   Thumb Code    12  stm32f10x_rcc.o(.text)
    RCC_RTCCLKCmd                            0x200007bb   Thumb Code     8  stm32f10x_rcc.o(.text)
    RCC_GetClocksFreq                        0x200007c3   Thumb Code   200  stm32f10x_rcc.o(.text)
    RCC_AHBPeriphClockCmd                    0x2000088b   Thumb Code    26  stm32f10x_rcc.o(.text)
    RCC_APB2PeriphClockCmd                   0x200008a5   Thumb Code    26  stm32f10x_rcc.o(.text)
    RCC_APB1PeriphClockCmd                   0x200008bf   Thumb Code    26  stm32f10x_rcc.o(.text)
    RCC_APB2PeriphResetCmd                   0x200008d9   Thumb Code    26  stm32f10x_rcc.o(.text)
    RCC_APB1PeriphResetCmd                   0x200008f3   Thumb Code    26  stm32f10x_rcc.o(.text)
    RCC_BackupResetCmd                       0x2000090d   Thumb Code     8  stm32f10x_rcc.o(.text)
    RCC_ClockSecuritySystemCmd               0x20000915   Thumb Code     6  stm32f10x_rcc.o(.text)
    RCC_MCOConfig                            0x2000091b   Thumb Code     6  stm32f10x_rcc.o(.text)
    RCC_ClearFlag                            0x20000921   Thumb Code    14  stm32f10x_rcc.o(.text)
    RCC_GetITStatus                          0x2000092f   Thumb Code    20  stm32f10x_rcc.o(.text)
    RCC_ClearITPendingBit                    0x20000943   Thumb Code     6  stm32f10x_rcc.o(.text)
    SystemInit                               0x200009ff   Thumb Code    78  system_stm32f10x.o(.text)
    SystemCoreClockUpdate                    0x20000a4d   Thumb Code   160  system_stm32f10x.o(.text)
    sFLASH_DeInit                            0x20000b11   Thumb Code     8  stm32_eval_spi_flash.o(.text)
    sFLASH_Init                              0x20000b19   Thumb Code    92  stm32_eval_spi_flash.o(.text)
    sFLASH_SendByte                          0x20000b75   Thumb Code    50  stm32_eval_spi_flash.o(.text)
    sFLASH_WaitForWriteEnd                   0x20000ba7   Thumb Code    46  stm32_eval_spi_flash.o(.text)
    sFLASH_WriteEnable                       0x20000bd5   Thumb Code    26  stm32_eval_spi_flash.o(.text)
    sFLASH_EraseSector                       0x20000bef   Thumb Code    58  stm32_eval_spi_flash.o(.text)
    sFLASH_EraseBulk                         0x20000c29   Thumb Code    34  stm32_eval_spi_flash.o(.text)
    sFLASH_WritePage                         0x20000c4b   Thumb Code    80  stm32_eval_spi_flash.o(.text)
    sFLASH_WriteBuffer                       0x20000c9b   Thumb Code   238  stm32_eval_spi_flash.o(.text)
    sFLASH_ReadBuffer                        0x20000d89   Thumb Code    74  stm32_eval_spi_flash.o(.text)
    sFLASH_ReadID                            0x20000dd3   Thumb Code    74  stm32_eval_spi_flash.o(.text)
    sFLASH_StartReadSequence                 0x20000e1d   Thumb Code    42  stm32_eval_spi_flash.o(.text)
    sFLASH_ReadByte                          0x20000e47   Thumb Code    10  stm32_eval_spi_flash.o(.text)
    sFLASH_SendHalfWord                      0x20000e51   Thumb Code    48  stm32_eval_spi_flash.o(.text)
    SPI_I2S_DeInit                           0x20000e89   Thumb Code    76  stm32f10x_spi.o(.text)
    SPI_Init                                 0x20000ed5   Thumb Code    60  stm32f10x_spi.o(.text)
    I2S_Init                                 0x20000f11   Thumb Code   228  stm32f10x_spi.o(.text)
    SPI_StructInit                           0x20000ff5   Thumb Code    24  stm32f10x_spi.o(.text)
    I2S_StructInit                           0x2000100d   Thumb Code    20  stm32f10x_spi.o(.text)
    SPI_Cmd                                  0x20001021   Thumb Code    24  stm32f10x_spi.o(.text)
    I2S_Cmd                                  0x20001039   Thumb Code    24  stm32f10x_spi.o(.text)
    SPI_I2S_ITConfig                         0x20001051   Thumb Code    32  stm32f10x_spi.o(.text)
    SPI_I2S_DMACmd                           0x20001071   Thumb Code    18  stm32f10x_spi.o(.text)
    SPI_I2S_SendData                         0x20001083   Thumb Code     4  stm32f10x_spi.o(.text)
    SPI_I2S_ReceiveData                      0x20001087   Thumb Code     6  stm32f10x_spi.o(.text)
    SPI_NSSInternalSoftwareConfig            0x2000108d   Thumb Code    30  stm32f10x_spi.o(.text)
    SPI_SSOutputCmd                          0x200010ab   Thumb Code    24  stm32f10x_spi.o(.text)
    SPI_DataSizeConfig                       0x200010c3   Thumb Code    18  stm32f10x_spi.o(.text)
    SPI_TransmitCRC                          0x200010d5   Thumb Code    10  stm32f10x_spi.o(.text)
    SPI_CalculateCRC                         0x200010df   Thumb Code    24  stm32f10x_spi.o(.text)
    SPI_GetCRC                               0x200010f7   Thumb Code    16  stm32f10x_spi.o(.text)
    SPI_GetCRCPolynomial                     0x20001107   Thumb Code     6  stm32f10x_spi.o(.text)
    SPI_BiDirectionalLineConfig              0x2000110d   Thumb Code    28  stm32f10x_spi.o(.text)
    SPI_I2S_GetFlagStatus                    0x20001129   Thumb Code    18  stm32f10x_spi.o(.text)
    SPI_I2S_ClearFlag                        0x2000113b   Thumb Code     6  stm32f10x_spi.o(.text)
    SPI_I2S_GetITStatus                      0x20001141   Thumb Code    52  stm32f10x_spi.o(.text)
    SPI_I2S_ClearITPendingBit                0x20001175   Thumb Code    20  stm32f10x_spi.o(.text)
    sFLASH_LowLevel_DeInit                   0x20001195   Thumb Code    90  stm3210e_eval.o(.text)
    sFLASH_LowLevel_Init                     0x200011ef   Thumb Code   100  stm3210e_eval.o(.text)
    SPI_FLASH_Init                           0x20001261   Thumb Code   202  bsp_spi_flash.o(.text)
    SPI_FLASH_SendByte                       0x2000132b   Thumb Code    50  bsp_spi_flash.o(.text)
    SPI_FLASH_WaitForWriteEnd                0x2000135d   Thumb Code    46  bsp_spi_flash.o(.text)
    SPI_FLASH_WriteEnable                    0x2000138b   Thumb Code    26  bsp_spi_flash.o(.text)
    SPI_FLASH_SectorErase                    0x200013a5   Thumb Code    62  bsp_spi_flash.o(.text)
    SPI_FLASH_BulkErase                      0x200013e3   Thumb Code    34  bsp_spi_flash.o(.text)
    SPI_FLASH_PageWrite                      0x20001405   Thumb Code    98  bsp_spi_flash.o(.text)
    SPI_FLASH_BufferWrite                    0x20001467   Thumb Code   292  bsp_spi_flash.o(.text)
    SPI_FLASH_BufferRead                     0x2000158b   Thumb Code    76  bsp_spi_flash.o(.text)
    SPI_FLASH_ReadID                         0x200015d7   Thumb Code    74  bsp_spi_flash.o(.text)
    SPI_FLASH_ReadDeviceID                   0x20001621   Thumb Code    56  bsp_spi_flash.o(.text)
    SPI_FLASH_StartReadSequence              0x20001659   Thumb Code   104  bsp_spi_flash.o(.text)
    SPI_FLASH_ReadByte                       0x200016c1   Thumb Code    10  bsp_spi_flash.o(.text)
    SPI_FLASH_SendHalfWord                   0x200016cb   Thumb Code    48  bsp_spi_flash.o(.text)
    SPI_Flash_PowerDown                      0x200016fb   Thumb Code    26  bsp_spi_flash.o(.text)
    SPI_Flash_WAKEUP                         0x20001715   Thumb Code    26  bsp_spi_flash.o(.text)
    __2printf                                0x20001739   Thumb Code    22  noretval__2printf.o(.text)
    _printf_char_file                        0x20001755   Thumb Code    32  _printf_char_file.o(.text)
    _printf_char_common                      0x20001783   Thumb Code    32  _printf_char_common.o(.text)
    ferror                                   0x200017a9   Thumb Code     8  ferror.o(.text)
    _initio                                  0x200017b1   Thumb Code   240  initio.o(.text)
    _terminateio                             0x200018a1   Thumb Code    64  initio.o(.text)
    _sys_open                                0x2000190d   Thumb Code    20  sys_io.o(.text)
    _sys_close                               0x20001921   Thumb Code    12  sys_io.o(.text)
    _sys_write                               0x2000192d   Thumb Code    16  sys_io.o(.text)
    _sys_read                                0x2000193d   Thumb Code    14  sys_io.o(.text)
    _sys_istty                               0x2000194b   Thumb Code    12  sys_io.o(.text)
    _sys_seek                                0x20001957   Thumb Code    14  sys_io.o(.text)
    _sys_ensure                              0x20001965   Thumb Code     2  sys_io.o(.text)
    _sys_flen                                0x20001967   Thumb Code    12  sys_io.o(.text)
    free                                     0x20001973   Thumb Code    78  h1_free.o(.text)
    __printf                                 0x200019c1   Thumb Code    40  __printf_nopercent.o(.text)
    __flsbuf                                 0x200019e9   Thumb Code   470  flsbuf.o(.text)
    __flsbuf_byte                            0x200019e9   Thumb Code     0  flsbuf.o(.text)
    __flsbuf_wide                            0x200019e9   Thumb Code     0  flsbuf.o(.text)
    setvbuf                                  0x20001bbf   Thumb Code    70  setvbuf.o(.text)
    freopen                                  0x20001c05   Thumb Code   158  fopen.o(.text)
    fopen                                    0x20001ca3   Thumb Code    76  fopen.o(.text)
    _fclose_internal                         0x20001cf5   Thumb Code    76  fclose.o(.text)
    fclose                                   0x20001cf5   Thumb Code     0  fclose.o(.text)
    __rt_SIGRTRED                            0x20001d41   Thumb Code    14  defsig_rtred_outer.o(.text)
    __aeabi_memclr4                          0x20001d4f   Thumb Code     0  rt_memclr_w.o(.text)
    __aeabi_memclr8                          0x20001d4f   Thumb Code     0  rt_memclr_w.o(.text)
    __rt_memclr_w                            0x20001d4f   Thumb Code    78  rt_memclr_w.o(.text)
    _memset_w                                0x20001d53   Thumb Code     0  rt_memclr_w.o(.text)
    __I$use$semihosting                      0x20001d9d   Thumb Code     0  use_no_semi.o(.text)
    __use_no_semihosting_swi                 0x20001d9d   Thumb Code     2  use_no_semi.o(.text)
    __semihosting_library_function           0x20001d9f   Thumb Code     0  indicate_semi.o(.text)
    __rt_heap_descriptor                     0x20001da1   Thumb Code    12  rt_heap_descriptor.o(.text)
    __use_no_heap                            0x20001dad   Thumb Code     2  hguard.o(.text)
    __heap$guard                             0x20001daf   Thumb Code     2  hguard.o(.text)
    _terminate_user_alloc                    0x20001db1   Thumb Code     2  init_alloc.o(.text)
    _init_user_alloc                         0x20001db3   Thumb Code     2  init_alloc.o(.text)
    __Heap_Full                              0x20001db5   Thumb Code    34  init_alloc.o(.text)
    __Heap_Broken                            0x20001dd7   Thumb Code     6  init_alloc.o(.text)
    _init_alloc                              0x20001ddd   Thumb Code    94  init_alloc.o(.text)
    malloc                                   0x20001e3b   Thumb Code    94  h1_alloc.o(.text)
    _fseek                                   0x20001e99   Thumb Code   242  fseek.o(.text)
    fseek                                    0x20001e99   Thumb Code     0  fseek.o(.text)
    _seterr                                  0x20001f91   Thumb Code    20  stdio.o(.text)
    _writebuf                                0x20001fa5   Thumb Code    84  stdio.o(.text)
    _fflush                                  0x20001ff9   Thumb Code    70  stdio.o(.text)
    _deferredlazyseek                        0x2000203f   Thumb Code    60  stdio.o(.text)
    __sig_exit                               0x20002081   Thumb Code    10  defsig_exit.o(.text)
    __rt_SIGRTRED_inner                      0x2000208d   Thumb Code    14  defsig_rtred_inner.o(.text)
    strlen                                   0x200020c1   Thumb Code    62  strlen.o(.text)
    _sys_exit                                0x20002101   Thumb Code     8  sys_exit.o(.text)
    __Heap_Initialize                        0x2000210d   Thumb Code    10  h1_init.o(.text)
    __Heap_DescSize                          0x20002117   Thumb Code     4  h1_init.o(.text)
    __Heap_ProvideMemory                     0x2000211b   Thumb Code    52  h1_extend.o(.text)
    _ftell_internal                          0x2000214f   Thumb Code    66  ftell.o(.text)
    ftell                                    0x2000214f   Thumb Code     0  ftell.o(.text)
    __default_signal_display                 0x20002191   Thumb Code    50  defsig_general.o(.text)
    __rt_SIGRTMEM                            0x200021c3   Thumb Code    14  defsig_rtmem_outer.o(.text)
    __rt_heap_escrow                         0x200021d1   Thumb Code    24  heapauxa.o(.text)
    __rt_heap_expand                         0x200021e9   Thumb Code    54  heapauxa.o(.text)
    _ttywrch                                 0x20002225   Thumb Code    14  sys_wrch.o(.text)
    __aeabi_errno_addr                       0x20002235   Thumb Code    12  rt_errno_addr.o(.text)
    __errno                                  0x20002235   Thumb Code     0  rt_errno_addr.o(.text)
    __rt_errno_addr                          0x20002235   Thumb Code     0  rt_errno_addr.o(.text)
    __rt_SIGRTMEM_inner                      0x20002241   Thumb Code    22  defsig_rtmem_inner.o(.text)
    fputc                                    0x20002291   Thumb Code    26  fputc.o(i.fputc)
    __stdin_name                             0x200022aa   Data           4  sys_io.o(.constdata)
    __stdout_name                            0x200022ae   Data           4  sys_io.o(.constdata)
    __stderr_name                            0x200022b2   Data           4  sys_io.o(.constdata)
    SystemCoreClock                          0x200022d0   Data           4  system_stm32f10x.o(.data)
    AHBPrescTable                            0x200022d4   Data          16  system_stm32f10x.o(.data)
    __aeabi_stdin                            0x200022e4   Data           4  stdio_streams.o(.data)
    __aeabi_stdout                           0x200022e8   Data           4  stdio_streams.o(.data)
    __aeabi_stderr                           0x200022ec   Data           4  stdio_streams.o(.data)
    StorageInfo                              0x200022f4   Data         200  dev_inf.o(.constdata)
    __stdin                                  0x200022f4   Data          84  stdio_streams.o(.bss)
    __stdout                                 0x20002348   Data          84  stdio_streams.o(.bss)
    __stderr                                 0x2000239c   Data          84  stdio_streams.o(.bss)



==============================================================================

Memory Map of the image

  Image entry point : Not specified.

  Load Region FLASH_LOADER (Base: 0x20000004, Size: 0x000022f0, Max: 0xffffffff, PI)

    Execution Region PrgCode (Exec base: 0x20000004, Load base: 0x20000004, Size: 0x000022b4, Max: 0xffffffff, PI)

    Exec Addr    Load Addr    Size         Type   Attr      Idx    E Section Name        Object

    0x20000004   0x20000004   0x00000000   Code   RO          352    .ARM.Collect$$libinit$$0000000A  c_we.l(libinit2.o)
    0x20000004   0x20000004   0x00000000   Code   RO          379    .ARM.Collect$$libinit$$00000025  c_we.l(libinit2.o)
    0x20000004   0x20000004   0x00000000   Code   RO          394    .ARM.Collect$$libshutdown$$00000004  c_we.l(libshutdown2.o)
    0x20000004   0x20000004   0x00000000   Code   RO          470    .emb_text           c_we.l(maybetermalloc1.o)
    0x20000004   0x20000004   0x00000004   Code   RO           15    .rev16_text         loader_src.o
    0x20000008   0x20000008   0x00000004   Code   RO           80    .rev16_text         stm32f10x_gpio.o
    0x2000000c   0x2000000c   0x00000004   Code   RO          100    .rev16_text         stm32f10x_rcc.o
    0x20000010   0x20000010   0x00000004   Code   RO          122    .rev16_text         system_stm32f10x.o
    0x20000014   0x20000014   0x00000004   Code   RO          148    .rev16_text         stm32_eval_spi_flash.o
    0x20000018   0x20000018   0x00000004   Code   RO          168    .rev16_text         stm32f10x_spi.o
    0x2000001c   0x2000001c   0x00000004   Code   RO          188    .rev16_text         stm3210e_eval.o
    0x20000020   0x20000020   0x00000004   Code   RO          208    .rev16_text         bsp_spi_flash.o
    0x20000024   0x20000024   0x00000004   Code   RO           16    .revsh_text         loader_src.o
    0x20000028   0x20000028   0x00000004   Code   RO           81    .revsh_text         stm32f10x_gpio.o
    0x2000002c   0x2000002c   0x00000004   Code   RO          101    .revsh_text         stm32f10x_rcc.o
    0x20000030   0x20000030   0x00000004   Code   RO          123    .revsh_text         system_stm32f10x.o
    0x20000034   0x20000034   0x00000004   Code   RO          149    .revsh_text         stm32_eval_spi_flash.o
    0x20000038   0x20000038   0x00000004   Code   RO          169    .revsh_text         stm32f10x_spi.o
    0x2000003c   0x2000003c   0x00000004   Code   RO          189    .revsh_text         stm3210e_eval.o
    0x20000040   0x20000040   0x00000004   Code   RO          209    .revsh_text         bsp_spi_flash.o
    0x20000044   0x20000044   0x0000021e   Code   RO           17    .text               loader_src.o
    0x20000262   0x20000262   0x00000002   PAD
    0x20000264   0x20000264   0x0000035c   Code   RO           82    .text               stm32f10x_gpio.o
    0x200005c0   0x200005c0   0x000003ac   Code   RO          102    .text               stm32f10x_rcc.o
    0x2000096c   0x2000096c   0x000001a4   Code   RO          124    .text               system_stm32f10x.o
    0x20000b10   0x20000b10   0x00000378   Code   RO          150    .text               stm32_eval_spi_flash.o
    0x20000e88   0x20000e88   0x0000030c   Code   RO          170    .text               stm32f10x_spi.o
    0x20001194   0x20001194   0x000000cc   Code   RO          190    .text               stm3210e_eval.o
    0x20001260   0x20001260   0x000004d8   Code   RO          210    .text               bsp_spi_flash.o
    0x20001738   0x20001738   0x0000001c   Code   RO          236    .text               c_we.l(noretval__2printf.o)
    0x20001754   0x20001754   0x00000024   Code   RO          238    .text               c_we.l(_printf_char_file.o)
    0x20001778   0x20001778   0x00000030   Code   RO          246    .text               c_we.l(_printf_char_common.o)
    0x200017a8   0x200017a8   0x00000008   Code   RO          248    .text               c_we.l(ferror.o)
    0x200017b0   0x200017b0   0x0000015c   Code   RO          254    .text               c_we.l(initio.o)
    0x2000190c   0x2000190c   0x00000066   Code   RO          262    .text               c_we.l(sys_io.o)
    0x20001972   0x20001972   0x0000004e   Code   RO          271    .text               c_we.l(h1_free.o)
    0x200019c0   0x200019c0   0x00000028   Code   RO          325    .text               c_we.l(__printf_nopercent.o)
    0x200019e8   0x200019e8   0x000001d6   Code   RO          327    .text               c_we.l(flsbuf.o)
    0x20001bbe   0x20001bbe   0x00000046   Code   RO          329    .text               c_we.l(setvbuf.o)
    0x20001c04   0x20001c04   0x000000f0   Code   RO          332    .text               c_we.l(fopen.o)
    0x20001cf4   0x20001cf4   0x0000004c   Code   RO          334    .text               c_we.l(fclose.o)
    0x20001d40   0x20001d40   0x0000000e   Code   RO          340    .text               c_we.l(defsig_rtred_outer.o)
    0x20001d4e   0x20001d4e   0x0000004e   Code   RO          344    .text               c_we.l(rt_memclr_w.o)
    0x20001d9c   0x20001d9c   0x00000002   Code   RO          409    .text               c_we.l(use_no_semi.o)
    0x20001d9e   0x20001d9e   0x00000000   Code   RO          411    .text               c_we.l(indicate_semi.o)
    0x20001d9e   0x20001d9e   0x00000002   PAD
    0x20001da0   0x20001da0   0x0000000c   Code   RO          414    .text               c_we.l(rt_heap_descriptor.o)
    0x20001dac   0x20001dac   0x00000004   Code   RO          419    .text               c_we.l(hguard.o)
    0x20001db0   0x20001db0   0x0000008a   Code   RO          421    .text               c_we.l(init_alloc.o)
    0x20001e3a   0x20001e3a   0x0000005e   Code   RO          427    .text               c_we.l(h1_alloc.o)
    0x20001e98   0x20001e98   0x000000f8   Code   RO          443    .text               c_we.l(fseek.o)
    0x20001f90   0x20001f90   0x000000f0   Code   RO          445    .text               c_we.l(stdio.o)
    0x20002080   0x20002080   0x0000000a   Code   RO          451    .text               c_we.l(defsig_exit.o)
    0x2000208a   0x2000208a   0x00000002   PAD
    0x2000208c   0x2000208c   0x00000034   Code   RO          453    .text               c_we.l(defsig_rtred_inner.o)
    0x200020c0   0x200020c0   0x0000003e   Code   RO          457    .text               c_we.l(strlen.o)
    0x200020fe   0x200020fe   0x00000002   PAD
    0x20002100   0x20002100   0x0000000c   Code   RO          465    .text               c_we.l(sys_exit.o)
    0x2000210c   0x2000210c   0x0000000e   Code   RO          472    .text               c_we.l(h1_init.o)
    0x2000211a   0x2000211a   0x00000034   Code   RO          474    .text               c_we.l(h1_extend.o)
    0x2000214e   0x2000214e   0x00000042   Code   RO          484    .text               c_we.l(ftell.o)
    0x20002190   0x20002190   0x00000032   Code   RO          492    .text               c_we.l(defsig_general.o)
    0x200021c2   0x200021c2   0x0000000e   Code   RO          494    .text               c_we.l(defsig_rtmem_outer.o)
    0x200021d0   0x200021d0   0x00000054   Code   RO          500    .text               c_we.l(heapauxa.o)
    0x20002224   0x20002224   0x0000000e   Code   RO          511    .text               c_we.l(sys_wrch.o)
    0x20002232   0x20002232   0x00000002   PAD
    0x20002234   0x20002234   0x0000000c   Code   RO          515    .text               c_we.l(rt_errno_addr.o)
    0x20002240   0x20002240   0x00000050   Code   RO          524    .text               c_we.l(defsig_rtmem_inner.o)
    0x20002290   0x20002290   0x0000001a   Code   RO          251    i.fputc             c_we.l(fputc.o)
    0x200022aa   0x200022aa   0x00000004   Data   RO          263    .constdata          c_we.l(sys_io.o)
    0x200022ae   0x200022ae   0x00000004   Data   RO          264    .constdata          c_we.l(sys_io.o)
    0x200022b2   0x200022b2   0x00000004   Data   RO          265    .constdata          c_we.l(sys_io.o)


    Execution Region PrgData (Exec base: 0x200022b8, Load base: 0x200022b8, Size: 0x00000140, Max: 0xffffffff, PI)

    Exec Addr    Load Addr    Size         Type   Attr      Idx    E Section Name        Object

    0x200022b8   0x200022b8   0x00000004   Data   RW          546    PDT$$ptr            anon$$obj.o
    0x200022bc   0x200022bc   0x00000014   Data   RW          103    .data               stm32f10x_rcc.o
    0x200022d0   0x200022d0   0x00000014   Data   RW          125    .data               system_stm32f10x.o
    0x200022e4   0x200022e4   0x00000004   Data   RW          243    .data               c_we.l(stdio_streams.o)
    0x200022e8   0x200022e8   0x00000004   Data   RW          244    .data               c_we.l(stdio_streams.o)
    0x200022ec   0x200022ec   0x00000004   Data   RW          245    .data               c_we.l(stdio_streams.o)
    0x200022f0   0x200022f0   0x00000004   Data   RW          501    .data               c_we.l(heapauxa.o)
    0x200022f4        -       0x00000054   Zero   RW          240    .bss                c_we.l(stdio_streams.o)
    0x20002348        -       0x00000054   Zero   RW          241    .bss                c_we.l(stdio_streams.o)
    0x2000239c        -       0x00000054   Zero   RW          242    .bss                c_we.l(stdio_streams.o)
    0x200023f0        -       0x00000004   Zero   RW          415    .bss                c_we.l(rt_heap_descriptor.o)
    0x200023f4        -       0x00000004   Zero   RW          516    .bss                c_we.l(rt_errno_addr.o)



  Load Region DEVICE_INFO (Base: 0x200022f4, Size: 0x000000c8, Max: 0xffffffff, PI)

    Execution Region DevInfo (Exec base: 0x200022f4, Load base: 0x200022f4, Size: 0x000000c8, Max: 0xffffffff, PI)

    Exec Addr    Load Addr    Size         Type   Attr      Idx    E Section Name        Object

    0x200022f4   0x200022f4   0x000000c8   Data   RO            1    .constdata          dev_inf.o


==============================================================================

Image component sizes


      Code (inc. data)   RO Data    RW Data    ZI Data      Debug   Object Name

      1248         72          0          0          0       5688   bsp_spi_flash.o
         0          0        200          0          0       2846   dev_inf.o
       550          0          0          0          0     234836   loader_src.o
       212         14          0          0          0       1646   stm3210e_eval.o
       896          8          0          0          0       5043   stm32_eval_spi_flash.o
       868         38          0          0          0       6621   stm32f10x_gpio.o
       948         36          0         20          0       9800   stm32f10x_rcc.o
       788         12          0          0          0       7498   stm32f10x_spi.o
       428         36          0         20          0       2639   system_stm32f10x.o

    ----------------------------------------------------------------------
      5940        216        200         44          0     276617   Object Totals
         0          0          0          4          0          0   (incl. Generated)
         2          0          0          0          0          0   (incl. Padding)

    ----------------------------------------------------------------------

      Code (inc. data)   RO Data    RW Data    ZI Data      Debug   Library Member Name

        40          0          0          0          0         84   __printf_nopercent.o
        48          6          0          0          0         96   _printf_char_common.o
        36          4          0          0          0         80   _printf_char_file.o
        10          0          0          0          0         68   defsig_exit.o
        50          0          0          0          0         88   defsig_general.o
        80         58          0          0          0         76   defsig_rtmem_inner.o
        14          0          0          0          0         80   defsig_rtmem_outer.o
        52         38          0          0          0         76   defsig_rtred_inner.o
        14          0          0          0          0         80   defsig_rtred_outer.o
        76          0          0          0          0         88   fclose.o
         8          0          0          0          0         68   ferror.o
       470          0          0          0          0         88   flsbuf.o
       240          6          0          0          0        128   fopen.o
        26          0          0          0          0         68   fputc.o
       248          6          0          0          0         84   fseek.o
        66          0          0          0          0         76   ftell.o
        94          0          0          0          0         80   h1_alloc.o
        52          0          0          0          0         68   h1_extend.o
        78          0          0          0          0         80   h1_free.o
        14          0          0          0          0         84   h1_init.o
        84          6          0          4          0         96   heapauxa.o
         4          0          0          0          0        136   hguard.o
         0          0          0          0          0          0   indicate_semi.o
       138          0          0          0          0        168   init_alloc.o
       348         44          0          0          0        112   initio.o
         0          0          0          0          0          0   libinit2.o
         0          0          0          0          0          0   libshutdown2.o
         0          0          0          0          0          0   maybetermalloc1.o
        28          6          0          0          0         84   noretval__2printf.o
        12          4          0          0          4         64   rt_errno_addr.o
        12          4          0          0          4         64   rt_heap_descriptor.o
        78          0          0          0          0         76   rt_memclr_w.o
        70          0          0          0          0         80   setvbuf.o
       240          6          0          0          0        156   stdio.o
         0          0          0         12        252          0   stdio_streams.o
        62          0          0          0          0         76   strlen.o
        12          4          0          0          0         68   sys_exit.o
       102          0         12          0          0        240   sys_io.o
        14          0          0          0          0         76   sys_wrch.o
         2          0          0          0          0         64   use_no_semi.o

    ----------------------------------------------------------------------
      2930        192         14         16        260       3200   Library Totals
         8          0          2          0          0          0   (incl. Padding)

    ----------------------------------------------------------------------

      Code (inc. data)   RO Data    RW Data    ZI Data      Debug   Library Name

      2922        192         12         16        260       3200   c_we.l

    ----------------------------------------------------------------------
      2930        192         14         16        260       3200   Library Totals

    ----------------------------------------------------------------------

==============================================================================


      Code (inc. data)   RO Data    RW Data    ZI Data      Debug   

      8870        408        214         60        260     276721   Grand Totals
      8870        408        214         60        260     276721   ELF Image Totals
      8870        408        214         60          0          0   ROM Totals

==============================================================================

    Total RO  Size (Code + RO Data)                 9084 (   8.87kB)
    Total RW  Size (RW Data + ZI Data)               320 (   0.31kB)
    Total ROM Size (Code + RO Data + RW Data)       9144 (   8.93kB)

==============================================================================

