Component: ARM Compiler 5.06 update 6 (build 750) Tool: armlink [4d35ed]

==============================================================================

Image Symbol Table

    Local Symbols

    Symbol Name                              Value     Ov Type        Size  Object(Section)

    ../clib/angel/rt.s                       0x00000000   Number         0  rt_errno_addr_intlibspace.o ABSOLUTE
    ../clib/angel/rt.s                       0x00000000   Number         0  rt_errno_addr.o ABSOLUTE
    ../clib/angel/rt.s                       0x00000000   Number         0  rt_heap_descriptor_intlibspace.o ABSOLUTE
    ../clib/angel/rt.s                       0x00000000   Number         0  rt_heap_descriptor.o ABSOLUTE
    ../clib/angel/rt.s                       0x00000000   Number         0  rt_raise.o ABSOLUTE
    ../clib/angel/sys.s                      0x00000000   Number         0  libspace.o ABSOLUTE
    ../clib/angel/sys.s                      0x00000000   Number         0  mutex_dummy.o ABSOLUTE
    ../clib/angel/sys.s                      0x00000000   Number         0  indicate_semi.o ABSOLUTE
    ../clib/angel/sys.s                      0x00000000   Number         0  use_no_semi.o ABSOLUTE
    ../clib/angel/sysapp.c                   0x00000000   Number         0  sys_command.o ABSOLUTE
    ../clib/angel/sysapp.c                   0x00000000   Number         0  sys_wrch.o ABSOLUTE
    ../clib/angel/sysapp.c                   0x00000000   Number         0  sys_exit.o ABSOLUTE
    ../clib/angel/sysapp.c                   0x00000000   Number         0  sys_io.o ABSOLUTE
    ../clib/armsys.c                         0x00000000   Number         0  no_argv.o ABSOLUTE
    ../clib/armsys.c                         0x00000000   Number         0  _get_argv.o ABSOLUTE
    ../clib/armsys.c                         0x00000000   Number         0  _get_argv_nomalloc.o ABSOLUTE
    ../clib/armsys.c                         0x00000000   Number         0  argv_veneer.o ABSOLUTE
    ../clib/armsys.c                         0x00000000   Number         0  argv_veneer.o ABSOLUTE
    ../clib/assert.c                         0x00000000   Number         0  assert_stdio.o ABSOLUTE
    ../clib/heap1.c                          0x00000000   Number         0  h1_extend_mt.o ABSOLUTE
    ../clib/heap1.c                          0x00000000   Number         0  h1_alloc_mt.o ABSOLUTE
    ../clib/heap1.c                          0x00000000   Number         0  h1_final.o ABSOLUTE
    ../clib/heap1.c                          0x00000000   Number         0  h1_free_mt.o ABSOLUTE
    ../clib/heap1.c                          0x00000000   Number         0  h1_alloc.o ABSOLUTE
    ../clib/heap1.c                          0x00000000   Number         0  h1_final_mt.o ABSOLUTE
    ../clib/heap1.c                          0x00000000   Number         0  h1_extend.o ABSOLUTE
    ../clib/heap1.c                          0x00000000   Number         0  h1_init.o ABSOLUTE
    ../clib/heap1.c                          0x00000000   Number         0  h1_free.o ABSOLUTE
    ../clib/heap1.c                          0x00000000   Number         0  h1_init_mt.o ABSOLUTE
    ../clib/heap2.c                          0x00000000   Number         0  heap2.o ABSOLUTE
    ../clib/heap2.c                          0x00000000   Number         0  heap2mt.o ABSOLUTE
    ../clib/heap2.c                          0x00000000   Number         0  fdtree.o ABSOLUTE
    ../clib/heapalloc.c                      0x00000000   Number         0  heapstubs.o ABSOLUTE
    ../clib/heapalloc.c                      0x00000000   Number         0  maybetermalloc1.o ABSOLUTE
    ../clib/heapalloc.c                      0x00000000   Number         0  maybetermalloc2.o ABSOLUTE
    ../clib/heapalloc.c                      0x00000000   Number         0  maybetermalloc2.o ABSOLUTE
    ../clib/heapalloc.c                      0x00000000   Number         0  term_alloc.o ABSOLUTE
    ../clib/heapalloc.c                      0x00000000   Number         0  hrguard.o ABSOLUTE
    ../clib/heapalloc.c                      0x00000000   Number         0  free.o ABSOLUTE
    ../clib/heapalloc.c                      0x00000000   Number         0  maybetermalloc1.o ABSOLUTE
    ../clib/heapalloc.c                      0x00000000   Number         0  malloc.o ABSOLUTE
    ../clib/heapalloc.c                      0x00000000   Number         0  init_alloc.o ABSOLUTE
    ../clib/heapalloc.c                      0x00000000   Number         0  hguard.o ABSOLUTE
    ../clib/heapaux.c                        0x00000000   Number         0  heapauxa.o ABSOLUTE
    ../clib/heapaux.c                        0x00000000   Number         0  heapauxi.o ABSOLUTE
    ../clib/libinit.s                        0x00000000   Number         0  libinit2.o ABSOLUTE
    ../clib/libinit.s                        0x00000000   Number         0  libshutdown2.o ABSOLUTE
    ../clib/memcpset.s                       0x00000000   Number         0  rt_memcpy_v6.o ABSOLUTE
    ../clib/memcpset.s                       0x00000000   Number         0  rt_memcpy_w.o ABSOLUTE
    ../clib/memcpset.s                       0x00000000   Number         0  rt_memclr_w.o ABSOLUTE
    ../clib/printf.c                         0x00000000   Number         0  _printf_char_file.o ABSOLUTE
    ../clib/printf.c                         0x00000000   Number         0  noretval__2printf.o ABSOLUTE
    ../clib/printf.c                         0x00000000   Number         0  _printf_char_common.o ABSOLUTE
    ../clib/printf.c                         0x00000000   Number         0  __2printf.o ABSOLUTE
    ../clib/printf.c                         0x00000000   Number         0  __printf_nopercent.o ABSOLUTE
    ../clib/printf.c                         0x00000000   Number         0  _printf_char_file_locked.o ABSOLUTE
    ../clib/signal.c                         0x00000000   Number         0  __raise.o ABSOLUTE
    ../clib/signal.c                         0x00000000   Number         0  defsig_other.o ABSOLUTE
    ../clib/signal.c                         0x00000000   Number         0  defsig_exit.o ABSOLUTE
    ../clib/signal.c                         0x00000000   Number         0  defsig_rtred_inner.o ABSOLUTE
    ../clib/signal.c                         0x00000000   Number         0  defsig_rtred_outer.o ABSOLUTE
    ../clib/signal.c                         0x00000000   Number         0  defsig_general.o ABSOLUTE
    ../clib/signal.c                         0x00000000   Number         0  defsig_rtmem_outer.o ABSOLUTE
    ../clib/signal.c                         0x00000000   Number         0  defsig_rtmem_inner.o ABSOLUTE
    ../clib/signal.c                         0x00000000   Number         0  defsig_rtmem_formal.o ABSOLUTE
    ../clib/signal.c                         0x00000000   Number         0  defsig_rtred_formal.o ABSOLUTE
    ../clib/signal.c                         0x00000000   Number         0  defsig_abrt_inner.o ABSOLUTE
    ../clib/signal.c                         0x00000000   Number         0  defsig_fpe_inner.o ABSOLUTE
    ../clib/signal.c                         0x00000000   Number         0  defsig_stak_inner.o ABSOLUTE
    ../clib/signal.c                         0x00000000   Number         0  defsig_pvfn_inner.o ABSOLUTE
    ../clib/signal.c                         0x00000000   Number         0  defsig_cppl_inner.o ABSOLUTE
    ../clib/signal.c                         0x00000000   Number         0  defsig_segv_inner.o ABSOLUTE
    ../clib/signal.s                         0x00000000   Number         0  defsig.o ABSOLUTE
    ../clib/stdio.c                          0x00000000   Number         0  ferror_locked.o ABSOLUTE
    ../clib/stdio.c                          0x00000000   Number         0  initio_locked.o ABSOLUTE
    ../clib/stdio.c                          0x00000000   Number         0  fopen_locked.o ABSOLUTE
    ../clib/stdio.c                          0x00000000   Number         0  flsbuf.o ABSOLUTE
    ../clib/stdio.c                          0x00000000   Number         0  setvbuf_locked.o ABSOLUTE
    ../clib/stdio.c                          0x00000000   Number         0  setvbuf.o ABSOLUTE
    ../clib/stdio.c                          0x00000000   Number         0  fclose.o ABSOLUTE
    ../clib/stdio.c                          0x00000000   Number         0  streamlock.o ABSOLUTE
    ../clib/stdio.c                          0x00000000   Number         0  fopen.o ABSOLUTE
    ../clib/stdio.c                          0x00000000   Number         0  fflush_locked.o ABSOLUTE
    ../clib/stdio.c                          0x00000000   Number         0  fputs_locked.o ABSOLUTE
    ../clib/stdio.c                          0x00000000   Number         0  ftell.o ABSOLUTE
    ../clib/stdio.c                          0x00000000   Number         0  fputs.o ABSOLUTE
    ../clib/stdio.c                          0x00000000   Number         0  fflush.o ABSOLUTE
    ../clib/stdio.c                          0x00000000   Number         0  fwritefast_locked.o ABSOLUTE
    ../clib/stdio.c                          0x00000000   Number         0  fwritefast.o ABSOLUTE
    ../clib/stdio.c                          0x00000000   Number         0  stdio.o ABSOLUTE
    ../clib/stdio.c                          0x00000000   Number         0  fseek.o ABSOLUTE
    ../clib/stdio.c                          0x00000000   Number         0  fputc.o ABSOLUTE
    ../clib/stdio.c                          0x00000000   Number         0  stdio_streams.o ABSOLUTE
    ../clib/stdio.c                          0x00000000   Number         0  ferror.o ABSOLUTE
    ../clib/stdio.c                          0x00000000   Number         0  initio.o ABSOLUTE
    ../clib/stdio.c                          0x00000000   Number         0  fputc_locked.o ABSOLUTE
    ../clib/string.c                         0x00000000   Number         0  strlen.o ABSOLUTE
    ../clib/wchar.c                          0x00000000   Number         0  flsbuf_fwide.o ABSOLUTE
    ../fplib/fpinit.s                        0x00000000   Number         0  fpinit.o ABSOLUTE
    ..\..\Sources\Library_Files\bsp_spi_flash.c 0x00000000   Number         0  bsp_spi_flash.o ABSOLUTE
    ..\..\Sources\Library_Files\delay.c      0x00000000   Number         0  delay.o ABSOLUTE
    ..\..\Sources\Library_Files\dma.c        0x00000000   Number         0  dma.o ABSOLUTE
    ..\..\Sources\Library_Files\stm3210e_eval.c 0x00000000   Number         0  stm3210e_eval.o ABSOLUTE
    ..\..\Sources\Library_Files\stm32_eval_spi_flash.c 0x00000000   Number         0  stm32_eval_spi_flash.o ABSOLUTE
    ..\..\Sources\Library_Files\stm32f10x_dma.c 0x00000000   Number         0  stm32f10x_dma.o ABSOLUTE
    ..\..\Sources\Library_Files\stm32f10x_gpio.c 0x00000000   Number         0  stm32f10x_gpio.o ABSOLUTE
    ..\..\Sources\Library_Files\stm32f10x_rcc.c 0x00000000   Number         0  stm32f10x_rcc.o ABSOLUTE
    ..\..\Sources\Library_Files\stm32f10x_spi.c 0x00000000   Number         0  stm32f10x_spi.o ABSOLUTE
    ..\..\Sources\Library_Files\system_stm32f10x.c 0x00000000   Number         0  system_stm32f10x.o ABSOLUTE
    ..\..\Sources\Loader_Files\Dev_Inf.c     0x00000000   Number         0  dev_inf.o ABSOLUTE
    ..\..\Sources\Loader_Files\Loader_Src.c  0x00000000   Number         0  loader_src.o ABSOLUTE
    ..\\..\\Sources\\Library_Files\\bsp_spi_flash.c 0x00000000   Number         0  bsp_spi_flash.o ABSOLUTE
    ..\\..\\Sources\\Library_Files\\delay.c  0x00000000   Number         0  delay.o ABSOLUTE
    ..\\..\\Sources\\Library_Files\\dma.c    0x00000000   Number         0  dma.o ABSOLUTE
    ..\\..\\Sources\\Library_Files\\stm3210e_eval.c 0x00000000   Number         0  stm3210e_eval.o ABSOLUTE
    ..\\..\\Sources\\Library_Files\\stm32_eval_spi_flash.c 0x00000000   Number         0  stm32_eval_spi_flash.o ABSOLUTE
    ..\\..\\Sources\\Library_Files\\stm32f10x_dma.c 0x00000000   Number         0  stm32f10x_dma.o ABSOLUTE
    ..\\..\\Sources\\Library_Files\\stm32f10x_gpio.c 0x00000000   Number         0  stm32f10x_gpio.o ABSOLUTE
    ..\\..\\Sources\\Library_Files\\stm32f10x_rcc.c 0x00000000   Number         0  stm32f10x_rcc.o ABSOLUTE
    ..\\..\\Sources\\Library_Files\\stm32f10x_spi.c 0x00000000   Number         0  stm32f10x_spi.o ABSOLUTE
    ..\\..\\Sources\\Library_Files\\system_stm32f10x.c 0x00000000   Number         0  system_stm32f10x.o ABSOLUTE
    ..\\..\\Sources\\Loader_Files\\Loader_Src.c 0x00000000   Number         0  loader_src.o ABSOLUTE
    dc.s                                     0x00000000   Number         0  dc.o ABSOLUTE
    .ARM.Collect$$libinit$$0000000A          0x20000004   Section        0  libinit2.o(.ARM.Collect$$libinit$$0000000A)
    .ARM.Collect$$libinit$$00000025          0x20000004   Section        0  libinit2.o(.ARM.Collect$$libinit$$00000025)
    .ARM.Collect$$libshutdown$$00000004      0x20000004   Section        0  libshutdown2.o(.ARM.Collect$$libshutdown$$00000004)
    .emb_text                                0x20000004   Section        0  maybetermalloc1.o(.emb_text)
    .rev16_text                              0x20000004   Section        4  loader_src.o(.rev16_text)
    .rev16_text                              0x20000008   Section        4  stm32f10x_gpio.o(.rev16_text)
    .rev16_text                              0x2000000c   Section        4  stm32f10x_rcc.o(.rev16_text)
    .rev16_text                              0x20000010   Section        4  system_stm32f10x.o(.rev16_text)
    .rev16_text                              0x20000014   Section        4  stm32_eval_spi_flash.o(.rev16_text)
    .rev16_text                              0x20000018   Section        4  stm32f10x_spi.o(.rev16_text)
    .rev16_text                              0x2000001c   Section        4  stm3210e_eval.o(.rev16_text)
    .rev16_text                              0x20000020   Section        4  bsp_spi_flash.o(.rev16_text)
    .rev16_text                              0x20000024   Section        4  stm32f10x_dma.o(.rev16_text)
    .rev16_text                              0x20000028   Section        4  dma.o(.rev16_text)
    .rev16_text                              0x2000002c   Section        4  delay.o(.rev16_text)
    .revsh_text                              0x20000030   Section        4  loader_src.o(.revsh_text)
    .revsh_text                              0x20000034   Section        4  stm32f10x_gpio.o(.revsh_text)
    .revsh_text                              0x20000038   Section        4  stm32f10x_rcc.o(.revsh_text)
    .revsh_text                              0x2000003c   Section        4  system_stm32f10x.o(.revsh_text)
    .revsh_text                              0x20000040   Section        4  stm32_eval_spi_flash.o(.revsh_text)
    .revsh_text                              0x20000044   Section        4  stm32f10x_spi.o(.revsh_text)
    .revsh_text                              0x20000048   Section        4  stm3210e_eval.o(.revsh_text)
    .revsh_text                              0x2000004c   Section        4  bsp_spi_flash.o(.revsh_text)
    .revsh_text                              0x20000050   Section        4  stm32f10x_dma.o(.revsh_text)
    .revsh_text                              0x20000054   Section        4  dma.o(.revsh_text)
    .revsh_text                              0x20000058   Section        4  delay.o(.revsh_text)
    .text                                    0x2000005c   Section        0  loader_src.o(.text)
    .text                                    0x2000027c   Section        0  stm32f10x_gpio.o(.text)
    .text                                    0x200005d8   Section        0  stm32f10x_rcc.o(.text)
    .text                                    0x20000984   Section        0  system_stm32f10x.o(.text)
    SetSysClockToHSI64                       0x20000985   Thumb Code   138  system_stm32f10x.o(.text)
    SetSysClock                              0x20000a0f   Thumb Code     8  system_stm32f10x.o(.text)
    .text                                    0x20000b28   Section        0  stm32_eval_spi_flash.o(.text)
    .text                                    0x20000ea0   Section        0  stm32f10x_spi.o(.text)
    .text                                    0x200011ac   Section        0  stm3210e_eval.o(.text)
    .text                                    0x20001278   Section        0  bsp_spi_flash.o(.text)
    .text                                    0x2000185c   Section        0  stm32f10x_dma.o(.text)
    .text                                    0x20001ab0   Section        0  delay.o(.text)
    .text                                    0x20001b84   Section        0  noretval__2printf.o(.text)
    .text                                    0x20001ba0   Section        0  _printf_char_file.o(.text)
    .text                                    0x20001bc4   Section        0  _printf_char_common.o(.text)
    _printf_input_char                       0x20001bc5   Thumb Code    10  _printf_char_common.o(.text)
    .text                                    0x20001bf4   Section        0  ferror.o(.text)
    .text                                    0x20001bfc   Section        0  initio.o(.text)
    .text                                    0x20001d58   Section        0  sys_io.o(.text)
    .text                                    0x20001dbe   Section        0  h1_free.o(.text)
    .text                                    0x20001e0c   Section        0  __printf_nopercent.o(.text)
    .text                                    0x20001e34   Section        0  flsbuf.o(.text)
    .text                                    0x2000200a   Section        0  setvbuf.o(.text)
    .text                                    0x20002050   Section        0  fopen.o(.text)
    _freopen_locked                          0x20002051   Thumb Code     0  fopen.o(.text)
    .text                                    0x20002140   Section        0  fclose.o(.text)
    .text                                    0x2000218c   Section        0  defsig_rtred_outer.o(.text)
    .text                                    0x2000219a   Section       78  rt_memclr_w.o(.text)
    .text                                    0x200021e8   Section        2  use_no_semi.o(.text)
    .text                                    0x200021ea   Section        0  indicate_semi.o(.text)
    .text                                    0x200021ec   Section       12  rt_heap_descriptor.o(.text)
    .text                                    0x200021f8   Section        0  hguard.o(.text)
    .text                                    0x200021fc   Section        0  init_alloc.o(.text)
    .text                                    0x20002286   Section        0  h1_alloc.o(.text)
    .text                                    0x200022e4   Section        0  fseek.o(.text)
    .text                                    0x200023dc   Section        0  stdio.o(.text)
    .text                                    0x200024cc   Section        0  defsig_exit.o(.text)
    .text                                    0x200024d8   Section        0  defsig_rtred_inner.o(.text)
    .text                                    0x2000250c   Section        0  strlen.o(.text)
    .text                                    0x2000254c   Section        0  sys_exit.o(.text)
    .text                                    0x20002558   Section        0  h1_init.o(.text)
    .text                                    0x20002566   Section        0  h1_extend.o(.text)
    .text                                    0x2000259a   Section        0  ftell.o(.text)
    .text                                    0x200025dc   Section        0  defsig_general.o(.text)
    .text                                    0x2000260e   Section        0  defsig_rtmem_outer.o(.text)
    .text                                    0x2000261c   Section        0  heapauxa.o(.text)
    .text                                    0x20002670   Section        0  sys_wrch.o(.text)
    .text                                    0x20002680   Section       12  rt_errno_addr.o(.text)
    .text                                    0x2000268c   Section        0  defsig_rtmem_inner.o(.text)
    i.fputc                                  0x200026dc   Section        0  fputc.o(i.fputc)
    .constdata                               0x200026f6   Section        4  sys_io.o(.constdata)
    .constdata                               0x200026fa   Section        4  sys_io.o(.constdata)
    .constdata                               0x200026fe   Section        4  sys_io.o(.constdata)
    .data                                    0x20002708   Section       20  stm32f10x_rcc.o(.data)
    APBAHBPrescTable                         0x20002708   Data          16  stm32f10x_rcc.o(.data)
    ADCPrescTable                            0x20002718   Data           4  stm32f10x_rcc.o(.data)
    .data                                    0x2000271c   Section       20  system_stm32f10x.o(.data)
    .data                                    0x20002730   Section        4  delay.o(.data)
    fac_us                                   0x20002730   Data           1  delay.o(.data)
    fac_ms                                   0x20002732   Data           2  delay.o(.data)
    .data                                    0x20002734   Section        4  stdio_streams.o(.data)
    .data                                    0x20002738   Section        4  stdio_streams.o(.data)
    .data                                    0x2000273c   Section        4  stdio_streams.o(.data)
    .data                                    0x20002740   Section        4  heapauxa.o(.data)
    __rt_heap_escrow_base                    0x20002740   Data           4  heapauxa.o(.data)
    .bss                                     0x20002744   Section      256  loader_src.o(.bss)
    .constdata                               0x20002744   Section      200  dev_inf.o(.constdata)
    .bss                                     0x20002844   Section       44  bsp_spi_flash.o(.bss)
    .bss                                     0x20002870   Section       84  stdio_streams.o(.bss)
    .bss                                     0x200028c4   Section       84  stdio_streams.o(.bss)
    .bss                                     0x20002918   Section       84  stdio_streams.o(.bss)
    .bss                                     0x2000296c   Section        4  rt_heap_descriptor.o(.bss)
    __rt_heap_descriptor_data                0x2000296c   Data           4  rt_heap_descriptor.o(.bss)
    .bss                                     0x20002970   Section        4  rt_errno_addr.o(.bss)
    __aeabi_errno_addr_data                  0x20002970   Data           4  rt_errno_addr.o(.bss)

    Global Symbols

    Symbol Name                              Value     Ov Type        Size  Object(Section)

    BuildAttributes$$THM_ISAv4$P$D$K$B$S$PE$A:L22UL41UL21$X:L11$S22US41US21$IEEE1$IW$RWPI$~STKCKD$USESV7$~SHL$OTIME$ROPI$EBA8$STANDARDLIB$REQ8$PRES8$EABIv2 0x00000000   Number         0  anon$$obj.o ABSOLUTE
    __ARM_exceptions_init                     - Undefined Weak Reference
    __alloca_initialize                       - Undefined Weak Reference
    __arm_preinit_                            - Undefined Weak Reference
    __cpp_initialize__aeabi_                  - Undefined Weak Reference
    __cxa_finalize                            - Undefined Weak Reference
    __rt_locale                               - Undefined Weak Reference
    __sigvec_lookup                           - Undefined Weak Reference
    __user_heap_extent                        - Undefined Weak Reference
    _atexit_init                              - Undefined Weak Reference
    _clock_init                               - Undefined Weak Reference
    _fp_trap_init                             - Undefined Weak Reference
    _fp_trap_shutdown                         - Undefined Weak Reference
    _get_lc_collate                           - Undefined Weak Reference
    _get_lc_ctype                             - Undefined Weak Reference
    _get_lc_monetary                          - Undefined Weak Reference
    _get_lc_numeric                           - Undefined Weak Reference
    _get_lc_time                              - Undefined Weak Reference
    _getenv_init                              - Undefined Weak Reference
    _handle_redirection                       - Undefined Weak Reference
    _mutex_acquire                            - Undefined Weak Reference
    _mutex_free                               - Undefined Weak Reference
    _mutex_release                            - Undefined Weak Reference
    _rand_init                                - Undefined Weak Reference
    _signal_finish                            - Undefined Weak Reference
    _signal_init                              - Undefined Weak Reference
    __asm___12_Loader_Src_c_by____REV16      0x20000005   Thumb Code     4  loader_src.o(.rev16_text)
    __rt_lib_init_heap_2                     0x20000005   Thumb Code     0  libinit2.o(.ARM.Collect$$libinit$$0000000A)
    __rt_lib_init_stdio_2                    0x20000005   Thumb Code     0  libinit2.o(.ARM.Collect$$libinit$$00000025)
    __rt_lib_shutdown_stdio_2                0x20000005   Thumb Code     0  libshutdown2.o(.ARM.Collect$$libshutdown$$00000004)
    _maybe_terminate_alloc                   0x20000005   Thumb Code     0  maybetermalloc1.o(.emb_text)
    __asm___16_stm32f10x_gpio_c_f8e8e39a____REV16 0x20000009   Thumb Code     4  stm32f10x_gpio.o(.rev16_text)
    __asm___15_stm32f10x_rcc_c_49e27980____REV16 0x2000000d   Thumb Code     4  stm32f10x_rcc.o(.rev16_text)
    __asm___18_system_stm32f10x_c_5d646a67____REV16 0x20000011   Thumb Code     4  system_stm32f10x.o(.rev16_text)
    __asm___22_stm32_eval_spi_flash_c_9c1dbaca____REV16 0x20000015   Thumb Code     4  stm32_eval_spi_flash.o(.rev16_text)
    __asm___15_stm32f10x_spi_c_2b928927____REV16 0x20000019   Thumb Code     4  stm32f10x_spi.o(.rev16_text)
    __asm___15_stm3210e_eval_c_3c8b406f____REV16 0x2000001d   Thumb Code     4  stm3210e_eval.o(.rev16_text)
    __asm___15_bsp_spi_flash_c_8795f693____REV16 0x20000021   Thumb Code     4  bsp_spi_flash.o(.rev16_text)
    __asm___15_stm32f10x_dma_c_e9b554c0____REV16 0x20000025   Thumb Code     4  stm32f10x_dma.o(.rev16_text)
    __asm___5_dma_c____REV16                 0x20000029   Thumb Code     4  dma.o(.rev16_text)
    __asm___7_delay_c_f6a9c549____REV16      0x2000002d   Thumb Code     4  delay.o(.rev16_text)
    __asm___12_Loader_Src_c_by____REVSH      0x20000031   Thumb Code     4  loader_src.o(.revsh_text)
    __asm___16_stm32f10x_gpio_c_f8e8e39a____REVSH 0x20000035   Thumb Code     4  stm32f10x_gpio.o(.revsh_text)
    __asm___15_stm32f10x_rcc_c_49e27980____REVSH 0x20000039   Thumb Code     4  stm32f10x_rcc.o(.revsh_text)
    __asm___18_system_stm32f10x_c_5d646a67____REVSH 0x2000003d   Thumb Code     4  system_stm32f10x.o(.revsh_text)
    __asm___22_stm32_eval_spi_flash_c_9c1dbaca____REVSH 0x20000041   Thumb Code     4  stm32_eval_spi_flash.o(.revsh_text)
    __asm___15_stm32f10x_spi_c_2b928927____REVSH 0x20000045   Thumb Code     4  stm32f10x_spi.o(.revsh_text)
    __asm___15_stm3210e_eval_c_3c8b406f____REVSH 0x20000049   Thumb Code     4  stm3210e_eval.o(.revsh_text)
    __asm___15_bsp_spi_flash_c_8795f693____REVSH 0x2000004d   Thumb Code     4  bsp_spi_flash.o(.revsh_text)
    __asm___15_stm32f10x_dma_c_e9b554c0____REVSH 0x20000051   Thumb Code     4  stm32f10x_dma.o(.revsh_text)
    __asm___5_dma_c____REVSH                 0x20000055   Thumb Code     4  dma.o(.revsh_text)
    __asm___7_delay_c_f6a9c549____REVSH      0x20000059   Thumb Code     4  delay.o(.revsh_text)
    Init                                     0x2000005d   Thumb Code    14  loader_src.o(.text)
    Read                                     0x2000006b   Thumb Code    22  loader_src.o(.text)
    Write                                    0x20000081   Thumb Code    22  loader_src.o(.text)
    MassErase                                0x20000097   Thumb Code    10  loader_src.o(.text)
    SectorErase                              0x200000a1   Thumb Code    32  loader_src.o(.text)
    CheckSum                                 0x200000c1   Thumb Code   342  loader_src.o(.text)
    Verify                                   0x20000217   Thumb Code   100  loader_src.o(.text)
    GPIO_DeInit                              0x2000027d   Thumb Code   172  stm32f10x_gpio.o(.text)
    GPIO_AFIODeInit                          0x20000329   Thumb Code    20  stm32f10x_gpio.o(.text)
    GPIO_Init                                0x2000033d   Thumb Code   278  stm32f10x_gpio.o(.text)
    GPIO_StructInit                          0x20000453   Thumb Code    16  stm32f10x_gpio.o(.text)
    GPIO_ReadInputDataBit                    0x20000463   Thumb Code    18  stm32f10x_gpio.o(.text)
    GPIO_ReadInputData                       0x20000475   Thumb Code     8  stm32f10x_gpio.o(.text)
    GPIO_ReadOutputDataBit                   0x2000047d   Thumb Code    18  stm32f10x_gpio.o(.text)
    GPIO_ReadOutputData                      0x2000048f   Thumb Code     8  stm32f10x_gpio.o(.text)
    GPIO_SetBits                             0x20000497   Thumb Code     4  stm32f10x_gpio.o(.text)
    GPIO_ResetBits                           0x2000049b   Thumb Code     4  stm32f10x_gpio.o(.text)
    GPIO_WriteBit                            0x2000049f   Thumb Code    10  stm32f10x_gpio.o(.text)
    GPIO_Write                               0x200004a9   Thumb Code     4  stm32f10x_gpio.o(.text)
    GPIO_PinLockConfig                       0x200004ad   Thumb Code    18  stm32f10x_gpio.o(.text)
    GPIO_EventOutputConfig                   0x200004bf   Thumb Code    26  stm32f10x_gpio.o(.text)
    GPIO_EventOutputCmd                      0x200004d9   Thumb Code     6  stm32f10x_gpio.o(.text)
    GPIO_PinRemapConfig                      0x200004df   Thumb Code   138  stm32f10x_gpio.o(.text)
    GPIO_EXTILineConfig                      0x20000569   Thumb Code    66  stm32f10x_gpio.o(.text)
    GPIO_ETH_MediaInterfaceConfig            0x200005ab   Thumb Code     8  stm32f10x_gpio.o(.text)
    RCC_DeInit                               0x200005d9   Thumb Code    64  stm32f10x_rcc.o(.text)
    RCC_HSEConfig                            0x20000619   Thumb Code    70  stm32f10x_rcc.o(.text)
    RCC_GetFlagStatus                        0x2000065f   Thumb Code    56  stm32f10x_rcc.o(.text)
    RCC_WaitForHSEStartUp                    0x20000697   Thumb Code    56  stm32f10x_rcc.o(.text)
    RCC_AdjustHSICalibrationValue            0x200006cf   Thumb Code    20  stm32f10x_rcc.o(.text)
    RCC_HSICmd                               0x200006e3   Thumb Code     6  stm32f10x_rcc.o(.text)
    RCC_PLLConfig                            0x200006e9   Thumb Code    24  stm32f10x_rcc.o(.text)
    RCC_PLLCmd                               0x20000701   Thumb Code     6  stm32f10x_rcc.o(.text)
    RCC_SYSCLKConfig                         0x20000707   Thumb Code    18  stm32f10x_rcc.o(.text)
    RCC_GetSYSCLKSource                      0x20000719   Thumb Code    10  stm32f10x_rcc.o(.text)
    RCC_HCLKConfig                           0x20000723   Thumb Code    18  stm32f10x_rcc.o(.text)
    RCC_PCLK1Config                          0x20000735   Thumb Code    18  stm32f10x_rcc.o(.text)
    RCC_PCLK2Config                          0x20000747   Thumb Code    20  stm32f10x_rcc.o(.text)
    RCC_ITConfig                             0x2000075b   Thumb Code    26  stm32f10x_rcc.o(.text)
    RCC_USBCLKConfig                         0x20000775   Thumb Code     8  stm32f10x_rcc.o(.text)
    RCC_ADCCLKConfig                         0x2000077d   Thumb Code    18  stm32f10x_rcc.o(.text)
    RCC_LSEConfig                            0x2000078f   Thumb Code    50  stm32f10x_rcc.o(.text)
    RCC_LSICmd                               0x200007c1   Thumb Code     6  stm32f10x_rcc.o(.text)
    RCC_RTCCLKConfig                         0x200007c7   Thumb Code    12  stm32f10x_rcc.o(.text)
    RCC_RTCCLKCmd                            0x200007d3   Thumb Code     8  stm32f10x_rcc.o(.text)
    RCC_GetClocksFreq                        0x200007db   Thumb Code   200  stm32f10x_rcc.o(.text)
    RCC_AHBPeriphClockCmd                    0x200008a3   Thumb Code    26  stm32f10x_rcc.o(.text)
    RCC_APB2PeriphClockCmd                   0x200008bd   Thumb Code    26  stm32f10x_rcc.o(.text)
    RCC_APB1PeriphClockCmd                   0x200008d7   Thumb Code    26  stm32f10x_rcc.o(.text)
    RCC_APB2PeriphResetCmd                   0x200008f1   Thumb Code    26  stm32f10x_rcc.o(.text)
    RCC_APB1PeriphResetCmd                   0x2000090b   Thumb Code    26  stm32f10x_rcc.o(.text)
    RCC_BackupResetCmd                       0x20000925   Thumb Code     8  stm32f10x_rcc.o(.text)
    RCC_ClockSecuritySystemCmd               0x2000092d   Thumb Code     6  stm32f10x_rcc.o(.text)
    RCC_MCOConfig                            0x20000933   Thumb Code     6  stm32f10x_rcc.o(.text)
    RCC_ClearFlag                            0x20000939   Thumb Code    14  stm32f10x_rcc.o(.text)
    RCC_GetITStatus                          0x20000947   Thumb Code    20  stm32f10x_rcc.o(.text)
    RCC_ClearITPendingBit                    0x2000095b   Thumb Code     6  stm32f10x_rcc.o(.text)
    SystemInit                               0x20000a17   Thumb Code    78  system_stm32f10x.o(.text)
    SystemCoreClockUpdate                    0x20000a65   Thumb Code   160  system_stm32f10x.o(.text)
    sFLASH_DeInit                            0x20000b29   Thumb Code     8  stm32_eval_spi_flash.o(.text)
    sFLASH_Init                              0x20000b31   Thumb Code    92  stm32_eval_spi_flash.o(.text)
    sFLASH_SendByte                          0x20000b8d   Thumb Code    50  stm32_eval_spi_flash.o(.text)
    sFLASH_WaitForWriteEnd                   0x20000bbf   Thumb Code    46  stm32_eval_spi_flash.o(.text)
    sFLASH_WriteEnable                       0x20000bed   Thumb Code    26  stm32_eval_spi_flash.o(.text)
    sFLASH_EraseSector                       0x20000c07   Thumb Code    58  stm32_eval_spi_flash.o(.text)
    sFLASH_EraseBulk                         0x20000c41   Thumb Code    34  stm32_eval_spi_flash.o(.text)
    sFLASH_WritePage                         0x20000c63   Thumb Code    80  stm32_eval_spi_flash.o(.text)
    sFLASH_WriteBuffer                       0x20000cb3   Thumb Code   238  stm32_eval_spi_flash.o(.text)
    sFLASH_ReadBuffer                        0x20000da1   Thumb Code    74  stm32_eval_spi_flash.o(.text)
    sFLASH_ReadID                            0x20000deb   Thumb Code    74  stm32_eval_spi_flash.o(.text)
    sFLASH_StartReadSequence                 0x20000e35   Thumb Code    42  stm32_eval_spi_flash.o(.text)
    sFLASH_ReadByte                          0x20000e5f   Thumb Code    10  stm32_eval_spi_flash.o(.text)
    sFLASH_SendHalfWord                      0x20000e69   Thumb Code    48  stm32_eval_spi_flash.o(.text)
    SPI_I2S_DeInit                           0x20000ea1   Thumb Code    76  stm32f10x_spi.o(.text)
    SPI_Init                                 0x20000eed   Thumb Code    60  stm32f10x_spi.o(.text)
    I2S_Init                                 0x20000f29   Thumb Code   228  stm32f10x_spi.o(.text)
    SPI_StructInit                           0x2000100d   Thumb Code    24  stm32f10x_spi.o(.text)
    I2S_StructInit                           0x20001025   Thumb Code    20  stm32f10x_spi.o(.text)
    SPI_Cmd                                  0x20001039   Thumb Code    24  stm32f10x_spi.o(.text)
    I2S_Cmd                                  0x20001051   Thumb Code    24  stm32f10x_spi.o(.text)
    SPI_I2S_ITConfig                         0x20001069   Thumb Code    32  stm32f10x_spi.o(.text)
    SPI_I2S_DMACmd                           0x20001089   Thumb Code    18  stm32f10x_spi.o(.text)
    SPI_I2S_SendData                         0x2000109b   Thumb Code     4  stm32f10x_spi.o(.text)
    SPI_I2S_ReceiveData                      0x2000109f   Thumb Code     6  stm32f10x_spi.o(.text)
    SPI_NSSInternalSoftwareConfig            0x200010a5   Thumb Code    30  stm32f10x_spi.o(.text)
    SPI_SSOutputCmd                          0x200010c3   Thumb Code    24  stm32f10x_spi.o(.text)
    SPI_DataSizeConfig                       0x200010db   Thumb Code    18  stm32f10x_spi.o(.text)
    SPI_TransmitCRC                          0x200010ed   Thumb Code    10  stm32f10x_spi.o(.text)
    SPI_CalculateCRC                         0x200010f7   Thumb Code    24  stm32f10x_spi.o(.text)
    SPI_GetCRC                               0x2000110f   Thumb Code    16  stm32f10x_spi.o(.text)
    SPI_GetCRCPolynomial                     0x2000111f   Thumb Code     6  stm32f10x_spi.o(.text)
    SPI_BiDirectionalLineConfig              0x20001125   Thumb Code    28  stm32f10x_spi.o(.text)
    SPI_I2S_GetFlagStatus                    0x20001141   Thumb Code    18  stm32f10x_spi.o(.text)
    SPI_I2S_ClearFlag                        0x20001153   Thumb Code     6  stm32f10x_spi.o(.text)
    SPI_I2S_GetITStatus                      0x20001159   Thumb Code    52  stm32f10x_spi.o(.text)
    SPI_I2S_ClearITPendingBit                0x2000118d   Thumb Code    20  stm32f10x_spi.o(.text)
    sFLASH_LowLevel_DeInit                   0x200011ad   Thumb Code    90  stm3210e_eval.o(.text)
    sFLASH_LowLevel_Init                     0x20001207   Thumb Code   100  stm3210e_eval.o(.text)
    SPI_FLASH_Init                           0x20001279   Thumb Code   250  bsp_spi_flash.o(.text)
    SPI_FLASH_SendByte                       0x20001373   Thumb Code    58  bsp_spi_flash.o(.text)
    SPI_FLASH_WaitForWriteEnd                0x200013ad   Thumb Code    46  bsp_spi_flash.o(.text)
    SPI_FLASH_WriteEnable                    0x200013db   Thumb Code    26  bsp_spi_flash.o(.text)
    SPI_FLASH_SectorErase                    0x200013f5   Thumb Code    62  bsp_spi_flash.o(.text)
    SPI_FLASH_BulkErase                      0x20001433   Thumb Code    34  bsp_spi_flash.o(.text)
    SPI_FLASH_PageWrite                      0x20001455   Thumb Code   172  bsp_spi_flash.o(.text)
    SPI_FLASH_BufferWrite                    0x20001501   Thumb Code   292  bsp_spi_flash.o(.text)
    SPI_FLASH_BufferRead                     0x20001625   Thumb Code   272  bsp_spi_flash.o(.text)
    SPI_FLASH_ReadID                         0x20001735   Thumb Code    74  bsp_spi_flash.o(.text)
    SPI_FLASH_ReadDeviceID                   0x2000177f   Thumb Code    56  bsp_spi_flash.o(.text)
    SPI_FLASH_StartReadSequence              0x200017b7   Thumb Code    42  bsp_spi_flash.o(.text)
    SPI_FLASH_ReadByte                       0x200017e1   Thumb Code    10  bsp_spi_flash.o(.text)
    SPI_FLASH_SendHalfWord                   0x200017eb   Thumb Code    48  bsp_spi_flash.o(.text)
    SPI_Flash_PowerDown                      0x2000181b   Thumb Code    26  bsp_spi_flash.o(.text)
    SPI_Flash_WAKEUP                         0x20001835   Thumb Code    26  bsp_spi_flash.o(.text)
    DMA_DeInit                               0x2000185d   Thumb Code   324  stm32f10x_dma.o(.text)
    DMA_Init                                 0x200019a1   Thumb Code    60  stm32f10x_dma.o(.text)
    DMA_StructInit                           0x200019dd   Thumb Code    26  stm32f10x_dma.o(.text)
    DMA_Cmd                                  0x200019f7   Thumb Code    24  stm32f10x_dma.o(.text)
    DMA_ITConfig                             0x20001a0f   Thumb Code    18  stm32f10x_dma.o(.text)
    DMA_SetCurrDataCounter                   0x20001a21   Thumb Code     4  stm32f10x_dma.o(.text)
    DMA_GetCurrDataCounter                   0x20001a25   Thumb Code     8  stm32f10x_dma.o(.text)
    DMA_GetFlagStatus                        0x20001a2d   Thumb Code    40  stm32f10x_dma.o(.text)
    DMA_ClearFlag                            0x20001a55   Thumb Code    22  stm32f10x_dma.o(.text)
    DMA_GetITStatus                          0x20001a6b   Thumb Code    40  stm32f10x_dma.o(.text)
    DMA_ClearITPendingBit                    0x20001a93   Thumb Code    22  stm32f10x_dma.o(.text)
    delay_init                               0x20001ab1   Thumb Code    46  delay.o(.text)
    delay_us                                 0x20001adf   Thumb Code    74  delay.o(.text)
    delay_ms                                 0x20001b29   Thumb Code    74  delay.o(.text)
    __2printf                                0x20001b85   Thumb Code    22  noretval__2printf.o(.text)
    _printf_char_file                        0x20001ba1   Thumb Code    32  _printf_char_file.o(.text)
    _printf_char_common                      0x20001bcf   Thumb Code    32  _printf_char_common.o(.text)
    ferror                                   0x20001bf5   Thumb Code     8  ferror.o(.text)
    _initio                                  0x20001bfd   Thumb Code   240  initio.o(.text)
    _terminateio                             0x20001ced   Thumb Code    64  initio.o(.text)
    _sys_open                                0x20001d59   Thumb Code    20  sys_io.o(.text)
    _sys_close                               0x20001d6d   Thumb Code    12  sys_io.o(.text)
    _sys_write                               0x20001d79   Thumb Code    16  sys_io.o(.text)
    _sys_read                                0x20001d89   Thumb Code    14  sys_io.o(.text)
    _sys_istty                               0x20001d97   Thumb Code    12  sys_io.o(.text)
    _sys_seek                                0x20001da3   Thumb Code    14  sys_io.o(.text)
    _sys_ensure                              0x20001db1   Thumb Code     2  sys_io.o(.text)
    _sys_flen                                0x20001db3   Thumb Code    12  sys_io.o(.text)
    free                                     0x20001dbf   Thumb Code    78  h1_free.o(.text)
    __printf                                 0x20001e0d   Thumb Code    40  __printf_nopercent.o(.text)
    __flsbuf                                 0x20001e35   Thumb Code   470  flsbuf.o(.text)
    __flsbuf_byte                            0x20001e35   Thumb Code     0  flsbuf.o(.text)
    __flsbuf_wide                            0x20001e35   Thumb Code     0  flsbuf.o(.text)
    setvbuf                                  0x2000200b   Thumb Code    70  setvbuf.o(.text)
    freopen                                  0x20002051   Thumb Code   158  fopen.o(.text)
    fopen                                    0x200020ef   Thumb Code    76  fopen.o(.text)
    _fclose_internal                         0x20002141   Thumb Code    76  fclose.o(.text)
    fclose                                   0x20002141   Thumb Code     0  fclose.o(.text)
    __rt_SIGRTRED                            0x2000218d   Thumb Code    14  defsig_rtred_outer.o(.text)
    __aeabi_memclr4                          0x2000219b   Thumb Code     0  rt_memclr_w.o(.text)
    __aeabi_memclr8                          0x2000219b   Thumb Code     0  rt_memclr_w.o(.text)
    __rt_memclr_w                            0x2000219b   Thumb Code    78  rt_memclr_w.o(.text)
    _memset_w                                0x2000219f   Thumb Code     0  rt_memclr_w.o(.text)
    __I$use$semihosting                      0x200021e9   Thumb Code     0  use_no_semi.o(.text)
    __use_no_semihosting_swi                 0x200021e9   Thumb Code     2  use_no_semi.o(.text)
    __semihosting_library_function           0x200021eb   Thumb Code     0  indicate_semi.o(.text)
    __rt_heap_descriptor                     0x200021ed   Thumb Code    12  rt_heap_descriptor.o(.text)
    __use_no_heap                            0x200021f9   Thumb Code     2  hguard.o(.text)
    __heap$guard                             0x200021fb   Thumb Code     2  hguard.o(.text)
    _terminate_user_alloc                    0x200021fd   Thumb Code     2  init_alloc.o(.text)
    _init_user_alloc                         0x200021ff   Thumb Code     2  init_alloc.o(.text)
    __Heap_Full                              0x20002201   Thumb Code    34  init_alloc.o(.text)
    __Heap_Broken                            0x20002223   Thumb Code     6  init_alloc.o(.text)
    _init_alloc                              0x20002229   Thumb Code    94  init_alloc.o(.text)
    malloc                                   0x20002287   Thumb Code    94  h1_alloc.o(.text)
    _fseek                                   0x200022e5   Thumb Code   242  fseek.o(.text)
    fseek                                    0x200022e5   Thumb Code     0  fseek.o(.text)
    _seterr                                  0x200023dd   Thumb Code    20  stdio.o(.text)
    _writebuf                                0x200023f1   Thumb Code    84  stdio.o(.text)
    _fflush                                  0x20002445   Thumb Code    70  stdio.o(.text)
    _deferredlazyseek                        0x2000248b   Thumb Code    60  stdio.o(.text)
    __sig_exit                               0x200024cd   Thumb Code    10  defsig_exit.o(.text)
    __rt_SIGRTRED_inner                      0x200024d9   Thumb Code    14  defsig_rtred_inner.o(.text)
    strlen                                   0x2000250d   Thumb Code    62  strlen.o(.text)
    _sys_exit                                0x2000254d   Thumb Code     8  sys_exit.o(.text)
    __Heap_Initialize                        0x20002559   Thumb Code    10  h1_init.o(.text)
    __Heap_DescSize                          0x20002563   Thumb Code     4  h1_init.o(.text)
    __Heap_ProvideMemory                     0x20002567   Thumb Code    52  h1_extend.o(.text)
    _ftell_internal                          0x2000259b   Thumb Code    66  ftell.o(.text)
    ftell                                    0x2000259b   Thumb Code     0  ftell.o(.text)
    __default_signal_display                 0x200025dd   Thumb Code    50  defsig_general.o(.text)
    __rt_SIGRTMEM                            0x2000260f   Thumb Code    14  defsig_rtmem_outer.o(.text)
    __rt_heap_escrow                         0x2000261d   Thumb Code    24  heapauxa.o(.text)
    __rt_heap_expand                         0x20002635   Thumb Code    54  heapauxa.o(.text)
    _ttywrch                                 0x20002671   Thumb Code    14  sys_wrch.o(.text)
    __aeabi_errno_addr                       0x20002681   Thumb Code    12  rt_errno_addr.o(.text)
    __errno                                  0x20002681   Thumb Code     0  rt_errno_addr.o(.text)
    __rt_errno_addr                          0x20002681   Thumb Code     0  rt_errno_addr.o(.text)
    __rt_SIGRTMEM_inner                      0x2000268d   Thumb Code    22  defsig_rtmem_inner.o(.text)
    fputc                                    0x200026dd   Thumb Code    26  fputc.o(i.fputc)
    __stdin_name                             0x200026f6   Data           4  sys_io.o(.constdata)
    __stdout_name                            0x200026fa   Data           4  sys_io.o(.constdata)
    __stderr_name                            0x200026fe   Data           4  sys_io.o(.constdata)
    SystemCoreClock                          0x2000271c   Data           4  system_stm32f10x.o(.data)
    AHBPrescTable                            0x20002720   Data          16  system_stm32f10x.o(.data)
    __aeabi_stdin                            0x20002734   Data           4  stdio_streams.o(.data)
    __aeabi_stdout                           0x20002738   Data           4  stdio_streams.o(.data)
    __aeabi_stderr                           0x2000273c   Data           4  stdio_streams.o(.data)
    StorageInfo                              0x20002744   Data         200  dev_inf.o(.constdata)
    by                                       0x20002744   Data         256  loader_src.o(.bss)
    DMA_InitStructure                        0x20002844   Data          44  bsp_spi_flash.o(.bss)
    __stdin                                  0x20002870   Data          84  stdio_streams.o(.bss)
    __stdout                                 0x200028c4   Data          84  stdio_streams.o(.bss)
    __stderr                                 0x20002918   Data          84  stdio_streams.o(.bss)



==============================================================================

Memory Map of the image

  Image entry point : Not specified.

  Load Region FLASH_LOADER (Base: 0x20000004, Size: 0x00002740, Max: 0xffffffff, PI)

    Execution Region PrgCode (Exec base: 0x20000004, Load base: 0x20000004, Size: 0x00002700, Max: 0xffffffff, PI)

    Exec Addr    Load Addr    Size         Type   Attr      Idx    E Section Name        Object

    0x20000004   0x20000004   0x00000000   Code   RO          435    .ARM.Collect$$libinit$$0000000A  c_we.l(libinit2.o)
    0x20000004   0x20000004   0x00000000   Code   RO          462    .ARM.Collect$$libinit$$00000025  c_we.l(libinit2.o)
    0x20000004   0x20000004   0x00000000   Code   RO          477    .ARM.Collect$$libshutdown$$00000004  c_we.l(libshutdown2.o)
    0x20000004   0x20000004   0x00000000   Code   RO          553    .emb_text           c_we.l(maybetermalloc1.o)
    0x20000004   0x20000004   0x00000004   Code   RO           15    .rev16_text         loader_src.o
    0x20000008   0x20000008   0x00000004   Code   RO           92    .rev16_text         stm32f10x_gpio.o
    0x2000000c   0x2000000c   0x00000004   Code   RO          112    .rev16_text         stm32f10x_rcc.o
    0x20000010   0x20000010   0x00000004   Code   RO          134    .rev16_text         system_stm32f10x.o
    0x20000014   0x20000014   0x00000004   Code   RO          160    .rev16_text         stm32_eval_spi_flash.o
    0x20000018   0x20000018   0x00000004   Code   RO          180    .rev16_text         stm32f10x_spi.o
    0x2000001c   0x2000001c   0x00000004   Code   RO          200    .rev16_text         stm3210e_eval.o
    0x20000020   0x20000020   0x00000004   Code   RO          220    .rev16_text         bsp_spi_flash.o
    0x20000024   0x20000024   0x00000004   Code   RO          259    .rev16_text         stm32f10x_dma.o
    0x20000028   0x20000028   0x00000004   Code   RO          279    .rev16_text         dma.o
    0x2000002c   0x2000002c   0x00000004   Code   RO          293    .rev16_text         delay.o
    0x20000030   0x20000030   0x00000004   Code   RO           16    .revsh_text         loader_src.o
    0x20000034   0x20000034   0x00000004   Code   RO           93    .revsh_text         stm32f10x_gpio.o
    0x20000038   0x20000038   0x00000004   Code   RO          113    .revsh_text         stm32f10x_rcc.o
    0x2000003c   0x2000003c   0x00000004   Code   RO          135    .revsh_text         system_stm32f10x.o
    0x20000040   0x20000040   0x00000004   Code   RO          161    .revsh_text         stm32_eval_spi_flash.o
    0x20000044   0x20000044   0x00000004   Code   RO          181    .revsh_text         stm32f10x_spi.o
    0x20000048   0x20000048   0x00000004   Code   RO          201    .revsh_text         stm3210e_eval.o
    0x2000004c   0x2000004c   0x00000004   Code   RO          221    .revsh_text         bsp_spi_flash.o
    0x20000050   0x20000050   0x00000004   Code   RO          260    .revsh_text         stm32f10x_dma.o
    0x20000054   0x20000054   0x00000004   Code   RO          280    .revsh_text         dma.o
    0x20000058   0x20000058   0x00000004   Code   RO          294    .revsh_text         delay.o
    0x2000005c   0x2000005c   0x0000021e   Code   RO           17    .text               loader_src.o
    0x2000027a   0x2000027a   0x00000002   PAD
    0x2000027c   0x2000027c   0x0000035c   Code   RO           94    .text               stm32f10x_gpio.o
    0x200005d8   0x200005d8   0x000003ac   Code   RO          114    .text               stm32f10x_rcc.o
    0x20000984   0x20000984   0x000001a4   Code   RO          136    .text               system_stm32f10x.o
    0x20000b28   0x20000b28   0x00000378   Code   RO          162    .text               stm32_eval_spi_flash.o
    0x20000ea0   0x20000ea0   0x0000030c   Code   RO          182    .text               stm32f10x_spi.o
    0x200011ac   0x200011ac   0x000000cc   Code   RO          202    .text               stm3210e_eval.o
    0x20001278   0x20001278   0x000005e4   Code   RO          222    .text               bsp_spi_flash.o
    0x2000185c   0x2000185c   0x00000254   Code   RO          261    .text               stm32f10x_dma.o
    0x20001ab0   0x20001ab0   0x000000d4   Code   RO          295    .text               delay.o
    0x20001b84   0x20001b84   0x0000001c   Code   RO          319    .text               c_we.l(noretval__2printf.o)
    0x20001ba0   0x20001ba0   0x00000024   Code   RO          321    .text               c_we.l(_printf_char_file.o)
    0x20001bc4   0x20001bc4   0x00000030   Code   RO          329    .text               c_we.l(_printf_char_common.o)
    0x20001bf4   0x20001bf4   0x00000008   Code   RO          331    .text               c_we.l(ferror.o)
    0x20001bfc   0x20001bfc   0x0000015c   Code   RO          337    .text               c_we.l(initio.o)
    0x20001d58   0x20001d58   0x00000066   Code   RO          345    .text               c_we.l(sys_io.o)
    0x20001dbe   0x20001dbe   0x0000004e   Code   RO          354    .text               c_we.l(h1_free.o)
    0x20001e0c   0x20001e0c   0x00000028   Code   RO          408    .text               c_we.l(__printf_nopercent.o)
    0x20001e34   0x20001e34   0x000001d6   Code   RO          410    .text               c_we.l(flsbuf.o)
    0x2000200a   0x2000200a   0x00000046   Code   RO          412    .text               c_we.l(setvbuf.o)
    0x20002050   0x20002050   0x000000f0   Code   RO          415    .text               c_we.l(fopen.o)
    0x20002140   0x20002140   0x0000004c   Code   RO          417    .text               c_we.l(fclose.o)
    0x2000218c   0x2000218c   0x0000000e   Code   RO          423    .text               c_we.l(defsig_rtred_outer.o)
    0x2000219a   0x2000219a   0x0000004e   Code   RO          427    .text               c_we.l(rt_memclr_w.o)
    0x200021e8   0x200021e8   0x00000002   Code   RO          492    .text               c_we.l(use_no_semi.o)
    0x200021ea   0x200021ea   0x00000000   Code   RO          494    .text               c_we.l(indicate_semi.o)
    0x200021ea   0x200021ea   0x00000002   PAD
    0x200021ec   0x200021ec   0x0000000c   Code   RO          497    .text               c_we.l(rt_heap_descriptor.o)
    0x200021f8   0x200021f8   0x00000004   Code   RO          502    .text               c_we.l(hguard.o)
    0x200021fc   0x200021fc   0x0000008a   Code   RO          504    .text               c_we.l(init_alloc.o)
    0x20002286   0x20002286   0x0000005e   Code   RO          510    .text               c_we.l(h1_alloc.o)
    0x200022e4   0x200022e4   0x000000f8   Code   RO          526    .text               c_we.l(fseek.o)
    0x200023dc   0x200023dc   0x000000f0   Code   RO          528    .text               c_we.l(stdio.o)
    0x200024cc   0x200024cc   0x0000000a   Code   RO          534    .text               c_we.l(defsig_exit.o)
    0x200024d6   0x200024d6   0x00000002   PAD
    0x200024d8   0x200024d8   0x00000034   Code   RO          536    .text               c_we.l(defsig_rtred_inner.o)
    0x2000250c   0x2000250c   0x0000003e   Code   RO          540    .text               c_we.l(strlen.o)
    0x2000254a   0x2000254a   0x00000002   PAD
    0x2000254c   0x2000254c   0x0000000c   Code   RO          548    .text               c_we.l(sys_exit.o)
    0x20002558   0x20002558   0x0000000e   Code   RO          555    .text               c_we.l(h1_init.o)
    0x20002566   0x20002566   0x00000034   Code   RO          557    .text               c_we.l(h1_extend.o)
    0x2000259a   0x2000259a   0x00000042   Code   RO          567    .text               c_we.l(ftell.o)
    0x200025dc   0x200025dc   0x00000032   Code   RO          575    .text               c_we.l(defsig_general.o)
    0x2000260e   0x2000260e   0x0000000e   Code   RO          577    .text               c_we.l(defsig_rtmem_outer.o)
    0x2000261c   0x2000261c   0x00000054   Code   RO          583    .text               c_we.l(heapauxa.o)
    0x20002670   0x20002670   0x0000000e   Code   RO          594    .text               c_we.l(sys_wrch.o)
    0x2000267e   0x2000267e   0x00000002   PAD
    0x20002680   0x20002680   0x0000000c   Code   RO          598    .text               c_we.l(rt_errno_addr.o)
    0x2000268c   0x2000268c   0x00000050   Code   RO          607    .text               c_we.l(defsig_rtmem_inner.o)
    0x200026dc   0x200026dc   0x0000001a   Code   RO          334    i.fputc             c_we.l(fputc.o)
    0x200026f6   0x200026f6   0x00000004   Data   RO          346    .constdata          c_we.l(sys_io.o)
    0x200026fa   0x200026fa   0x00000004   Data   RO          347    .constdata          c_we.l(sys_io.o)
    0x200026fe   0x200026fe   0x00000004   Data   RO          348    .constdata          c_we.l(sys_io.o)


    Execution Region PrgData (Exec base: 0x20002704, Load base: 0x20002704, Size: 0x00000270, Max: 0xffffffff, PI)

    Exec Addr    Load Addr    Size         Type   Attr      Idx    E Section Name        Object

    0x20002704   0x20002704   0x00000004   Data   RW          629    PDT$$ptr            anon$$obj.o
    0x20002708   0x20002708   0x00000014   Data   RW          115    .data               stm32f10x_rcc.o
    0x2000271c   0x2000271c   0x00000014   Data   RW          137    .data               system_stm32f10x.o
    0x20002730   0x20002730   0x00000004   Data   RW          296    .data               delay.o
    0x20002734   0x20002734   0x00000004   Data   RW          326    .data               c_we.l(stdio_streams.o)
    0x20002738   0x20002738   0x00000004   Data   RW          327    .data               c_we.l(stdio_streams.o)
    0x2000273c   0x2000273c   0x00000004   Data   RW          328    .data               c_we.l(stdio_streams.o)
    0x20002740   0x20002740   0x00000004   Data   RW          584    .data               c_we.l(heapauxa.o)
    0x20002744        -       0x00000100   Zero   RW           18    .bss                loader_src.o
    0x20002844        -       0x0000002c   Zero   RW          223    .bss                bsp_spi_flash.o
    0x20002870        -       0x00000054   Zero   RW          323    .bss                c_we.l(stdio_streams.o)
    0x200028c4        -       0x00000054   Zero   RW          324    .bss                c_we.l(stdio_streams.o)
    0x20002918        -       0x00000054   Zero   RW          325    .bss                c_we.l(stdio_streams.o)
    0x2000296c        -       0x00000004   Zero   RW          498    .bss                c_we.l(rt_heap_descriptor.o)
    0x20002970        -       0x00000004   Zero   RW          599    .bss                c_we.l(rt_errno_addr.o)



  Load Region DEVICE_INFO (Base: 0x20002744, Size: 0x000000c8, Max: 0xffffffff, PI)

    Execution Region DevInfo (Exec base: 0x20002744, Load base: 0x20002744, Size: 0x000000c8, Max: 0xffffffff, PI)

    Exec Addr    Load Addr    Size         Type   Attr      Idx    E Section Name        Object

    0x20002744   0x20002744   0x000000c8   Data   RO            1    .constdata          dev_inf.o


==============================================================================

Image component sizes


      Code (inc. data)   RO Data    RW Data    ZI Data      Debug   Object Name

      1516         78          0          0         44      16112   bsp_spi_flash.o
       220         18          0          4          0       1939   delay.o
         0          0        200          0          0       2738   dev_inf.o
         8          0          0          0          0        792   dma.o
       550          0          0          0        256     233109   loader_src.o
       212         14          0          0          0       1654   stm3210e_eval.o
       896          8          0          0          0       5051   stm32_eval_spi_flash.o
       604          8          0          0          0       5286   stm32f10x_dma.o
       868         38          0          0          0       6625   stm32f10x_gpio.o
       948         36          0         20          0       9816   stm32f10x_rcc.o
       788         12          0          0          0       7510   stm32f10x_spi.o
       428         36          0         20          0       2647   system_stm32f10x.o

    ----------------------------------------------------------------------
      7040        248        200         48        300     293279   Object Totals
         0          0          0          4          0          0   (incl. Generated)
         2          0          0          0          0          0   (incl. Padding)

    ----------------------------------------------------------------------

      Code (inc. data)   RO Data    RW Data    ZI Data      Debug   Library Member Name

        40          0          0          0          0         84   __printf_nopercent.o
        48          6          0          0          0         96   _printf_char_common.o
        36          4          0          0          0         80   _printf_char_file.o
        10          0          0          0          0         68   defsig_exit.o
        50          0          0          0          0         88   defsig_general.o
        80         58          0          0          0         76   defsig_rtmem_inner.o
        14          0          0          0          0         80   defsig_rtmem_outer.o
        52         38          0          0          0         76   defsig_rtred_inner.o
        14          0          0          0          0         80   defsig_rtred_outer.o
        76          0          0          0          0         88   fclose.o
         8          0          0          0          0         68   ferror.o
       470          0          0          0          0         88   flsbuf.o
       240          6          0          0          0        128   fopen.o
        26          0          0          0          0         68   fputc.o
       248          6          0          0          0         84   fseek.o
        66          0          0          0          0         76   ftell.o
        94          0          0          0          0         80   h1_alloc.o
        52          0          0          0          0         68   h1_extend.o
        78          0          0          0          0         80   h1_free.o
        14          0          0          0          0         84   h1_init.o
        84          6          0          4          0         96   heapauxa.o
         4          0          0          0          0        136   hguard.o
         0          0          0          0          0          0   indicate_semi.o
       138          0          0          0          0        168   init_alloc.o
       348         44          0          0          0        112   initio.o
         0          0          0          0          0          0   libinit2.o
         0          0          0          0          0          0   libshutdown2.o
         0          0          0          0          0          0   maybetermalloc1.o
        28          6          0          0          0         84   noretval__2printf.o
        12          4          0          0          4         64   rt_errno_addr.o
        12          4          0          0          4         64   rt_heap_descriptor.o
        78          0          0          0          0         76   rt_memclr_w.o
        70          0          0          0          0         80   setvbuf.o
       240          6          0          0          0        156   stdio.o
         0          0          0         12        252          0   stdio_streams.o
        62          0          0          0          0         76   strlen.o
        12          4          0          0          0         68   sys_exit.o
       102          0         12          0          0        240   sys_io.o
        14          0          0          0          0         76   sys_wrch.o
         2          0          0          0          0         64   use_no_semi.o

    ----------------------------------------------------------------------
      2930        192         14         16        260       3200   Library Totals
         8          0          2          0          0          0   (incl. Padding)

    ----------------------------------------------------------------------

      Code (inc. data)   RO Data    RW Data    ZI Data      Debug   Library Name

      2922        192         12         16        260       3200   c_we.l

    ----------------------------------------------------------------------
      2930        192         14         16        260       3200   Library Totals

    ----------------------------------------------------------------------

==============================================================================


      Code (inc. data)   RO Data    RW Data    ZI Data      Debug   

      9970        440        214         64        560     292835   Grand Totals
      9970        440        214         64        560     292835   ELF Image Totals
      9970        440        214         64          0          0   ROM Totals

==============================================================================

    Total RO  Size (Code + RO Data)                10184 (   9.95kB)
    Total RW  Size (RW Data + ZI Data)               624 (   0.61kB)
    Total ROM Size (Code + RO Data + RW Data)      10248 (  10.01kB)

==============================================================================

